GCASM List File (GCBASIC 2026.07.24 (Windows 64 bit) : Build 1610)

Symbols:
-X 	EQU 	30
-Y 	EQU 	26
-Z 	EQU 	18
ACBG 	EQU 	6
ACD 	EQU 	7
ACI 	EQU 	4
ACIC 	EQU 	2
ACIE 	EQU 	3
ACIS0 	EQU 	0
ACIS1 	EQU 	1
ACME 	EQU 	6
ACO 	EQU 	5
ACSR 	EQU 	48
ADATE 	EQU 	5
ADC0D 	EQU 	0
ADC1D 	EQU 	1
ADC2D 	EQU 	2
ADC3D 	EQU 	3
ADC4D 	EQU 	4
ADC5D 	EQU 	5
ADCH 	EQU 	121
ADCH0 	EQU 	0
ADCH1 	EQU 	1
ADCH2 	EQU 	2
ADCH3 	EQU 	3
ADCH4 	EQU 	4
ADCH5 	EQU 	5
ADCH6 	EQU 	6
ADCH7 	EQU 	7
ADCL 	EQU 	120
ADCL0 	EQU 	0
ADCL1 	EQU 	1
ADCL2 	EQU 	2
ADCL3 	EQU 	3
ADCL4 	EQU 	4
ADCL5 	EQU 	5
ADCL6 	EQU 	6
ADCL7 	EQU 	7
ADCSRA 	EQU 	122
ADCSRB 	EQU 	123
ADCSRD 	EQU 	173
ADEN 	EQU 	7
ADIE 	EQU 	3
ADIF 	EQU 	4
ADLAR 	EQU 	5
ADMUX 	EQU 	124
ADPS0 	EQU 	0
ADPS1 	EQU 	1
ADPS2 	EQU 	2
ADSC 	EQU 	6
ADTS0 	EQU 	0
ADTS1 	EQU 	1
ADTS2 	EQU 	2
AIN0D 	EQU 	0
AIN1D 	EQU 	1
AS2 	EQU 	5
ASSR 	EQU 	182
BASPROGRAMEND 	EQU 	78
BASPROGRAMSTART 	EQU 	60
BGEN 	EQU 	7
BLBSET 	EQU 	3
BODS 	EQU 	6
BODSE 	EQU 	5
BORF 	EQU 	2
C 	EQU 	0
C0AC0 	EQU 	3
C0BF3 	EQU 	4
C1AF5 	EQU 	5
C1BF4 	EQU 	6
C2AF6 	EQU 	0
C2BF7 	EQU 	1
C3AC2 	EQU 	3
CAL0 	EQU 	0
CAL1 	EQU 	1
CAL2 	EQU 	2
CAL3 	EQU 	3
CAL4 	EQU 	4
CAL5 	EQU 	5
CAL6 	EQU 	6
CAL7 	EQU 	7
CLKFS 	EQU 	1
CLKPCE 	EQU 	7
CLKPR 	EQU 	97
CLKPS0 	EQU 	0
CLKPS1 	EQU 	1
CLKPS2 	EQU 	2
CLKPS3 	EQU 	3
CLKSS 	EQU 	2
COM0A0 	EQU 	6
COM0A1 	EQU 	7
COM0B0 	EQU 	4
COM0B1 	EQU 	5
COM1A0 	EQU 	6
COM1A1 	EQU 	7
COM1B0 	EQU 	4
COM1B1 	EQU 	5
COM2A0 	EQU 	6
COM2A1 	EQU 	7
COM2B0 	EQU 	4
COM2B1 	EQU 	5
CP0 	EQU 	2
CP1 	EQU 	3
CPHA 	EQU 	2
CPOL 	EQU 	3
CS00 	EQU 	0
CS01 	EQU 	1
CS02 	EQU 	2
CS10 	EQU 	0
CS11 	EQU 	1
CS12 	EQU 	2
CS20 	EQU 	0
CS21 	EQU 	1
CS22 	EQU 	2
DACEN 	EQU 	3
DACO 	EQU 	4
DACON 	EQU 	160
DAL0 	EQU 	161
DALR 	EQU 	161
DAOE 	EQU 	2
DAVS0 	EQU 	0
DAVS1 	EQU 	1
DDB0 	EQU 	0
DDB1 	EQU 	1
DDB2 	EQU 	2
DDB3 	EQU 	3
DDB4 	EQU 	4
DDB5 	EQU 	5
DDB6 	EQU 	6
DDB7 	EQU 	7
DDC0 	EQU 	0
DDC1 	EQU 	1
DDC2 	EQU 	2
DDC3 	EQU 	3
DDC4 	EQU 	4
DDC5 	EQU 	5
DDC6 	EQU 	6
DDD0 	EQU 	0
DDD1 	EQU 	1
DDD2 	EQU 	2
DDD3 	EQU 	3
DDD4 	EQU 	4
DDD5 	EQU 	5
DDD6 	EQU 	6
DDD7 	EQU 	7
DDE0 	EQU 	0
DDE1 	EQU 	1
DDE2 	EQU 	2
DDE3 	EQU 	3
DDE4 	EQU 	4
DDE5 	EQU 	5
DDE6 	EQU 	6
DDE7 	EQU 	7
DDRB 	EQU 	4
DDRC 	EQU 	7
DDRD 	EQU 	10
DDRE 	EQU 	13
DELAYTEMP 	EQU 	r25
DELAYTEMP2 	EQU 	r26
DELAYUS2 	EQU 	117
DELAY_MS 	EQU 	80
DIDR0 	EQU 	126
DIDR1 	EQU 	127
DMS_INNER 	EQU 	83
DMS_OUTER 	EQU 	82
DMS_START 	EQU 	81
DOR0 	EQU 	3
DORD 	EQU 	5
ECCR 	EQU 	54
ECS0 	EQU 	0
ECS1 	EQU 	1
EEAR0 	EQU 	0
EEAR1 	EQU 	1
EEAR2 	EQU 	2
EEAR3 	EQU 	3
EEAR4 	EQU 	4
EEAR5 	EQU 	5
EEAR6 	EQU 	6
EEAR7 	EQU 	7
EEAR8 	EQU 	0
EEAR9 	EQU 	1
EEARH 	EQU 	34
EEARL 	EQU 	33
EECR 	EQU 	31
EEDR 	EQU 	32
EEDR0 	EQU 	0
EEDR1 	EQU 	1
EEDR2 	EQU 	2
EEDR3 	EQU 	3
EEDR4 	EQU 	4
EEDR5 	EQU 	5
EEDR6 	EQU 	6
EEDR7 	EQU 	7
EEMPE 	EQU 	2
EEN 	EQU 	6
EEPE 	EQU 	1
EEPM0 	EQU 	4
EEPM1 	EQU 	5
EERE 	EQU 	0
EERIE 	EQU 	3
EICRA 	EQU 	105
EIFR 	EQU 	28
EIMSK 	EQU 	29
ERN 	EQU 	5
EXCLK 	EQU 	6
EXTREF 	EQU 	1
EXTRF 	EQU 	1
FE0 	EQU 	4
FOC0A 	EQU 	7
FOC0B 	EQU 	6
FOC1A 	EQU 	7
FOC1B 	EQU 	6
FOC2A 	EQU 	7
FOC2B 	EQU 	6
GPIOR0 	EQU 	30
GPIOR00 	EQU 	0
GPIOR01 	EQU 	1
GPIOR02 	EQU 	2
GPIOR03 	EQU 	3
GPIOR04 	EQU 	4
GPIOR05 	EQU 	5
GPIOR06 	EQU 	6
GPIOR07 	EQU 	7
GPIOR1 	EQU 	42
GPIOR10 	EQU 	0
GPIOR11 	EQU 	1
GPIOR12 	EQU 	2
GPIOR13 	EQU 	3
GPIOR14 	EQU 	4
GPIOR15 	EQU 	5
GPIOR16 	EQU 	6
GPIOR17 	EQU 	7
GPIOR2 	EQU 	43
GPIOR20 	EQU 	0
GPIOR21 	EQU 	1
GPIOR22 	EQU 	2
GPIOR23 	EQU 	3
GPIOR24 	EQU 	4
GPIOR25 	EQU 	5
GPIOR26 	EQU 	6
GPIOR27 	EQU 	7
GTCCR 	EQU 	35
GUID0 	EQU 	243
GUID1 	EQU 	244
GUID2 	EQU 	245
GUID3 	EQU 	246
H 	EQU 	5
HDR 	EQU 	224
HDR0 	EQU 	0
HDR1 	EQU 	1
HDR2 	EQU 	2
HDR3 	EQU 	3
HDR4 	EQU 	4
HDR5 	EQU 	5
I 	EQU 	7
ICES1 	EQU 	6
ICF1 	EQU 	5
ICIE1 	EQU 	5
ICNC1 	EQU 	7
ICR1H 	EQU 	135
ICR1L 	EQU 	134
INITSYS 	EQU 	92
INITSYSCLEARRAMLOOP 	EQU 	97
INIYSYSCLEARRAMSTART 	EQU 	98
INT0 	EQU 	0
INT1 	EQU 	1
INTF0 	EQU 	0
INTF1 	EQU 	1
ISC00 	EQU 	0
ISC01 	EQU 	1
ISC10 	EQU 	2
ISC11 	EQU 	3
IVCE 	EQU 	0
IVSEL 	EQU 	1
IVSEL0 	EQU 	4
IVSEL1 	EQU 	5
MCUCR 	EQU 	53
MCUSR 	EQU 	52
MPCM0 	EQU 	0
MSTR 	EQU 	4
MUX0 	EQU 	0
MUX1 	EQU 	1
MUX2 	EQU 	2
MUX3 	EQU 	3
N 	EQU 	2
OCF0A 	EQU 	1
OCF0B 	EQU 	2
OCF1A 	EQU 	1
OCF1B 	EQU 	2
OCF2A 	EQU 	1
OCF2B 	EQU 	2
OCIE0A 	EQU 	1
OCIE0B 	EQU 	2
OCIE1A 	EQU 	1
OCIE1B 	EQU 	2
OCIE2A 	EQU 	1
OCIE2B 	EQU 	2
OCR0A 	EQU 	39
OCR0A_0 	EQU 	0
OCR0A_1 	EQU 	1
OCR0A_2 	EQU 	2
OCR0A_3 	EQU 	3
OCR0A_4 	EQU 	4
OCR0A_5 	EQU 	5
OCR0A_6 	EQU 	6
OCR0A_7 	EQU 	7
OCR0B 	EQU 	40
OCR0B_0 	EQU 	0
OCR0B_1 	EQU 	1
OCR0B_2 	EQU 	2
OCR0B_3 	EQU 	3
OCR0B_4 	EQU 	4
OCR0B_5 	EQU 	5
OCR0B_6 	EQU 	6
OCR0B_7 	EQU 	7
OCR1AH 	EQU 	137
OCR1AL 	EQU 	136
OCR1BH 	EQU 	139
OCR1BL 	EQU 	138
OCR2A 	EQU 	179
OCR2AUB 	EQU 	3
OCR2A_0 	EQU 	0
OCR2A_1 	EQU 	1
OCR2A_2 	EQU 	2
OCR2A_3 	EQU 	3
OCR2A_4 	EQU 	4
OCR2A_5 	EQU 	5
OCR2A_6 	EQU 	6
OCR2A_7 	EQU 	7
OCR2B 	EQU 	180
OCR2BUB 	EQU 	2
OCR2B_0 	EQU 	0
OCR2B_1 	EQU 	1
OCR2B_2 	EQU 	2
OCR2B_3 	EQU 	3
OCR2B_4 	EQU 	4
OCR2B_5 	EQU 	5
OCR2B_6 	EQU 	6
OCR2B_7 	EQU 	7
OSCCAL 	EQU 	102
OSCCAL0 	EQU 	0
OSCCAL1 	EQU 	1
OSCCAL2 	EQU 	2
OSCCAL3 	EQU 	3
OSCCAL4 	EQU 	4
OSCCAL5 	EQU 	5
OSCCAL6 	EQU 	6
OSCCAL7 	EQU 	7
OSCKEN 	EQU 	4
OSCMEN 	EQU 	5
PB0 	EQU 	0
PB1 	EQU 	1
PB2 	EQU 	2
PB3 	EQU 	3
PB4 	EQU 	4
PB5 	EQU 	5
PB6 	EQU 	6
PB7 	EQU 	7
PC0 	EQU 	0
PC1 	EQU 	1
PC2 	EQU 	2
PC3 	EQU 	3
PC4 	EQU 	4
PC5 	EQU 	5
PC6 	EQU 	6
PCICR 	EQU 	104
PCIE0 	EQU 	0
PCIE1 	EQU 	1
PCIE2 	EQU 	2
PCIE3 	EQU 	3
PCIE4 	EQU 	4
PCIF0 	EQU 	0
PCIF1 	EQU 	1
PCIF2 	EQU 	2
PCIFR 	EQU 	27
PCINT0 	EQU 	0
PCINT1 	EQU 	1
PCINT10 	EQU 	2
PCINT11 	EQU 	3
PCINT12 	EQU 	4
PCINT13 	EQU 	5
PCINT14 	EQU 	6
PCINT16 	EQU 	0
PCINT17 	EQU 	1
PCINT18 	EQU 	2
PCINT19 	EQU 	3
PCINT2 	EQU 	2
PCINT20 	EQU 	4
PCINT21 	EQU 	5
PCINT22 	EQU 	6
PCINT23 	EQU 	7
PCINT24 	EQU 	0
PCINT25 	EQU 	1
PCINT26 	EQU 	2
PCINT27 	EQU 	3
PCINT28 	EQU 	4
PCINT29 	EQU 	5
PCINT3 	EQU 	3
PCINT30 	EQU 	6
PCINT32 	EQU 	0
PCINT33 	EQU 	1
PCINT34 	EQU 	2
PCINT35 	EQU 	3
PCINT36 	EQU 	4
PCINT37 	EQU 	5
PCINT38 	EQU 	6
PCINT39 	EQU 	7
PCINT4 	EQU 	4
PCINT5 	EQU 	5
PCINT6 	EQU 	6
PCINT7 	EQU 	7
PCINT8 	EQU 	0
PCINT9 	EQU 	1
PCMSK0 	EQU 	107
PCMSK1 	EQU 	108
PCMSK2 	EQU 	109
PCMSK3 	EQU 	115
PCMSK4 	EQU 	116
PD0 	EQU 	0
PD1 	EQU 	1
PD2 	EQU 	2
PD3 	EQU 	3
PD4 	EQU 	4
PD5 	EQU 	5
PD6 	EQU 	6
PD7 	EQU 	7
PE0 	EQU 	0
PE1 	EQU 	1
PE2 	EQU 	2
PE3 	EQU 	3
PE4 	EQU 	4
PE5 	EQU 	5
PE6 	EQU 	6
PE7 	EQU 	7
PGERS 	EQU 	1
PGWRT 	EQU 	2
PINB 	EQU 	3
PINB0 	EQU 	0
PINB1 	EQU 	1
PINB2 	EQU 	2
PINB3 	EQU 	3
PINB4 	EQU 	4
PINB5 	EQU 	5
PINB6 	EQU 	6
PINB7 	EQU 	7
PINC 	EQU 	6
PINC0 	EQU 	0
PINC1 	EQU 	1
PINC2 	EQU 	2
PINC3 	EQU 	3
PINC4 	EQU 	4
PINC5 	EQU 	5
PINC6 	EQU 	6
PIND 	EQU 	9
PIND0 	EQU 	0
PIND1 	EQU 	1
PIND2 	EQU 	2
PIND3 	EQU 	3
PIND4 	EQU 	4
PIND5 	EQU 	5
PIND6 	EQU 	6
PIND7 	EQU 	7
PINE 	EQU 	12
PINE0 	EQU 	0
PINE1 	EQU 	1
PINE2 	EQU 	2
PINE3 	EQU 	3
PINE4 	EQU 	4
PINE5 	EQU 	5
PINE6 	EQU 	6
PINE7 	EQU 	7
PMCE 	EQU 	0
PMCR 	EQU 	242
PMX0 	EQU 	238
PMX1 	EQU 	237
PMX2 	EQU 	240
PORF 	EQU 	0
PORTB 	EQU 	5
PORTB0 	EQU 	0
PORTB1 	EQU 	1
PORTB2 	EQU 	2
PORTB3 	EQU 	3
PORTB4 	EQU 	4
PORTB5 	EQU 	5
PORTB6 	EQU 	6
PORTB7 	EQU 	7
PORTC 	EQU 	8
PORTC0 	EQU 	0
PORTC1 	EQU 	1
PORTC2 	EQU 	2
PORTC3 	EQU 	3
PORTC4 	EQU 	4
PORTC5 	EQU 	5
PORTC6 	EQU 	6
PORTD 	EQU 	11
PORTD0 	EQU 	0
PORTD1 	EQU 	1
PORTD2 	EQU 	2
PORTD3 	EQU 	3
PORTD4 	EQU 	4
PORTD5 	EQU 	5
PORTD6 	EQU 	6
PORTD7 	EQU 	7
PORTE 	EQU 	14
PORTE0 	EQU 	0
PORTE1 	EQU 	1
PORTE2 	EQU 	2
PORTE3 	EQU 	3
PORTE4 	EQU 	4
PORTE5 	EQU 	5
PORTE6 	EQU 	6
PORTE7 	EQU 	7
PRADC 	EQU 	0
PRR 	EQU 	100
PRSPI 	EQU 	2
PRTIM0 	EQU 	5
PRTIM1 	EQU 	3
PRTIM2 	EQU 	6
PRTWI 	EQU 	7
PRUSART0 	EQU 	1
PSR2 	EQU 	1
PSRASY 	EQU 	1
PSRSYNC 	EQU 	0
PUD 	EQU 	4
RAMEND 	EQU 	2303
RCKEN 	EQU 	6
RCMEN 	EQU 	7
RDEMPT 	EQU 	6
RDFULL 	EQU 	7
RDPTR0 	EQU 	4
RDPTR1 	EQU 	5
REFS0 	EQU 	6
REFS1 	EQU 	7
REFS2 	EQU 	6
RWWSB 	EQU 	6
RWWSRE 	EQU 	4
RXB80 	EQU 	1
RXC0 	EQU 	7
RXCIE0 	EQU 	7
RXD5 	EQU 	0
RXEN0 	EQU 	4
S 	EQU 	4
SE 	EQU 	0
SELFPRGEN 	EQU 	0
SM0 	EQU 	1
SM1 	EQU 	2
SM2 	EQU 	3
SMCR 	EQU 	51
SPCR 	EQU 	76
SPDR 	EQU 	78
SPDR0 	EQU 	0
SPDR1 	EQU 	1
SPDR2 	EQU 	2
SPDR3 	EQU 	3
SPDR4 	EQU 	4
SPDR5 	EQU 	5
SPDR6 	EQU 	6
SPDR7 	EQU 	7
SPE 	EQU 	6
SPFR 	EQU 	57
SPH 	EQU 	62
SPI2X 	EQU 	0
SPIE 	EQU 	7
SPIF 	EQU 	7
SPL 	EQU 	61
SPMCSR 	EQU 	55
SPMIE 	EQU 	7
SPR0 	EQU 	0
SPR1 	EQU 	1
SPSR 	EQU 	77
SREG 	EQU 	63
SREG_C 	EQU 	0
SREG_H 	EQU 	5
SREG_I 	EQU 	7
SREG_N 	EQU 	2
SREG_S 	EQU 	4
SREG_T 	EQU 	6
SREG_V 	EQU 	3
SREG_Z 	EQU 	1
SSB1 	EQU 	2
SWM 	EQU 	4
SYSDOLOOP_E1 	EQU 	77
SYSDOLOOP_S1 	EQU 	66
SYSTEMP1 	EQU 	r0
SYSTEMP2 	EQU 	r16
SYSVALUECOPY 	EQU 	r21
SYSWAITTEMPMS 	EQU 	r29
SYSWAITTEMPMS_H 	EQU 	r30
SYSWAITTEMPUS 	EQU 	r27
SYSWAITTEMPUS_H 	EQU 	r28
T 	EQU 	6
TCCR0A 	EQU 	36
TCCR0B 	EQU 	37
TCCR1A 	EQU 	128
TCCR1B 	EQU 	129
TCCR1C 	EQU 	130
TCCR2A 	EQU 	176
TCCR2B 	EQU 	177
TCN2UB 	EQU 	4
TCNT0 	EQU 	38
TCNT0_0 	EQU 	0
TCNT0_1 	EQU 	1
TCNT0_2 	EQU 	2
TCNT0_3 	EQU 	3
TCNT0_4 	EQU 	4
TCNT0_5 	EQU 	5
TCNT0_6 	EQU 	6
TCNT0_7 	EQU 	7
TCNT1H 	EQU 	133
TCNT1L 	EQU 	132
TCNT2 	EQU 	178
TCNT2_0 	EQU 	0
TCNT2_1 	EQU 	1
TCNT2_2 	EQU 	2
TCNT2_3 	EQU 	3
TCNT2_4 	EQU 	4
TCNT2_5 	EQU 	5
TCNT2_6 	EQU 	6
TCNT2_7 	EQU 	7
TCR2AUB 	EQU 	1
TCR2BUB 	EQU 	0
TIFR0 	EQU 	21
TIFR1 	EQU 	22
TIFR2 	EQU 	23
TIMSK0 	EQU 	110
TIMSK1 	EQU 	111
TIMSK2 	EQU 	112
TOIE0 	EQU 	0
TOIE1 	EQU 	0
TOIE2 	EQU 	0
TOIE2A 	EQU 	0
TOV0 	EQU 	0
TOV1 	EQU 	0
TOV2 	EQU 	0
TSM 	EQU 	7
TWA0 	EQU 	1
TWA1 	EQU 	2
TWA2 	EQU 	3
TWA3 	EQU 	4
TWA4 	EQU 	5
TWA5 	EQU 	6
TWA6 	EQU 	7
TWAM0 	EQU 	1
TWAM1 	EQU 	2
TWAM2 	EQU 	3
TWAM3 	EQU 	4
TWAM4 	EQU 	5
TWAM5 	EQU 	6
TWAM6 	EQU 	7
TWAMR 	EQU 	189
TWAMR0 	EQU 	1
TWAMR1 	EQU 	2
TWAMR2 	EQU 	3
TWAMR3 	EQU 	4
TWAMR4 	EQU 	5
TWAMR5 	EQU 	6
TWAMR6 	EQU 	7
TWAR 	EQU 	186
TWBR 	EQU 	184
TWBR0 	EQU 	0
TWBR1 	EQU 	1
TWBR2 	EQU 	2
TWBR3 	EQU 	3
TWBR4 	EQU 	4
TWBR5 	EQU 	5
TWBR6 	EQU 	6
TWBR7 	EQU 	7
TWCR 	EQU 	188
TWD0 	EQU 	0
TWD1 	EQU 	1
TWD2 	EQU 	2
TWD3 	EQU 	3
TWD4 	EQU 	4
TWD5 	EQU 	5
TWD6 	EQU 	6
TWD7 	EQU 	7
TWDR 	EQU 	187
TWEA 	EQU 	6
TWEN 	EQU 	2
TWGCE 	EQU 	0
TWIE 	EQU 	0
TWINT 	EQU 	7
TWPS0 	EQU 	0
TWPS1 	EQU 	1
TWS3 	EQU 	3
TWS4 	EQU 	4
TWS5 	EQU 	5
TWS6 	EQU 	6
TWS7 	EQU 	7
TWSR 	EQU 	185
TWSTA 	EQU 	5
TWSTO 	EQU 	4
TWWC 	EQU 	3
TXB80 	EQU 	0
TXC0 	EQU 	6
TXCIE0 	EQU 	6
TXD6 	EQU 	1
TXEN0 	EQU 	3
U2X0 	EQU 	1
UBRR0H 	EQU 	197
UBRR0L 	EQU 	196
UBRR10 	EQU 	2
UBRR11 	EQU 	3
UBRR2 	EQU 	2
UBRR3 	EQU 	3
UBRR4 	EQU 	4
UBRR5 	EQU 	5
UBRR6 	EQU 	6
UBRR7 	EQU 	7
UBRR8 	EQU 	0
UBRR9 	EQU 	1
UCPHA0 	EQU 	1
UCPOL0 	EQU 	0
UCSR0A 	EQU 	192
UCSR0B 	EQU 	193
UCSR0C 	EQU 	194
UCSZ00 	EQU 	1
UCSZ01 	EQU 	2
UCSZ02 	EQU 	2
UDORD0 	EQU 	2
UDR0 	EQU 	198
UDR0_0 	EQU 	0
UDR0_1 	EQU 	1
UDR0_2 	EQU 	2
UDR0_3 	EQU 	3
UDR0_4 	EQU 	4
UDR0_5 	EQU 	5
UDR0_6 	EQU 	6
UDR0_7 	EQU 	7
UDRE0 	EQU 	5
UDRIE0 	EQU 	5
UMSEL0 	EQU 	6
UMSEL00 	EQU 	6
UMSEL01 	EQU 	7
UMSEL1 	EQU 	7
UPE0 	EQU 	2
UPM00 	EQU 	4
UPM01 	EQU 	5
USBS0 	EQU 	3
V 	EQU 	3
VCAL 	EQU 	200
VCAL1 	EQU 	205
VCAL2 	EQU 	206
VCAL3 	EQU 	204
VDS00 	EQU 	0
VDS01 	EQU 	1
VDS02 	EQU 	2
WCE 	EQU 	7
WCLKS 	EQU 	3
WCOL 	EQU 	6
WDCE 	EQU 	4
WDE 	EQU 	3
WDIE 	EQU 	6
WDIF 	EQU 	7
WDP0 	EQU 	0
WDP1 	EQU 	1
WDP2 	EQU 	2
WDP3 	EQU 	5
WDRF 	EQU 	3
WDTCSR 	EQU 	96
WEN 	EQU 	7
WGM00 	EQU 	0
WGM01 	EQU 	1
WGM02 	EQU 	3
WGM10 	EQU 	0
WGM11 	EQU 	1
WGM12 	EQU 	3
WGM13 	EQU 	4
WGM20 	EQU 	0
WGM21 	EQU 	1
WGM22 	EQU 	3
WREMPT 	EQU 	2
WRFULL 	EQU 	3
WRPTR0 	EQU 	0
WRPTR1 	EQU 	1
X 	EQU 	28
X+ 	EQU 	29
Y 	EQU 	8
Y+ 	EQU 	25
Z 	EQU 	1
Z+ 	EQU 	17
_BTMP 	EQU 	DELAYTEMP
_UBRR0 	EQU 	0
_UBRR1 	EQU 	1
rZ 	EQU 	0

Code:
Loc	Obj Code	Original Assembly

	K	1001 010K KKKK 110K:KKKK KKKK KKKK KKKK	60
000000	940C 003C	JMP BASPROGRAMSTART

	K	1001 010K KKKK 110K:KKKK KKKK KKKK KKKK	0
000002	940C 0000	JMP 0

	K	1001 010K KKKK 110K:KKKK KKKK KKKK KKKK	0
000004	940C 0000	JMP 0

	K	1001 010K KKKK 110K:KKKK KKKK KKKK KKKK	0
000006	940C 0000	JMP 0

	K	1001 010K KKKK 110K:KKKK KKKK KKKK KKKK	0
000008	940C 0000	JMP 0

	K	1001 010K KKKK 110K:KKKK KKKK KKKK KKKK	0
00000A	940C 0000	JMP 0

	K	1001 010K KKKK 110K:KKKK KKKK KKKK KKKK	0
00000C	940C 0000	JMP 0

	K	1001 010K KKKK 110K:KKKK KKKK KKKK KKKK	0
00000E	940C 0000	JMP 0

	K	1001 010K KKKK 110K:KKKK KKKK KKKK KKKK	0
000010	940C 0000	JMP 0

	K	1001 010K KKKK 110K:KKKK KKKK KKKK KKKK	0
000012	940C 0000	JMP 0

	K	1001 010K KKKK 110K:KKKK KKKK KKKK KKKK	0
000014	940C 0000	JMP 0

	K	1001 010K KKKK 110K:KKKK KKKK KKKK KKKK	0
000016	940C 0000	JMP 0

	K	1001 010K KKKK 110K:KKKK KKKK KKKK KKKK	0
000018	940C 0000	JMP 0

	K	1001 010K KKKK 110K:KKKK KKKK KKKK KKKK	0
00001A	940C 0000	JMP 0

	K	1001 010K KKKK 110K:KKKK KKKK KKKK KKKK	0
00001C	940C 0000	JMP 0

	K	1001 010K KKKK 110K:KKKK KKKK KKKK KKKK	0
00001E	940C 0000	JMP 0

	K	1001 010K KKKK 110K:KKKK KKKK KKKK KKKK	0
000020	940C 0000	JMP 0

	K	1001 010K KKKK 110K:KKKK KKKK KKKK KKKK	0
000022	940C 0000	JMP 0

	K	1001 010K KKKK 110K:KKKK KKKK KKKK KKKK	0
000024	940C 0000	JMP 0

	K	1001 010K KKKK 110K:KKKK KKKK KKKK KKKK	0
000026	940C 0000	JMP 0

	K	1001 010K KKKK 110K:KKKK KKKK KKKK KKKK	0
000028	940C 0000	JMP 0

	K	1001 010K KKKK 110K:KKKK KKKK KKKK KKKK	0
00002A	940C 0000	JMP 0

	K	1001 010K KKKK 110K:KKKK KKKK KKKK KKKK	0
00002C	940C 0000	JMP 0

	K	1001 010K KKKK 110K:KKKK KKKK KKKK KKKK	0
00002E	940C 0000	JMP 0

	K	1001 010K KKKK 110K:KKKK KKKK KKKK KKKK	0
000030	940C 0000	JMP 0

	K	1001 010K KKKK 110K:KKKK KKKK KKKK KKKK	0
000032	940C 0000	JMP 0

	K	1001 010K KKKK 110K:KKKK KKKK KKKK KKKK	0
000036	940C 0000	JMP 0

	K	1001 010K KKKK 110K:KKKK KKKK KKKK KKKK	0
000038	940C 0000	JMP 0

	K	1001 010K KKKK 110K:KKKK KKKK KKKK KKKK	0
00003A	940C 0000	JMP 0



		BASPROGRAMSTART
	D	  1110 KKKK DDDD KKKK	21
	K	  1110 KKKK 0101 KKKK	8
00003C	E058	LDI SYSVALUECOPY,HIGH(RAMEND)
	A	  1011 1AAR RRRR AAAA	62
	R	  1011 111R RRRR 1110	21
00003D	BF5E	OUT SPH, SYSVALUECOPY
	D	  1110 KKKK DDDD KKKK	21
	K	  1110 KKKK 0101 KKKK	255
00003E	EF5F	LDI SYSVALUECOPY,LOW(RAMEND)
	A	  1011 1AAR RRRR AAAA	61
	R	  1011 111R RRRR 1101	21
00003F	BF5D	OUT SPL, SYSVALUECOPY
	K	  1101 KKKK KKKK KKKK	27
000040	D01B	RCALL INITSYS

	A	  1001 1010 AAAA ABBB	4
	B	  1001 1010 0010 0BBB	5
000041	9A25	SBI DDRB,5
		SYSDOLOOP_S1
	D	  0010 01RD DDDD RRRR	0
	R	  0010 01R0 0000 RRRR	0
000042	2400	CLR SYSTEMP1
	A	  1001 1001 AAAA ABBB	3
	B	  1001 1001 0001 1BBB	5
000043	991D	SBIC PINB,5
	D	  1001 010D DDDD 0011	0
000044	9403	INC SYSTEMP1
	D	  1001 010D DDDD 0000	0
000045	9400	COM SYSTEMP1
	A	  1001 1000 AAAA ABBB	5
	B	  1001 1000 0010 1BBB	5
000046	982D	CBI PORTB,5
	R	  1111 110R RRRR 0BBB	0
	B	  1111 1100 0000 0BBB	0
000047	FC00	SBRC SYSTEMP1,0
	A	  1001 1010 AAAA ABBB	5
	B	  1001 1010 0010 1BBB	5
000048	9A2D	SBI PORTB,5
	D	  1110 KKKK DDDD KKKK	29
	K	  1110 KKKK 1101 KKKK	244
000049	EFD4	LDI SYSWAITTEMPMS,244
	D	  1110 KKKK DDDD KKKK	30
	K	  1110 KKKK 1110 KKKK	1
00004A	E0E1	LDI SYSWAITTEMPMS_H,1
	K	  1101 KKKK KKKK KKKK	4
00004B	D004	RCALL DELAY_MS
	K	  1100 KKKK KKKK KKKK	4085
00004C	CFF5	RJMP SYSDOLOOP_S1
		SYSDOLOOP_E1
	K	  1100 KKKK KKKK KKKK	0
00004D	C000	RJMP BASPROGRAMEND
		BASPROGRAMEND
00004E	9588	SLEEP
	K	  1100 KKKK KKKK KKKK	4094
00004F	CFFE	RJMP BASPROGRAMEND


		DELAY_MS
	D	  1001 010D DDDD 0011	30
000050	95E3	INC SYSWAITTEMPMS_H
		DMS_START
	D	  1110 KKKK DDDD KKKK	26
	K	  1110 KKKK 1010 KKKK	254
000051	EFAE	LDI DELAYTEMP2,254
		DMS_OUTER
	D	  1110 KKKK DDDD KKKK	25
	K	  1110 KKKK 1001 KKKK	41
000052	E299	LDI DELAYTEMP,41
		DMS_INNER
	D	  1001 010D DDDD 1010	25
000053	959A	DEC DELAYTEMP
	K	  1111 01KK KKKK K001	126
000054	F7F1	BRNE DMS_INNER
	D	  1001 010D DDDD 1010	26
000055	95AA	DEC DELAYTEMP2
	K	  1111 01KK KKKK K001	123
000056	F7D9	BRNE DMS_OUTER
	D	  1001 010D DDDD 1010	29
000057	95DA	DEC SYSWAITTEMPMS
	K	  1111 01KK KKKK K001	120
000058	F7C1	BRNE DMS_START
	D	  1001 010D DDDD 1010	30
000059	95EA	DEC SYSWAITTEMPMS_H
	K	  1111 01KK KKKK K001	118
00005A	F7B1	BRNE DMS_START
00005B	9508	RET


		INITSYS
	D	  0010 01RD DDDD RRRR	1
	R	  0010 01R0 0001 RRRR	1
00005C	2411	EOR R1, R1
	D	  1110 KKKK DDDD KKKK	18
	K	  1110 KKKK 0010 KKKK	7
00005D	E027	LDI R18, HIGH(RAMEND) -1
	D	  1110 KKKK DDDD KKKK	26
	K	  1110 KKKK 1010 KKKK	0
00005E	E0A0	LDI R26, 0
	D	  1110 KKKK DDDD KKKK	27
	K	  1110 KKKK 1011 KKKK	1
00005F	E0B1	LDI R27, 1
	K	  1100 KKKK KKKK KKKK	1
000060	C001	RJMP INIYSYSCLEARRAMSTART
		INITSYSCLEARRAMLOOP
	D	  100D 001R RRRR DDDD	29
	R	  1001 001R RRRR 1101	1
000061	921D	ST X+, R1
		INIYSYSCLEARRAMSTART
	D	  0011 KKKK DDDD KKKK	26
	K	  0011 KKKK 1010 KKKK	255
000062	3FAF	CPI R26, LOW(RAMEND)
	D	  0000 01RD DDDD RRRR	27
	R	  0000 01R1 1011 RRRR	18
000063	07B2	CPC R27, R18
	K	  1111 01KK KKKK K001	124
000064	F7E1	BRNE INITSYSCLEARRAMLOOP
	D	  100D 001R RRRR DDDD	29
	R	  1001 001R RRRR 1101	1
000065	921D	ST X+, R1
	D	  1110 KKKK DDDD KKKK	21
	K	  1110 KKKK 0101 KKKK	255
000066	EF5F	LDI SYSVALUECOPY,255
	A	  1011 1AAR RRRR AAAA	52
	R	  1011 111R RRRR 0100	21
000067	BF54	OUT MCUSR,SYSVALUECOPY
	D	  1110 KKKK DDDD KKKK	21
	K	  1110 KKKK 0101 KKKK	255
000068	EF5F	LDI SYSVALUECOPY,255
	A	  1011 1AAR RRRR AAAA	52
	R	  1011 111R RRRR 0100	21
000069	BF54	OUT MCUSR,SYSVALUECOPY
	D	  1110 KKKK DDDD KKKK	16
	K	  1110 KKKK 0000 KKKK	15
00006A	E00F	LDI SYSTEMP2,15
	D	1001 000D DDDD 0000:KKKK KKKK KKKK KKKK	0
	K	1001 0000 0000 0000:KKKK KKKK KKKK KKKK	242
00006B	9000 00F2	LDS SYSTEMP1,PMCR
	D	  0010 10RD DDDD RRRR	0
	R	  0010 10R0 0000 RRRR	16
00006D	2A00	OR SYSTEMP1,SYSTEMP2
	D	  0010 11RD DDDD RRRR	25
	R	  0010 11R1 1001 RRRR	0
00006E	2D90	MOV _BTMP,SYSTEMP1
	D	  1110 KKKK DDDD KKKK	21
	K	  1110 KKKK 0101 KKKK	128
00006F	E850	LDI SYSVALUECOPY,128
	K	1001 001D DDDD 0000:KKKK KKKK KKKK KKKK	242
	D	1001 001D DDDD 0000:0000 0000 1111 0010	21
000070	9350 00F2	STS PMCR,SYSVALUECOPY
	K	1001 001D DDDD 0000:KKKK KKKK KKKK KKKK	242
	D	1001 001D DDDD 0000:0000 0000 1111 0010	25
000072	9390 00F2	STS PMCR,_BTMP
	D	  1110 KKKK DDDD KKKK	25
	K	  1110 KKKK 1001 KKKK	213
000074	ED95	LDI DELAYTEMP,213
		DELAYUS2
	D	  1001 010D DDDD 1010	25
000075	959A	DEC DELAYTEMP
	K	  1111 01KK KKKK K001	126
000076	F7F1	BRNE DELAYUS2
000077	0000	NOP
	D	  1110 KKKK DDDD KKKK	16
	K	  1110 KKKK 0000 KKKK	159
000078	E90F	LDI SYSTEMP2,159
	D	1001 000D DDDD 0000:KKKK KKKK KKKK KKKK	0
	K	1001 0000 0000 0000:KKKK KKKK KKKK KKKK	242
000079	9000 00F2	LDS SYSTEMP1,PMCR
	D	  0010 00RD DDDD RRRR	0
	R	  0010 00R0 0000 RRRR	16
00007B	2200	AND SYSTEMP1,SYSTEMP2
	D	  0010 11RD DDDD RRRR	25
	R	  0010 11R1 1001 RRRR	0
00007C	2D90	MOV _BTMP,SYSTEMP1
	D	  1110 KKKK DDDD KKKK	21
	K	  1110 KKKK 0101 KKKK	128
00007D	E850	LDI SYSVALUECOPY,128
	K	1001 001D DDDD 0000:KKKK KKKK KKKK KKKK	242
	D	1001 001D DDDD 0000:0000 0000 1111 0010	21
00007E	9350 00F2	STS PMCR,SYSVALUECOPY
	K	1001 001D DDDD 0000:KKKK KKKK KKKK KKKK	242
	D	1001 001D DDDD 0000:0000 0000 1111 0010	25
000080	9390 00F2	STS PMCR,_BTMP
000082	0000	NOP
000083	0000	NOP
	D	  1110 KKKK DDDD KKKK	21
	K	  1110 KKKK 0101 KKKK	128
000084	E850	LDI SYSVALUECOPY,128
	K	1001 001D DDDD 0000:KKKK KKKK KKKK KKKK	97
	D	1001 001D DDDD 0000:0000 0000 0110 0001	21
000085	9350 0061	STS CLKPR,SYSVALUECOPY
	D	  1110 KKKK DDDD KKKK	21
	K	  1110 KKKK 0101 KKKK	0
000087	E050	LDI SYSVALUECOPY,0
	K	1001 001D DDDD 0000:KKKK KKKK KKKK KKKK	97
	D	1001 001D DDDD 0000:0000 0000 0110 0001	21
000088	9350 0061	STS CLKPR,SYSVALUECOPY
00008A	0000	NOP
00008B	0000	NOP
	D	  1110 KKKK DDDD KKKK	21
	K	  1110 KKKK 0101 KKKK	128
00008C	E850	LDI SYSVALUECOPY,128
	A	  1011 1AAR RRRR AAAA	54
	R	  1011 111R RRRR 0110	21
00008D	BF56	OUT ECCR,SYSVALUECOPY
	D	  1110 KKKK DDDD KKKK	21
	K	  1110 KKKK 0101 KKKK	64
00008E	E450	LDI SYSVALUECOPY,64
	A	  1011 1AAR RRRR AAAA	54
	R	  1011 111R RRRR 0110	21
00008F	BF56	OUT ECCR,SYSVALUECOPY
	D	  1110 KKKK DDDD KKKK	21
	K	  1110 KKKK 0101 KKKK	0
000090	E050	LDI SYSVALUECOPY,0
	A	  1011 1AAR RRRR AAAA	5
	R	  1011 100R RRRR 0101	21
000091	B955	OUT PORTB,SYSVALUECOPY
	D	  1110 KKKK DDDD KKKK	21
	K	  1110 KKKK 0101 KKKK	0
000092	E050	LDI SYSVALUECOPY,0
	A	  1011 1AAR RRRR AAAA	8
	R	  1011 100R RRRR 1000	21
000093	B958	OUT PORTC,SYSVALUECOPY
	D	  1110 KKKK DDDD KKKK	21
	K	  1110 KKKK 0101 KKKK	0
000094	E050	LDI SYSVALUECOPY,0
	A	  1011 1AAR RRRR AAAA	11
	R	  1011 100R RRRR 1011	21
000095	B95B	OUT PORTD,SYSVALUECOPY
	D	  1110 KKKK DDDD KKKK	21
	K	  1110 KKKK 0101 KKKK	0
000096	E050	LDI SYSVALUECOPY,0
	A	  1011 1AAR RRRR AAAA	14
	R	  1011 100R RRRR 1110	21
000097	B95E	OUT PORTE,SYSVALUECOPY
000098	9508	RET


