Microchip MPLAB XC8 PIC(R) Assembler V4.00

Linker command line:

-W-3 --edf=C:\GCstudio\picas\v4.00\pic\dat\20260614213421_en.msgs -cs \
  -h+D:\GreatCowBASICGits\Demonstration_Sources.git\Vendor_Boards\Microchip_PICDEM 2 plus_board_2010\18f\090_reversible_leds_with_variable_delay.build\090_reversible_leds_with_variable_delay.sym \
  --cmf=D:\GreatCowBASICGits\Demonstration_Sources.git\Vendor_Boards\Microchip_PICDEM 2 plus_board_2010\18f\090_reversible_leds_with_variable_delay.build\090_reversible_leds_with_variable_delay.cmf \
  -z -Q18F46Q35 \
  -oC:\Users\admin\AppData\Local\Temp\xcAsqxc.0\driver_tmp_3.o \
  --fixupoverflow=error -ver=XC8 PIC(R) Assembler --fixupoverflow=lstwarn \
  -MD:\GreatCowBASICGits\Demonstration_Sources.git\Vendor_Boards\Microchip_PICDEM 2 plus_board_2010\18f\090_reversible_leds_with_variable_delay.build\090_reversible_leds_with_variable_delay.map \
  -E1 -ACODE=00h-0FFFFh -ACONST=00h-0FFFFh -ASMALLCONST=01600h-016FFhx234 \
  -AMEDIUMCONST=01600h-0FFFFh -ACOMRAM=0500h-055Fh -AABS1=0500h-014FFh \
  -ABIGRAM=0500h-014FFh -ARAM=0560h-05FFh,0600h-06FFhx15 \
  -ABANK5=0560h-05FFh -ABANK6=0600h-06FFh -ABANK7=0700h-07FFh \
  -ABANK8=0800h-08FFh -ABANK9=0900h-09FFh -ABANK10=0A00h-0AFFh \
  -ABANK11=0B00h-0BFFh -ABANK12=0C00h-0CFFh -ABANK13=0D00h-0DFFh \
  -ABANK14=0E00h-0EFFh -ABANK15=0F00h-0FFFh -ABANK16=01000h-010FFh \
  -ABANK17=01100h-011FFh -ABANK18=01200h-012FFh -ABANK19=01300h-013FFh \
  -ABANK20=01400h-014FFh \
  -ASFR=00h-0FFhx4,0400h-045Fh,0460h-04FFh,01500h-015FFh \
  -ABIGSFR=00h-04FFh,01500h-015FFh -ACONFIG=0300015h-0300015h \
  -AIDLOC=0200000h-020003Fh -AEEDATA=0380000h-03800FFh \
  D:\GreatCowBASICGits\Demonstration_Sources.git\Vendor_Boards\Microchip_PICDEM 2 plus_board_2010\18f\090_reversible_leds_with_variable_delay.build\090_reversible_leds_with_variable_delay.o 

Object code version is 3.11

Machine type is 18F46Q35



                Name                               Link     Load   Length Selector   Space Scale
D:\GreatCowBASICGits\Demonstration_Sources.git\Vendor_Boards\Microchip_PICDEM 2 plus_board_2010\18f\090_reversible_leds_with_variable_delay.build\090_reversible_leds_with_variable_delay.o
                config                           300000   300000       15        0       4
                RESETVEC                              0        0      538        0       0

TOTAL           Name                               Link     Load   Length     Space
        CLASS   CODE           

        CLASS   CONST          

        CLASS   SMALLCONST     

        CLASS   MEDIUMCONST    

        CLASS   COMRAM         

        CLASS   ABS1           

        CLASS   BIGRAM         

        CLASS   RAM            

        CLASS   BANK5          

        CLASS   BANK6          

        CLASS   BANK7          

        CLASS   BANK8          

        CLASS   BANK9          

        CLASS   BANK10         

        CLASS   BANK11         

        CLASS   BANK12         

        CLASS   BANK13         

        CLASS   BANK14         

        CLASS   BANK15         

        CLASS   BANK16         

        CLASS   BANK17         

        CLASS   BANK18         

        CLASS   BANK19         

        CLASS   BANK20         

        CLASS   SFR            

        CLASS   BIGSFR         

        CLASS   CONFIG         
                config                           300000   300000       15         4

        CLASS   IDLOC          

        CLASS   EEDATA         

        CLASS   UNCLASSED
                RESETVEC                              0        0      538         0


SEGMENTS        Name                           Load    Length   Top    Selector   Space  Class



UNUSED ADDRESS RANGES

        Name                Unused          Largest block    Delta
        BANK10           000A00-000AFF              100
        BANK11           000B00-000BFF              100
        BANK12           000C00-000CFF              100
        BANK13           000D00-000DFF              100
        BANK14           000E00-000EFF              100
        BANK15           000F00-000FFF              100
        BANK16           001000-0010FF              100
        BANK17           001100-0011FF              100
        BANK18           001200-0012FF              100
        BANK19           001300-0013FF              100
        BANK20           001400-0014FF              100
        BANK5            000560-0005FF               A0
        BANK6            000600-0006FF              100
        BANK7            000700-0007FF              100
        BANK8            000800-0008FF              100
        BANK9            000900-0009FF              100
        BIGRAM           000538-0014FF              FC8
        BIGSFR           001500-0015FF              100
        CODE             000538-00FFFF             FAC8
        COMRAM           000500-00055F               60
        CONFIG           300015-300015                1
        CONST            000538-00FFFF             FAC8
        EEDATA           380000-3800FF              100
        IDLOC            200000-20003F               40
        MEDIUMCONST      001600-00FFFF             EA00
        RAM              000560-0014FF              100
        SFR              001500-0015FF              100
        SMALLCONST       001600-00FFFF              100

                                  Symbol Table

ADREADPORT        (abs)        00050D  BASPROGRAMEND     RESETVEC     0000AE
BASPROGRAMSTART   RESETVEC     00000C  D10US_START       RESETVEC     0000B2
DEBUGTRACK        (abs)        00050E  DELAYTEMP         (abs)        000500
DELAYTEMP2        (abs)        000501  DELAYUS0          RESETVEC     0000B6
DELAY_10US        RESETVEC     0000B2  DELAY_MS          RESETVEC     0000C0
DMS_INNER         RESETVEC     0000CA  DMS_OUTER         RESETVEC     0000C6
DMS_START         RESETVEC     0000C2  ELSE3_1           RESETVEC     0000A4
ELSE4_1           RESETVEC     00009E  ELSE8_1           RESETVEC     0000EE
ELSE9_1           RESETVEC     000112  ENDIF13           RESETVEC     0004F4
ENDIF15           RESETVEC     000454  ENDIF16           RESETVEC     000492
ENDIF2            RESETVEC     000090  ENDIF3            RESETVEC     0000AC
ENDIF4            RESETVEC     0000A0  ENDIF8            RESETVEC     0000F0
ENDIF9            RESETVEC     000114  FN_FUNCKEYPRESSED RESETVEC     0000DC
FN_READAD8        RESETVEC     000160  FN_SCALE81        RESETVEC     000324
INITSYS           RESETVEC     000124  LEDPORTSTATE      (abs)        00050F
L_CALIBRATE       (abs)        000510  L_CALIBRATE_H     (abs)        000511
L_FROMHIGH        (abs)        000512  L_FROMHIGH_H      (abs)        000513
L_FROMLOW         (abs)        000514  L_FROMLOW_H       (abs)        000515
L_MAP             (abs)        000516  L_MAP_H           (abs)        000517
L_SYSCALC         (abs)        000518  L_SYSCALCF        (abs)        00051A
L_SYSCALCF_E      (abs)        00051D  L_SYSCALCF_H      (abs)        00051B
L_SYSCALCF_U      (abs)        00051C  L_SYSCALC_H       (abs)        000519
L_TOHIGH          (abs)        00051E  L_TOHIGH_H        (abs)        00051F
L_TOLOW           (abs)        000520  L_TOLOW_H         (abs)        000521
MUL32LOOP         RESETVEC     0004E0  MYDELAY           (abs)        000522
MYDELAY_H         (abs)        000523  READAD            (abs)        000524
SCALE             (abs)        000525  SCALE_H           (abs)        000526
SCLT32TRUE        RESETVEC     000400  SYSBITVAR0        (abs)        000527
SYSBYTETEMPX      (abs)        000500  SYSCOMPEQUAL32    RESETVEC     0003BA
SYSCOMPLESSTHAN32 RESETVEC     0003D8  SYSDIV32START     RESETVEC     000458
SYSDIVLOOP        (abs)        000504  SYSDIVSUB32       RESETVEC     000404
SYSDOLOOP_E1      RESETVEC     0000AE  SYSDOLOOP_S1      RESETVEC     00002A
SYSLONGDIVMULTA   (abs)        000528  SYSLONGDIVMULTA_E (abs)        00052B
SYSLONGDIVMULTA_H (abs)        000529  SYSLONGDIVMULTA_U (abs)        00052A
SYSLONGDIVMULTB   (abs)        00052C  SYSLONGDIVMULTB_E (abs)        00052F
SYSLONGDIVMULTB_H (abs)        00052D  SYSLONGDIVMULTB_U (abs)        00052E
SYSLONGDIVMULTX   (abs)        000530  SYSLONGDIVMULTX_E (abs)        000533
SYSLONGDIVMULTX_H (abs)        000531  SYSLONGDIVMULTX_U (abs)        000532
SYSLONGTEMPA      (abs)        000505  SYSLONGTEMPA_E    (abs)        000508
SYSLONGTEMPA_H    (abs)        000506  SYSLONGTEMPA_U    (abs)        000507
SYSLONGTEMPB      (abs)        000509  SYSLONGTEMPB_E    (abs)        00050C
SYSLONGTEMPB_H    (abs)        00050A  SYSLONGTEMPB_U    (abs)        00050B
SYSLONGTEMPX      (abs)        000500  SYSLONGTEMPX_E    (abs)        000503
SYSLONGTEMPX_H    (abs)        000501  SYSLONGTEMPX_U    (abs)        000502
SYSMULTSUB32      RESETVEC     0004B8  SYSREADADBYTE     (abs)        000524
SYSSCALEWORD      (abs)        000525  SYSSCALEWORD_H    (abs)        000526
SYSSELECT1CASE1   RESETVEC     000168  SYSSELECT1CASE10  RESETVEC     0001E2
SYSSELECT1CASE11  RESETVEC     0001F0  SYSSELECT1CASE12  RESETVEC     0001FE
SYSSELECT1CASE13  RESETVEC     00020C  SYSSELECT1CASE14  RESETVEC     00021A
SYSSELECT1CASE15  RESETVEC     000228  SYSSELECT1CASE16  RESETVEC     000236
SYSSELECT1CASE17  RESETVEC     000244  SYSSELECT1CASE18  RESETVEC     000252
SYSSELECT1CASE19  RESETVEC     000260  SYSSELECT1CASE2   RESETVEC     000174
SYSSELECT1CASE20  RESETVEC     00026E  SYSSELECT1CASE21  RESETVEC     00027C
SYSSELECT1CASE22  RESETVEC     00028A  SYSSELECT1CASE23  RESETVEC     000298
SYSSELECT1CASE24  RESETVEC     0002A6  SYSSELECT1CASE25  RESETVEC     0002B4
SYSSELECT1CASE26  RESETVEC     0002C2  SYSSELECT1CASE27  RESETVEC     0002D0
SYSSELECT1CASE3   RESETVEC     000180  SYSSELECT1CASE4   RESETVEC     00018E
SYSSELECT1CASE5   RESETVEC     00019C  SYSSELECT1CASE6   RESETVEC     0001AA
SYSSELECT1CASE7   RESETVEC     0001B8  SYSSELECT1CASE8   RESETVEC     0001C6
SYSSELECT1CASE9   RESETVEC     0001D4  SYSSELECTEND1     RESETVEC     0002DC
SYSTEMP1          (abs)        000534  SYSTEMP1_E        (abs)        000537
SYSTEMP1_H        (abs)        000535  SYSTEMP1_U        (abs)        000536
SYSTEMP2          (abs)        000538  SYSTEMP2_H        (abs)        000539
SYSTEMP3          (abs)        00053A  SYSWAITLOOP1      RESETVEC     000308
SYSWAITTEMP10US   (abs)        000505  SYSWAITTEMPMS     (abs)        000502
SYSWAITTEMPMS_H   (abs)        000503  __HRESETVEC       RESETVEC     000538
__H__absolute__   __absolute__ 000000  __Hcode           code         000000
__Hconfig         config       300015  __Hdata           data         000000
__Hedata          edata        000000  __Hspace_0        (abs)        000538
__Hspace_1        (abs)        000000  __Hspace_3        (abs)        000000
__Hspace_4        (abs)        600015  __Hudata          udata        000000
__Hudata_acs      udata_acs    000000  __Hudata_bank10   udata_bank10 000000
__Hudata_bank11   udata_bank11 000000  __Hudata_bank12   udata_bank12 000000
__Hudata_bank13   udata_bank13 000000  __Hudata_bank14   udata_bank14 000000
__Hudata_bank15   udata_bank15 000000  __Hudata_bank16   udata_bank16 000000
__Hudata_bank17   udata_bank17 000000  __Hudata_bank18   udata_bank18 000000
__Hudata_bank19   udata_bank19 000000  __Hudata_bank20   udata_bank20 000000
__Hudata_bank5    udata_bank5  000000  __Hudata_bank6    udata_bank6  000000
__Hudata_bank7    udata_bank7  000000  __Hudata_bank8    udata_bank8  000000
__Hudata_bank9    udata_bank9  000000  __LRESETVEC       RESETVEC     000000
__L__absolute__   __absolute__ 000000  __Lcode           code         000000
__Lconfig         config       000000  __Ldata           data         000000
__Ledata          edata        000000  __Lspace_0        (abs)        000000
__Lspace_1        (abs)        000000  __Lspace_3        (abs)        000000
__Lspace_4        (abs)        000000  __Ludata          udata        000000
__Ludata_acs      udata_acs    000000  __Ludata_bank10   udata_bank10 000000
__Ludata_bank11   udata_bank11 000000  __Ludata_bank12   udata_bank12 000000
__Ludata_bank13   udata_bank13 000000  __Ludata_bank14   udata_bank14 000000
__Ludata_bank15   udata_bank15 000000  __Ludata_bank16   udata_bank16 000000
__Ludata_bank17   udata_bank17 000000  __Ludata_bank18   udata_bank18 000000
__Ludata_bank19   udata_bank19 000000  __Ludata_bank20   udata_bank20 000000
__Ludata_bank5    udata_bank5  000000  __Ludata_bank6    udata_bank6  000000
__Ludata_bank7    udata_bank7  000000  __Ludata_bank8    udata_bank8  000000
__Ludata_bank9    udata_bank9  000000  __S0              (abs)        000000
__S1              (abs)        000000  __S3              (abs)        000000
isa$std           (abs)        000001  isa$xinst         (abs)        000000
