Microchip MPLAB XC8 PIC(R) Assembler V4.00

Linker command line:

-W-3 --edf=C:\GCstudio\picas\v4.00\pic\dat\20260614213421_en.msgs -cs \
  -h+070_debounce_the_switch.sym --cmf=070_debounce_the_switch.cmf -z \
  -Q18F46Q35 -oC:\Users\admin\AppData\Local\Temp\xcAsemo.0\driver_tmp_3.o \
  --fixupoverflow=error -ver=XC8 PIC(R) Assembler --fixupoverflow=lstwarn \
  -M.\070_debounce_the_switch.map -E1 -ACODE=00h-0FFFFh -ACONST=00h-0FFFFh \
  -ASMALLCONST=01600h-016FFhx234 -AMEDIUMCONST=01600h-0FFFFh \
  -ACOMRAM=0500h-055Fh -AABS1=0500h-014FFh -ABIGRAM=0500h-014FFh \
  -ARAM=0560h-05FFh,0600h-06FFhx15 -ABANK5=0560h-05FFh -ABANK6=0600h-06FFh \
  -ABANK7=0700h-07FFh -ABANK8=0800h-08FFh -ABANK9=0900h-09FFh \
  -ABANK10=0A00h-0AFFh -ABANK11=0B00h-0BFFh -ABANK12=0C00h-0CFFh \
  -ABANK13=0D00h-0DFFh -ABANK14=0E00h-0EFFh -ABANK15=0F00h-0FFFh \
  -ABANK16=01000h-010FFh -ABANK17=01100h-011FFh -ABANK18=01200h-012FFh \
  -ABANK19=01300h-013FFh -ABANK20=01400h-014FFh \
  -ASFR=00h-0FFhx4,0400h-045Fh,0460h-04FFh,01500h-015FFh \
  -ABIGSFR=00h-04FFh,01500h-015FFh -ACONFIG=0300015h-0300015h \
  -AIDLOC=0200000h-020003Fh -AEEDATA=0380000h-03800FFh \
  070_debounce_the_switch.o 

Object code version is 3.11

Machine type is 18F46Q35



                Name                               Link     Load   Length Selector   Space Scale
070_debounce_the_switch.o
                config                           300000   300000       15        0       4
                RESETVEC                              0        0       F4        0       0

TOTAL           Name                               Link     Load   Length     Space
        CLASS   CODE           

        CLASS   CONST          

        CLASS   SMALLCONST     

        CLASS   MEDIUMCONST    

        CLASS   COMRAM         

        CLASS   ABS1           

        CLASS   BIGRAM         

        CLASS   RAM            

        CLASS   BANK5          

        CLASS   BANK6          

        CLASS   BANK7          

        CLASS   BANK8          

        CLASS   BANK9          

        CLASS   BANK10         

        CLASS   BANK11         

        CLASS   BANK12         

        CLASS   BANK13         

        CLASS   BANK14         

        CLASS   BANK15         

        CLASS   BANK16         

        CLASS   BANK17         

        CLASS   BANK18         

        CLASS   BANK19         

        CLASS   BANK20         

        CLASS   SFR            

        CLASS   BIGSFR         

        CLASS   CONFIG         
                config                           300000   300000       15         4

        CLASS   IDLOC          

        CLASS   EEDATA         

        CLASS   UNCLASSED
                RESETVEC                              0        0       F4         0


SEGMENTS        Name                           Load    Length   Top    Selector   Space  Class



UNUSED ADDRESS RANGES

        Name                Unused          Largest block    Delta
        BANK10           000A00-000AFF              100
        BANK11           000B00-000BFF              100
        BANK12           000C00-000CFF              100
        BANK13           000D00-000DFF              100
        BANK14           000E00-000EFF              100
        BANK15           000F00-000FFF              100
        BANK16           001000-0010FF              100
        BANK17           001100-0011FF              100
        BANK18           001200-0012FF              100
        BANK19           001300-0013FF              100
        BANK20           001400-0014FF              100
        BANK5            000560-0005FF               A0
        BANK6            000600-0006FF              100
        BANK7            000700-0007FF              100
        BANK8            000800-0008FF              100
        BANK9            000900-0009FF              100
        BIGRAM           000500-0014FF             1000
        BIGSFR           0000F4-0004FF              40C
                         001500-0015FF              100
        CODE             0000F4-00FFFF             FF0C
        COMRAM           000500-00055F               60
        CONFIG           300015-300015                1
        CONST            0000F4-00FFFF             FF0C
        EEDATA           380000-3800FF              100
        IDLOC            200000-20003F               40
        MEDIUMCONST      001600-00FFFF             EA00
        RAM              000560-0014FF              100
        SFR              0000F4-0004FF              100
                         001500-0015FF              100
        SMALLCONST       001600-00FFFF              100

                                  Symbol Table

BASPROGRAMEND     RESETVEC     000062  BASPROGRAMSTART   RESETVEC     00000C
DELAYTEMP         (abs)        000500  DELAYTEMP2        (abs)        000501
DELAY_MS          RESETVEC     000066  DMS_INNER         RESETVEC     000070
DMS_OUTER         RESETVEC     00006C  DMS_START         RESETVEC     000068
ELSE10_1          RESETVEC     000094  ELSE11_1          RESETVEC     0000B2
ENDIF1            RESETVEC     000060  ENDIF10           RESETVEC     000096
ENDIF11           RESETVEC     0000B4  FN_FUNCKEYPRESSED RESETVEC     000082
INITSYS           RESETVEC     0000B8  SYSBITVAR0        (abs)        000504
SYSDOLOOP_E1      RESETVEC     000062  SYSDOLOOP_S1      RESETVEC     00001E
SYSTEMP1          (abs)        000505  SYSWAITTEMPMS     (abs)        000502
SYSWAITTEMPMS_H   (abs)        000503  __HRESETVEC       RESETVEC     0000F4
__H__absolute__   __absolute__ 000000  __Hcode           code         000000
__Hconfig         config       300015  __Hdata           data         000000
__Hedata          edata        000000  __Hspace_0        (abs)        0000F4
__Hspace_1        (abs)        000000  __Hspace_3        (abs)        000000
__Hspace_4        (abs)        600015  __Hudata          udata        000000
__Hudata_acs      udata_acs    000000  __Hudata_bank10   udata_bank10 000000
__Hudata_bank11   udata_bank11 000000  __Hudata_bank12   udata_bank12 000000
__Hudata_bank13   udata_bank13 000000  __Hudata_bank14   udata_bank14 000000
__Hudata_bank15   udata_bank15 000000  __Hudata_bank16   udata_bank16 000000
__Hudata_bank17   udata_bank17 000000  __Hudata_bank18   udata_bank18 000000
__Hudata_bank19   udata_bank19 000000  __Hudata_bank20   udata_bank20 000000
__Hudata_bank5    udata_bank5  000000  __Hudata_bank6    udata_bank6  000000
__Hudata_bank7    udata_bank7  000000  __Hudata_bank8    udata_bank8  000000
__Hudata_bank9    udata_bank9  000000  __LRESETVEC       RESETVEC     000000
__L__absolute__   __absolute__ 000000  __Lcode           code         000000
__Lconfig         config       000000  __Ldata           data         000000
__Ledata          edata        000000  __Lspace_0        (abs)        000000
__Lspace_1        (abs)        000000  __Lspace_3        (abs)        000000
__Lspace_4        (abs)        000000  __Ludata          udata        000000
__Ludata_acs      udata_acs    000000  __Ludata_bank10   udata_bank10 000000
__Ludata_bank11   udata_bank11 000000  __Ludata_bank12   udata_bank12 000000
__Ludata_bank13   udata_bank13 000000  __Ludata_bank14   udata_bank14 000000
__Ludata_bank15   udata_bank15 000000  __Ludata_bank16   udata_bank16 000000
__Ludata_bank17   udata_bank17 000000  __Ludata_bank18   udata_bank18 000000
__Ludata_bank19   udata_bank19 000000  __Ludata_bank20   udata_bank20 000000
__Ludata_bank5    udata_bank5  000000  __Ludata_bank6    udata_bank6  000000
__Ludata_bank7    udata_bank7  000000  __Ludata_bank8    udata_bank8  000000
__Ludata_bank9    udata_bank9  000000  __S0              (abs)        000000
__S1              (abs)        000000  __S3              (abs)        000000
isa$std           (abs)        000001  isa$xinst         (abs)        000000
