GCASM List File (GCBASIC 2024.2.7 (Windows 64 bit) : Build 1332)

Symbols:
A 	EQU 	0
ABD 	EQU 	4
ABDEN 	EQU 	6
ABDIE 	EQU 	2
ABDIF 	EQU 	6
ABDOVE 	EQU 	5
ABDOVF 	EQU 	5
ABEIE 	EQU 	3
ABEIF 	EQU 	3
ACC0 	EQU 	0
ACC1 	EQU 	1
ACC10 	EQU 	2
ACC11 	EQU 	3
ACC12 	EQU 	4
ACC13 	EQU 	5
ACC14 	EQU 	6
ACC15 	EQU 	7
ACC2 	EQU 	2
ACC3 	EQU 	3
ACC4 	EQU 	4
ACC5 	EQU 	5
ACC6 	EQU 	6
ACC7 	EQU 	7
ACC8 	EQU 	0
ACC9 	EQU 	1
ACCESS 	EQU 	0
ACCM 	EQU 	4
ACCMOD 	EQU 	4
ACKCNT 	EQU 	7
ACKDT 	EQU 	6
ACKP 	EQU 	2
ACKPOS 	EQU 	0
ACKSTAT 	EQU 	5
ACKT 	EQU 	4
ACKT1IE 	EQU 	6
ACKT1IF 	EQU 	6
ACKTIE 	EQU 	6
ACKTIF 	EQU 	6
ACLR 	EQU 	3
ACNT 	EQU 	7
ACNTMD0 	EQU 	0
ACNTMD1 	EQU 	1
ACQ0 	EQU 	0
ACQ1 	EQU 	1
ACQ10 	EQU 	2
ACQ11 	EQU 	3
ACQ12 	EQU 	4
ACQ2 	EQU 	2
ACQ3 	EQU 	3
ACQ4 	EQU 	4
ACQ5 	EQU 	5
ACQ6 	EQU 	6
ACQ7 	EQU 	7
ACQ8 	EQU 	0
ACQ9 	EQU 	1
ACT0 	EQU 	0
ACT1 	EQU 	1
ACT2 	EQU 	2
ACT3 	EQU 	3
ACT4 	EQU 	4
ACT5 	EQU 	5
ACTCON 	EQU 	129
ACTCON_EN 	EQU 	7
ACTEN 	EQU 	7
ACTIE 	EQU 	7
ACTIF 	EQU 	7
ACTIP 	EQU 	7
ACTLOCK 	EQU 	3
ACTMD 	EQU 	0
ACTMODE0 	EQU 	6
ACTMODE1 	EQU 	7
ACTORS 	EQU 	1
ACTUD 	EQU 	6
ADACC 	EQU 	543
ADACC0 	EQU 	0
ADACC1 	EQU 	1
ADACC10 	EQU 	2
ADACC11 	EQU 	3
ADACC12 	EQU 	4
ADACC13 	EQU 	5
ADACC14 	EQU 	6
ADACC15 	EQU 	7
ADACC2 	EQU 	2
ADACC3 	EQU 	3
ADACC4 	EQU 	4
ADACC5 	EQU 	5
ADACC6 	EQU 	6
ADACC7 	EQU 	7
ADACC8 	EQU 	0
ADACC9 	EQU 	1
ADACCH 	EQU 	544
ADACCL 	EQU 	543
ADACLR 	EQU 	3
ADACQ 	EQU 	554
ADACQ0 	EQU 	0
ADACQ1 	EQU 	1
ADACQ10 	EQU 	2
ADACQ11 	EQU 	3
ADACQ12 	EQU 	4
ADACQ2 	EQU 	2
ADACQ3 	EQU 	3
ADACQ4 	EQU 	4
ADACQ5 	EQU 	5
ADACQ6 	EQU 	6
ADACQ7 	EQU 	7
ADACQ8 	EQU 	0
ADACQ9 	EQU 	1
ADACQH 	EQU 	555
ADACQL 	EQU 	554
ADACT 	EQU 	565
ADACT0 	EQU 	0
ADACT1 	EQU 	1
ADACT2 	EQU 	2
ADACT3 	EQU 	3
ADACT4 	EQU 	4
ADACT5 	EQU 	5
ADACTPPS 	EQU 	945
ADACTPPS0 	EQU 	0
ADACTPPS1 	EQU 	1
ADACTPPS2 	EQU 	2
ADACTPPS3 	EQU 	3
ADACTPPS4 	EQU 	4
ADAOV 	EQU 	7
ADCALC0 	EQU 	4
ADCALC1 	EQU 	5
ADCALC2 	EQU 	6
ADCAP 	EQU 	556
ADCAP0 	EQU 	0
ADCAP1 	EQU 	1
ADCAP2 	EQU 	2
ADCAP3 	EQU 	3
ADCAP4 	EQU 	4
ADCG1A 	EQU 	567
ADCG1B 	EQU 	568
ADCG1C 	EQU 	569
ADCLK 	EQU 	566
ADCLK_CS3 	EQU 	3
ADCMD 	EQU 	3
ADCNT 	EQU 	546
ADCNT0 	EQU 	0
ADCNT1 	EQU 	1
ADCNT2 	EQU 	2
ADCNT3 	EQU 	3
ADCNT4 	EQU 	4
ADCNT5 	EQU 	5
ADCNT6 	EQU 	6
ADCNT7 	EQU 	7
ADCNT_CNT0 	EQU 	0
ADCNT_CNT1 	EQU 	1
ADCNT_CNT2 	EQU 	2
ADCNT_CNT3 	EQU 	3
ADCNT_CNT4 	EQU 	4
ADCNT_CNT5 	EQU 	5
ADCNT_CNT6 	EQU 	6
ADCNT_CNT7 	EQU 	7
ADCON0 	EQU 	559
ADCON1 	EQU 	560
ADCON2 	EQU 	561
ADCON3 	EQU 	562
ADCONT 	EQU 	6
ADCRS0 	EQU 	4
ADCRS1 	EQU 	5
ADCRS2 	EQU 	6
ADCS 	EQU 	4
ADCS0 	EQU 	0
ADCS1 	EQU 	1
ADCS2 	EQU 	2
ADCS3 	EQU 	3
ADCS4 	EQU 	4
ADCS5 	EQU 	5
ADDSEN 	EQU 	0
ADERR 	EQU 	537
ADERR0 	EQU 	0
ADERR1 	EQU 	1
ADERR10 	EQU 	2
ADERR11 	EQU 	3
ADERR12 	EQU 	4
ADERR13 	EQU 	5
ADERR14 	EQU 	6
ADERR15 	EQU 	7
ADERR2 	EQU 	2
ADERR3 	EQU 	3
ADERR4 	EQU 	4
ADERR5 	EQU 	5
ADERR6 	EQU 	6
ADERR7 	EQU 	7
ADERR8 	EQU 	0
ADERR9 	EQU 	1
ADERRH 	EQU 	538
ADERRL 	EQU 	537
ADFLTR 	EQU 	541
ADFLTR0 	EQU 	0
ADFLTR1 	EQU 	1
ADFLTR10 	EQU 	2
ADFLTR11 	EQU 	3
ADFLTR12 	EQU 	4
ADFLTR13 	EQU 	5
ADFLTR14 	EQU 	6
ADFLTR15 	EQU 	7
ADFLTR2 	EQU 	2
ADFLTR3 	EQU 	3
ADFLTR4 	EQU 	4
ADFLTR5 	EQU 	5
ADFLTR6 	EQU 	6
ADFLTR7 	EQU 	7
ADFLTR8 	EQU 	0
ADFLTR9 	EQU 	1
ADFLTRH 	EQU 	542
ADFLTRL 	EQU 	541
ADFM0 	EQU 	2
ADFVR0 	EQU 	0
ADFVR1 	EQU 	1
ADGO 	EQU 	0
ADGPOL 	EQU 	5
ADIE 	EQU 	6
ADIF 	EQU 	6
ADIP 	EQU 	6
ADIPEN 	EQU 	6
ADLTH 	EQU 	533
ADLTH0 	EQU 	0
ADLTH1 	EQU 	1
ADLTH10 	EQU 	2
ADLTH11 	EQU 	3
ADLTH12 	EQU 	4
ADLTH13 	EQU 	5
ADLTH14 	EQU 	6
ADLTH15 	EQU 	7
ADLTH2 	EQU 	2
ADLTH3 	EQU 	3
ADLTH4 	EQU 	4
ADLTH5 	EQU 	5
ADLTH6 	EQU 	6
ADLTH7 	EQU 	7
ADLTH8 	EQU 	0
ADLTH9 	EQU 	1
ADLTHH 	EQU 	534
ADLTHL 	EQU 	533
ADLTHR 	EQU 	5
ADMATH 	EQU 	4
ADMD0 	EQU 	0
ADMD1 	EQU 	1
ADMD2 	EQU 	2
ADNCH 	EQU 	553
ADNCH0 	EQU 	0
ADNCH1 	EQU 	1
ADNCH2 	EQU 	2
ADNCH3 	EQU 	3
ADNCH4 	EQU 	4
ADNCH5 	EQU 	5
ADNREF0 	EQU 	4
ADOEN 	EQU 	2
ADON 	EQU 	7
ADOR 	EQU 	2
ADOV 	EQU 	7
ADPCH 	EQU 	552
ADPCH0 	EQU 	0
ADPCH1 	EQU 	1
ADPCH2 	EQU 	2
ADPCH3 	EQU 	3
ADPCH4 	EQU 	4
ADPCH5 	EQU 	5
ADPCSC 	EQU 	1
ADPPOL 	EQU 	7
ADPRE 	EQU 	557
ADPRE0 	EQU 	0
ADPRE1 	EQU 	1
ADPRE10 	EQU 	2
ADPRE11 	EQU 	3
ADPRE12 	EQU 	4
ADPRE2 	EQU 	2
ADPRE3 	EQU 	3
ADPRE4 	EQU 	4
ADPRE5 	EQU 	5
ADPRE6 	EQU 	6
ADPRE7 	EQU 	7
ADPRE8 	EQU 	0
ADPRE9 	EQU 	1
ADPREF0 	EQU 	0
ADPREF1 	EQU 	1
ADPREH 	EQU 	558
ADPREL 	EQU 	557
ADPREV 	EQU 	548
ADPREV0 	EQU 	0
ADPREV1 	EQU 	1
ADPREV10 	EQU 	2
ADPREV11 	EQU 	3
ADPREV12 	EQU 	4
ADPREV13 	EQU 	5
ADPREV14 	EQU 	6
ADPREV15 	EQU 	7
ADPREV2 	EQU 	2
ADPREV3 	EQU 	3
ADPREV4 	EQU 	4
ADPREV5 	EQU 	5
ADPREV6 	EQU 	6
ADPREV7 	EQU 	7
ADPREV8 	EQU 	0
ADPREV9 	EQU 	1
ADPREVH 	EQU 	549
ADPREVL 	EQU 	548
ADPSIS 	EQU 	7
ADR1IE 	EQU 	3
ADR1IF 	EQU 	3
ADREF 	EQU 	564
ADRES 	EQU 	550
ADRES0 	EQU 	0
ADRES1 	EQU 	1
ADRES10 	EQU 	2
ADRES11 	EQU 	3
ADRES12 	EQU 	4
ADRES13 	EQU 	5
ADRES14 	EQU 	6
ADRES15 	EQU 	7
ADRES2 	EQU 	2
ADRES3 	EQU 	3
ADRES4 	EQU 	4
ADRES5 	EQU 	5
ADRES6 	EQU 	6
ADRES7 	EQU 	7
ADRES8 	EQU 	0
ADRES9 	EQU 	1
ADRESH 	EQU 	551
ADRESL 	EQU 	550
ADRIE 	EQU 	3
ADRIF 	EQU 	3
ADRPT 	EQU 	547
ADRPT0 	EQU 	0
ADRPT1 	EQU 	1
ADRPT2 	EQU 	2
ADRPT3 	EQU 	3
ADRPT4 	EQU 	4
ADRPT5 	EQU 	5
ADRPT6 	EQU 	6
ADRPT7 	EQU 	7
ADSOI 	EQU 	3
ADSTAT 	EQU 	563
ADSTAT0 	EQU 	0
ADSTAT1 	EQU 	1
ADSTAT2 	EQU 	2
ADSTPT 	EQU 	539
ADSTPT0 	EQU 	0
ADSTPT1 	EQU 	1
ADSTPT10 	EQU 	2
ADSTPT11 	EQU 	3
ADSTPT12 	EQU 	4
ADSTPT13 	EQU 	5
ADSTPT14 	EQU 	6
ADSTPT15 	EQU 	7
ADSTPT2 	EQU 	2
ADSTPT3 	EQU 	3
ADSTPT4 	EQU 	4
ADSTPT5 	EQU 	5
ADSTPT6 	EQU 	6
ADSTPT7 	EQU 	7
ADSTPT8 	EQU 	0
ADSTPT9 	EQU 	1
ADSTPTH 	EQU 	540
ADSTPTL 	EQU 	539
ADTIE 	EQU 	7
ADTIF 	EQU 	7
ADTIP 	EQU 	7
ADTMD0 	EQU 	0
ADTMD1 	EQU 	1
ADTMD2 	EQU 	2
ADUTH 	EQU 	535
ADUTH0 	EQU 	0
ADUTH1 	EQU 	1
ADUTH10 	EQU 	2
ADUTH11 	EQU 	3
ADUTH12 	EQU 	4
ADUTH13 	EQU 	5
ADUTH14 	EQU 	6
ADUTH15 	EQU 	7
ADUTH2 	EQU 	2
ADUTH3 	EQU 	3
ADUTH4 	EQU 	4
ADUTH5 	EQU 	5
ADUTH6 	EQU 	6
ADUTH7 	EQU 	7
ADUTH8 	EQU 	0
ADUTH9 	EQU 	1
ADUTHH 	EQU 	536
ADUTHL 	EQU 	535
ADUTHR 	EQU 	6
AIRQ0 	EQU 	0
AIRQ1 	EQU 	1
AIRQ2 	EQU 	2
AIRQ3 	EQU 	3
AIRQ4 	EQU 	4
AIRQ5 	EQU 	5
AIRQ6 	EQU 	6
AIRQ7 	EQU 	7
AIRQEN 	EQU 	2
ANSELA 	EQU 	1046
ANSELA0 	EQU 	0
ANSELA1 	EQU 	1
ANSELA2 	EQU 	2
ANSELA4 	EQU 	4
ANSELA5 	EQU 	5
ANSELB 	EQU 	1056
ANSELB7 	EQU 	7
ANSELC 	EQU 	1066
ANSELC3 	EQU 	3
ANSELC4 	EQU 	4
ANSELC5 	EQU 	5
ANSELC6 	EQU 	6
ANSELC7 	EQU 	7
AOV 	EQU 	7
AS0E 	EQU 	0
AS1E 	EQU 	1
AS2E 	EQU 	2
AS6E 	EQU 	6
AS7E 	EQU 	7
ASYNC 	EQU 	4
B 	EQU 	1
BANKED 	EQU 	1
BASPROGRAMEND 	EQU 	90
BASPROGRAMSTART 	EQU 	12
BAUD0 	EQU 	0
BAUD1 	EQU 	1
BAUD2 	EQU 	2
BAUD3 	EQU 	3
BAUD4 	EQU 	4
BAUD5 	EQU 	5
BAUD6 	EQU 	6
BAUD7 	EQU 	7
BCL1IE 	EQU 	1
BCL1IF 	EQU 	5
BCLIE 	EQU 	1
BCLIF 	EQU 	5
BCR0 	EQU 	0
BCR1 	EQU 	1
BCR2 	EQU 	2
BCR3 	EQU 	3
BCR4 	EQU 	4
BCR5 	EQU 	5
BCR6 	EQU 	6
BCR7 	EQU 	7
BFRE 	EQU 	7
BFREDR 	EQU 	4
BFREE 	EQU 	7
BFRET0 	EQU 	0
BFRET1 	EQU 	1
BLINK 	EQU 	94
BMODE 	EQU 	0
BOR 	EQU 	0
BORCON 	EQU 	115
BORRDY 	EQU 	0
BRGS 	EQU 	7
BRKOVR 	EQU 	1
BSR 	EQU 	1248
BSR_CSHAD 	EQU 	885
BSR_SHAD 	EQU 	889
BTFIE 	EQU 	1
BTFIF 	EQU 	1
BTO1IE 	EQU 	2
BTO1IF 	EQU 	6
BTOC0 	EQU 	0
BTOC1 	EQU 	1
BTOC2 	EQU 	2
BTOEN 	EQU 	6
BTOIE 	EQU 	2
BTOIF 	EQU 	6
BUF0 	EQU 	0
BUF1 	EQU 	1
BUF2 	EQU 	2
BUF3 	EQU 	3
BUF4 	EQU 	4
BUF5 	EQU 	5
BUF6 	EQU 	6
BUF7 	EQU 	7
BURSTMD 	EQU 	1
BUSEIE 	EQU 	2
BUSEIF 	EQU 	2
BUSY_CRCCON0 	EQU 	5
BUSY_SCANCON0 	EQU 	0
BUSY_SPI1CON2 	EQU 	7
C 	EQU 	0
C0EN 	EQU 	3
C1TSEL0 	EQU 	0
C1TSEL1 	EQU 	1
C2TSEL2 	EQU 	2
C2TSEL3 	EQU 	3
CALC0 	EQU 	4
CALC1 	EQU 	5
CALC2 	EQU 	6
CAPT 	EQU 	3
CCP1CAP 	EQU 	332
CCP1CON 	EQU 	331
CCP1CON_EN 	EQU 	7
CCP1CTS0 	EQU 	0
CCP1CTS1 	EQU 	1
CCP1CTS2 	EQU 	2
CCP1EN 	EQU 	7
CCP1FMT 	EQU 	4
CCP1IE 	EQU 	4
CCP1IF 	EQU 	4
CCP1IP 	EQU 	4
CCP1MD 	EQU 	2
CCP1MODE0 	EQU 	0
CCP1MODE1 	EQU 	1
CCP1MODE2 	EQU 	2
CCP1MODE3 	EQU 	3
CCP1OUT 	EQU 	5
CCP1PPS 	EQU 	873
CCP1PPS0 	EQU 	0
CCP1PPS1 	EQU 	1
CCP1PPS2 	EQU 	2
CCP1PPS3 	EQU 	3
CCP1PPS4 	EQU 	4
CCP2CAP 	EQU 	336
CCP2CAP_CTS0 	EQU 	0
CCP2CAP_CTS1 	EQU 	1
CCP2CAP_CTS2 	EQU 	2
CCP2CON 	EQU 	335
CCP2CON_EN 	EQU 	7
CCP2CON_FMT 	EQU 	4
CCP2CON_MODE0 	EQU 	0
CCP2CON_MODE1 	EQU 	1
CCP2CON_MODE2 	EQU 	2
CCP2CON_MODE3 	EQU 	3
CCP2CTS0 	EQU 	0
CCP2CTS1 	EQU 	1
CCP2CTS2 	EQU 	2
CCP2EN 	EQU 	7
CCP2FMT 	EQU 	4
CCP2IE 	EQU 	5
CCP2IF 	EQU 	5
CCP2IP 	EQU 	5
CCP2MD 	EQU 	3
CCP2MODE0 	EQU 	0
CCP2MODE1 	EQU 	1
CCP2MODE2 	EQU 	2
CCP2MODE3 	EQU 	3
CCP2OUT 	EQU 	5
CCP2PPS 	EQU 	874
CCP2PPS0 	EQU 	0
CCP2PPS1 	EQU 	1
CCP2PPS2 	EQU 	2
CCP2PPS3 	EQU 	3
CCP2PPS4 	EQU 	4
CCPR1 	EQU 	329
CCPR1H 	EQU 	330
CCPR1L 	EQU 	329
CCPR2 	EQU 	333
CCPR2H 	EQU 	334
CCPR2L 	EQU 	333
CCPTMRS0 	EQU 	328
CDIV0 	EQU 	0
CDIV1 	EQU 	1
CDIV2 	EQU 	2
CDIV3 	EQU 	3
CERIE 	EQU 	4
CERIF 	EQU 	4
CGA0 	EQU 	0
CGA1 	EQU 	1
CGA2 	EQU 	2
CGA4 	EQU 	4
CGA5 	EQU 	5
CGB5 	EQU 	5
CGB6 	EQU 	6
CGB7 	EQU 	7
CGC0 	EQU 	0
CGC1 	EQU 	1
CGC3 	EQU 	3
CGC4 	EQU 	4
CGC5 	EQU 	5
CGC6 	EQU 	6
CGC7 	EQU 	7
CH16AB 	EQU 	0
CHS0 	EQU 	2
CHS1 	EQU 	3
CHS2 	EQU 	4
CHS3 	EQU 	5
CHS4 	EQU 	6
CIE 	EQU 	0
CIF 	EQU 	0
CKE 	EQU 	6
CKP 	EQU 	5
CKPOL 	EQU 	6
CKPS0_T0CON1 	EQU 	0
CKPS0_T1CON 	EQU 	4
CKPS0_T2CON 	EQU 	4
CKPS0_T4CON 	EQU 	4
CKPS1_T0CON1 	EQU 	1
CKPS1_T1CON 	EQU 	5
CKPS1_T2CON 	EQU 	5
CKPS1_T4CON 	EQU 	5
CKPS2_T0CON1 	EQU 	2
CKPS2_T2CON 	EQU 	6
CKPS2_T4CON 	EQU 	6
CKPS3 	EQU 	3
CKSYNC 	EQU 	5
CLC1IE 	EQU 	3
CLC1IF 	EQU 	3
CLC1IP 	EQU 	3
CLC1MD 	EQU 	7
CLC1OUT 	EQU 	0
CLC2IE 	EQU 	4
CLC2IF 	EQU 	4
CLC2IP 	EQU 	4
CLC2MD 	EQU 	0
CLC2OUT 	EQU 	1
CLC3IE 	EQU 	5
CLC3IF 	EQU 	5
CLC3IP 	EQU 	5
CLC3MD 	EQU 	1
CLC3OUT 	EQU 	2
CLC4IE 	EQU 	6
CLC4IF 	EQU 	6
CLC4IP 	EQU 	6
CLC4MD 	EQU 	2
CLC4OUT 	EQU 	3
CLCDATA 	EQU 	419
CLCIN0PPS 	EQU 	925
CLCIN0PPS0 	EQU 	0
CLCIN0PPS1 	EQU 	1
CLCIN0PPS2 	EQU 	2
CLCIN0PPS3 	EQU 	3
CLCIN0PPS4 	EQU 	4
CLCIN1PPS 	EQU 	926
CLCIN1PPS0 	EQU 	0
CLCIN1PPS1 	EQU 	1
CLCIN1PPS2 	EQU 	2
CLCIN1PPS3 	EQU 	3
CLCIN1PPS4 	EQU 	4
CLCIN2PPS 	EQU 	927
CLCIN2PPS0 	EQU 	0
CLCIN2PPS1 	EQU 	1
CLCIN2PPS2 	EQU 	2
CLCIN2PPS3 	EQU 	3
CLCIN2PPS4 	EQU 	4
CLCIN3PPS 	EQU 	928
CLCIN3PPS0 	EQU 	0
CLCIN3PPS1 	EQU 	1
CLCIN3PPS2 	EQU 	2
CLCIN3PPS3 	EQU 	3
CLCIN3PPS4 	EQU 	4
CLCNCON 	EQU 	421
CLCNCON_EN 	EQU 	7
CLCNCON_MODE0 	EQU 	0
CLCNCON_MODE1 	EQU 	1
CLCNCON_MODE2 	EQU 	2
CLCNGLS0 	EQU 	427
CLCNGLS1 	EQU 	428
CLCNGLS2 	EQU 	429
CLCNGLS3 	EQU 	430
CLCNPOL 	EQU 	422
CLCNSEL0 	EQU 	423
CLCNSEL1 	EQU 	424
CLCNSEL2 	EQU 	425
CLCNSEL3 	EQU 	426
CLCSELECT 	EQU 	420
CLCSELECT_SLCT0 	EQU 	0
CLCSELECT_SLCT1 	EQU 	1
CLCSELECT_SLCT2 	EQU 	2
CLK0 	EQU 	0
CLK1 	EQU 	1
CLK2 	EQU 	2
CLK3 	EQU 	3
CLK4 	EQU 	4
CLKEN 	EQU 	0
CLKRCLK 	EQU 	257
CLKRCLK0 	EQU 	0
CLKRCLK1 	EQU 	1
CLKRCLK2 	EQU 	2
CLKRCLK3 	EQU 	3
CLKRCLK_CLK0 	EQU 	0
CLKRCLK_CLK1 	EQU 	1
CLKRCLK_CLK2 	EQU 	2
CLKRCLK_CLK3 	EQU 	3
CLKRCON 	EQU 	256
CLKRCON_EN 	EQU 	7
CLKRDC0 	EQU 	3
CLKRDC1 	EQU 	4
CLKRDIV0 	EQU 	0
CLKRDIV1 	EQU 	1
CLKRDIV2 	EQU 	2
CLKREN 	EQU 	7
CLKRMD 	EQU 	3
CLKSEL0 	EQU 	0
CLKSEL1 	EQU 	1
CLKSEL2 	EQU 	2
CLKSEL3 	EQU 	3
CLR 	EQU 	5
CLRBF 	EQU 	2
CLRRXB 	EQU 	3
CLRTXB 	EQU 	4
CNT0 	EQU 	0
CNT1 	EQU 	1
CNT10 	EQU 	2
CNT11 	EQU 	3
CNT12 	EQU 	4
CNT13 	EQU 	5
CNT14 	EQU 	6
CNT15 	EQU 	7
CNT1IE 	EQU 	7
CNT1IF 	EQU 	7
CNT2 	EQU 	2
CNT3 	EQU 	3
CNT4 	EQU 	4
CNT5 	EQU 	5
CNT6 	EQU 	6
CNT7 	EQU 	7
CNT8 	EQU 	0
CNT9 	EQU 	1
CNTIE 	EQU 	7
CNTIF 	EQU 	7
CONT 	EQU 	6
COSC0 	EQU 	4
COSC1 	EQU 	5
COSC2 	EQU 	6
CPOL 	EQU 	6
CPUDOZE 	EQU 	1266
CRCBUSY 	EQU 	5
CRCCON0 	EQU 	104
CRCCON0_EN 	EQU 	7
CRCCON1 	EQU 	105
CRCCON2 	EQU 	106
CRCDATA 	EQU 	96
CRCDATAH 	EQU 	97
CRCDATAL 	EQU 	96
CRCDATAT 	EQU 	99
CRCDATAU 	EQU 	98
CRCEN 	EQU 	7
CRCGO 	EQU 	6
CRCIE 	EQU 	5
CRCIF 	EQU 	5
CRCIP 	EQU 	5
CRCMD 	EQU 	5
CRCOUT 	EQU 	100
CRCOUTH 	EQU 	101
CRCOUTL 	EQU 	100
CRCOUTT 	EQU 	103
CRCOUTU 	EQU 	102
CRCSHFT 	EQU 	100
CRCSHFTH 	EQU 	101
CRCSHFTL 	EQU 	100
CRCSHFTT 	EQU 	103
CRCSHFTU 	EQU 	102
CRCSHIFTH 	EQU 	101
CRCSHIFTL 	EQU 	100
CRCSHIFTT 	EQU 	103
CRCSHIFTU 	EQU 	102
CRCXOR 	EQU 	100
CRCXORH 	EQU 	101
CRCXORL 	EQU 	100
CRCXORT 	EQU 	103
CRCXORU 	EQU 	102
CREN 	EQU 	1
CRH0 	EQU 	0
CRH1 	EQU 	1
CRH2 	EQU 	2
CRH3 	EQU 	3
CRH4 	EQU 	4
CRH5 	EQU 	5
CRH6 	EQU 	6
CRH7 	EQU 	7
CRL0 	EQU 	0
CRL1 	EQU 	1
CRL2 	EQU 	2
CRL3 	EQU 	3
CRL4 	EQU 	4
CRL5 	EQU 	5
CRL6 	EQU 	6
CRL7 	EQU 	7
CRS0 	EQU 	4
CRS1 	EQU 	5
CRS2 	EQU 	6
CRT0 	EQU 	0
CRT1 	EQU 	1
CRT2 	EQU 	2
CRT3 	EQU 	3
CRT4 	EQU 	4
CRT5 	EQU 	5
CRT6 	EQU 	6
CRT7 	EQU 	7
CS0_ADCLK 	EQU 	0
CS0_T0CON1 	EQU 	5
CS0_T1CLK 	EQU 	0
CS0_T2CLKCON 	EQU 	0
CS0_T4CLKCON 	EQU 	0
CS0_WDTCON1 	EQU 	4
CS1_ADCLK 	EQU 	1
CS1_T0CON1 	EQU 	6
CS1_T1CLK 	EQU 	1
CS1_T2CLKCON 	EQU 	1
CS1_T4CLKCON 	EQU 	1
CS1_WDTCON1 	EQU 	5
CS2_ADCLK 	EQU 	2
CS2_T0CON1 	EQU 	7
CS2_T1CLK 	EQU 	2
CS2_T2CLKCON 	EQU 	2
CS2_T4CLKCON 	EQU 	2
CS2_WDTCON1 	EQU 	6
CS3 	EQU 	3
CS4 	EQU 	4
CS5 	EQU 	5
CSD 	EQU 	0
CSTR 	EQU 	4
CSWHOLD 	EQU 	7
CSWIE 	EQU 	0
CSWIF 	EQU 	0
CSWIP 	EQU 	0
CSYNC 	EQU 	6
CS_ADCON0 	EQU 	4
CS_CWG1CLK 	EQU 	0
CTS0 	EQU 	0
CTS1 	EQU 	1
CTS2 	EQU 	2
CWG1AS0 	EQU 	415
CWG1AS1 	EQU 	416
CWG1CLK 	EQU 	409
CWG1CLKCON 	EQU 	409
CWG1CON0 	EQU 	413
CWG1CON0_EN 	EQU 	7
CWG1CON0_MODE0 	EQU 	0
CWG1CON0_MODE1 	EQU 	1
CWG1CON0_MODE2 	EQU 	2
CWG1CON1 	EQU 	414
CWG1CS 	EQU 	0
CWG1DAT 	EQU 	410
CWG1DBF 	EQU 	412
CWG1DBF0 	EQU 	0
CWG1DBF1 	EQU 	1
CWG1DBF2 	EQU 	2
CWG1DBF3 	EQU 	3
CWG1DBF4 	EQU 	4
CWG1DBF5 	EQU 	5
CWG1DBR 	EQU 	411
CWG1DBR0 	EQU 	0
CWG1DBR1 	EQU 	1
CWG1DBR2 	EQU 	2
CWG1DBR3 	EQU 	3
CWG1DBR4 	EQU 	4
CWG1DBR5 	EQU 	5
CWG1EN 	EQU 	7
CWG1IE 	EQU 	2
CWG1IF 	EQU 	2
CWG1IN 	EQU 	5
CWG1INPPS 	EQU 	921
CWG1INPPS0 	EQU 	0
CWG1INPPS1 	EQU 	1
CWG1INPPS2 	EQU 	2
CWG1INPPS3 	EQU 	3
CWG1INPPS4 	EQU 	4
CWG1IP 	EQU 	2
CWG1ISM 	EQU 	410
CWG1LD 	EQU 	6
CWG1LSAC0 	EQU 	2
CWG1LSAC1 	EQU 	3
CWG1LSBD0 	EQU 	4
CWG1LSBD1 	EQU 	5
CWG1LSDB0 	EQU 	4
CWG1LSDB1 	EQU 	5
CWG1MD 	EQU 	6
CWG1MODE0 	EQU 	0
CWG1MODE1 	EQU 	1
CWG1MODE2 	EQU 	2
CWG1OVRA 	EQU 	4
CWG1OVRB 	EQU 	5
CWG1OVRC 	EQU 	6
CWG1OVRD 	EQU 	7
CWG1POLA 	EQU 	0
CWG1POLB 	EQU 	1
CWG1POLC 	EQU 	2
CWG1POLD 	EQU 	3
CWG1PPS 	EQU 	921
CWG1STR 	EQU 	417
CWG1STRA 	EQU 	0
CWG1STRB 	EQU 	1
CWG1STRC 	EQU 	2
CWG1STRD 	EQU 	3
CWGINPPS0 	EQU 	0
CWGINPPS1 	EQU 	1
CWGINPPS2 	EQU 	2
CWGINPPS3 	EQU 	3
CWGINPPS4 	EQU 	4
D 	EQU 	3
D1S0 	EQU 	0
D1S1 	EQU 	1
D1S2 	EQU 	2
D1S3 	EQU 	3
D1S4 	EQU 	4
D1S5 	EQU 	5
D2S0 	EQU 	0
D2S1 	EQU 	1
D2S2 	EQU 	2
D2S3 	EQU 	3
D2S4 	EQU 	4
D2S5 	EQU 	5
D3S0 	EQU 	0
D3S1 	EQU 	1
D3S2 	EQU 	2
D3S3 	EQU 	3
D3S4 	EQU 	4
D3S5 	EQU 	5
D4S0 	EQU 	0
D4S1 	EQU 	1
D4S2 	EQU 	2
D4S3 	EQU 	3
D4S4 	EQU 	4
D4S5 	EQU 	5
DACHIE 	EQU 	6
DACHIF 	EQU 	6
DADRIE 	EQU 	2
DADRIF 	EQU 	2
DATA0 	EQU 	0
DATA1 	EQU 	1
DATA10 	EQU 	2
DATA11 	EQU 	3
DATA12 	EQU 	4
DATA13 	EQU 	5
DATA14 	EQU 	6
DATA15 	EQU 	7
DATA16 	EQU 	0
DATA17 	EQU 	1
DATA18 	EQU 	2
DATA19 	EQU 	3
DATA2 	EQU 	2
DATA20 	EQU 	4
DATA21 	EQU 	5
DATA22 	EQU 	6
DATA23 	EQU 	7
DATA24 	EQU 	0
DATA25 	EQU 	1
DATA26 	EQU 	2
DATA27 	EQU 	3
DATA28 	EQU 	4
DATA29 	EQU 	5
DATA3 	EQU 	3
DATA30 	EQU 	6
DATA31 	EQU 	7
DATA4 	EQU 	4
DATA5 	EQU 	5
DATA6 	EQU 	6
DATA7 	EQU 	7
DATA8 	EQU 	0
DATA9 	EQU 	1
DBF0 	EQU 	0
DBF1 	EQU 	1
DBF2 	EQU 	2
DBF3 	EQU 	3
DBF4 	EQU 	4
DBF5 	EQU 	5
DBR0 	EQU 	0
DBR1 	EQU 	1
DBR2 	EQU 	2
DBR3 	EQU 	3
DBR4 	EQU 	4
DBR5 	EQU 	5
DC 	EQU 	1
DC0 	EQU 	3
DC1 	EQU 	4
DCNT0 	EQU 	0
DCNT1 	EQU 	1
DCNT10 	EQU 	2
DCNT11 	EQU 	3
DCNT2 	EQU 	2
DCNT3 	EQU 	3
DCNT4 	EQU 	4
DCNT5 	EQU 	5
DCNT6 	EQU 	6
DCNT7 	EQU 	7
DCNT8 	EQU 	0
DCNT9 	EQU 	1
DF0 	EQU 	0
DF1 	EQU 	1
DF2 	EQU 	2
DF3 	EQU 	3
DF4 	EQU 	4
DF5 	EQU 	5
DF6 	EQU 	6
DF7 	EQU 	7
DGO 	EQU 	5
DIV0 	EQU 	0
DIV1 	EQU 	1
DIV2 	EQU 	2
DLEN0 	EQU 	0
DLEN1 	EQU 	1
DLEN2 	EQU 	2
DLEN3 	EQU 	3
DLEN4 	EQU 	4
DMA1AIE 	EQU 	7
DMA1AIF 	EQU 	7
DMA1AIP 	EQU 	7
DMA1DCNTIE 	EQU 	5
DMA1DCNTIF 	EQU 	5
DMA1DCNTIP 	EQU 	5
DMA1MD 	EQU 	0
DMA1ORIE 	EQU 	6
DMA1ORIF 	EQU 	6
DMA1ORIP 	EQU 	6
DMA1PR 	EQU 	59
DMA1PR0 	EQU 	0
DMA1PR1 	EQU 	1
DMA1PR2 	EQU 	2
DMA1SCNTIE 	EQU 	4
DMA1SCNTIF 	EQU 	4
DMA1SCNTIP 	EQU 	4
DMA2AIE 	EQU 	3
DMA2AIF 	EQU 	3
DMA2AIP 	EQU 	3
DMA2DCNTIE 	EQU 	1
DMA2DCNTIF 	EQU 	1
DMA2DCNTIP 	EQU 	1
DMA2MD 	EQU 	1
DMA2ORIE 	EQU 	2
DMA2ORIF 	EQU 	2
DMA2ORIP 	EQU 	2
DMA2PR 	EQU 	60
DMA2PR0 	EQU 	0
DMA2PR1 	EQU 	1
DMA2PR2 	EQU 	2
DMA2SCNTIE 	EQU 	0
DMA2SCNTIF 	EQU 	0
DMA2SCNTIP 	EQU 	0
DMA3AIE 	EQU 	7
DMA3AIF 	EQU 	7
DMA3AIP 	EQU 	7
DMA3DCNTIE 	EQU 	5
DMA3DCNTIF 	EQU 	5
DMA3DCNTIP 	EQU 	5
DMA3MD 	EQU 	2
DMA3ORIE 	EQU 	6
DMA3ORIF 	EQU 	6
DMA3ORIP 	EQU 	6
DMA3PR 	EQU 	61
DMA3PR0 	EQU 	0
DMA3PR1 	EQU 	1
DMA3PR2 	EQU 	2
DMA3SCNTIE 	EQU 	4
DMA3SCNTIF 	EQU 	4
DMA3SCNTIP 	EQU 	4
DMA4AIE 	EQU 	3
DMA4AIF 	EQU 	3
DMA4AIP 	EQU 	3
DMA4DCNTIE 	EQU 	1
DMA4DCNTIF 	EQU 	1
DMA4DCNTIP 	EQU 	1
DMA4MD 	EQU 	3
DMA4ORIE 	EQU 	2
DMA4ORIF 	EQU 	2
DMA4ORIP 	EQU 	2
DMA4PR 	EQU 	62
DMA4PR0 	EQU 	0
DMA4PR1 	EQU 	1
DMA4PR2 	EQU 	2
DMA4SCNTIE 	EQU 	0
DMA4SCNTIF 	EQU 	0
DMA4SCNTIP 	EQU 	0
DMANAIRQ 	EQU 	86
DMANBUF 	EQU 	65
DMANCON0 	EQU 	84
DMANCON0_EN 	EQU 	7
DMANCON1 	EQU 	85
DMANDCNT 	EQU 	66
DMANDCNTH 	EQU 	67
DMANDCNTL 	EQU 	66
DMANDPTR 	EQU 	68
DMANDPTRH 	EQU 	69
DMANDPTRL 	EQU 	68
DMANDSA 	EQU 	72
DMANDSAH 	EQU 	73
DMANDSAL 	EQU 	72
DMANDSZ 	EQU 	70
DMANDSZH 	EQU 	71
DMANDSZL 	EQU 	70
DMANSCNT 	EQU 	74
DMANSCNTH 	EQU 	75
DMANSCNTL 	EQU 	74
DMANSIRQ 	EQU 	87
DMANSPTR 	EQU 	76
DMANSPTRH 	EQU 	77
DMANSPTRL 	EQU 	76
DMANSPTRU 	EQU 	78
DMANSSA 	EQU 	81
DMANSSAH 	EQU 	82
DMANSSAL 	EQU 	81
DMANSSAU 	EQU 	83
DMANSSZ 	EQU 	79
DMANSSZH 	EQU 	80
DMANSSZL 	EQU 	79
DMASELECT 	EQU 	64
DOE 	EQU 	4
DONE 	EQU 	0
DOZE0 	EQU 	0
DOZE1 	EQU 	1
DOZE2 	EQU 	2
DOZEN 	EQU 	6
DPTR0 	EQU 	0
DPTR1 	EQU 	1
DPTR10 	EQU 	2
DPTR11 	EQU 	3
DPTR12 	EQU 	4
DPTR13 	EQU 	5
DPTR14 	EQU 	6
DPTR15 	EQU 	7
DPTR2 	EQU 	2
DPTR3 	EQU 	3
DPTR4 	EQU 	4
DPTR5 	EQU 	5
DPTR6 	EQU 	6
DPTR7 	EQU 	7
DPTR8 	EQU 	0
DPTR9 	EQU 	1
DSA0 	EQU 	0
DSA1 	EQU 	1
DSA10 	EQU 	2
DSA11 	EQU 	3
DSA12 	EQU 	4
DSA13 	EQU 	5
DSA14 	EQU 	6
DSA15 	EQU 	7
DSA2 	EQU 	2
DSA3 	EQU 	3
DSA4 	EQU 	4
DSA5 	EQU 	5
DSA6 	EQU 	6
DSA7 	EQU 	7
DSA8 	EQU 	0
DSA9 	EQU 	1
DSEN 	EQU 	0
DSTP 	EQU 	5
DSZ0 	EQU 	0
DSZ1 	EQU 	1
DSZ10 	EQU 	2
DSZ11 	EQU 	3
DSZ2 	EQU 	2
DSZ3 	EQU 	3
DSZ4 	EQU 	4
DSZ5 	EQU 	5
DSZ6 	EQU 	6
DSZ7 	EQU 	7
DSZ8 	EQU 	0
DSZ9 	EQU 	1
EC2 	EQU 	2
ELSE11_1 	EQU 	168
EN 	EQU 	7
ENDIF1 	EQU 	88
ENDIF11 	EQU 	170
ENDIF3 	EQU 	270
ENDIF4 	EQU 	280
ENDIF5 	EQU 	292
ENDIF6 	EQU 	304
ENDIF7 	EQU 	224
ENDIF8 	EQU 	238
EOSIE 	EQU 	4
EOSIF 	EQU 	4
EPOL 	EQU 	7
ERR0 	EQU 	0
ERR1 	EQU 	1
ERR10 	EQU 	2
ERR11 	EQU 	3
ERR12 	EQU 	4
ERR13 	EQU 	5
ERR14 	EQU 	6
ERR15 	EQU 	7
ERR2 	EQU 	2
ERR3 	EQU 	3
ERR4 	EQU 	4
ERR5 	EQU 	5
ERR6 	EQU 	6
ERR7 	EQU 	7
ERR8 	EQU 	0
ERR9 	EQU 	1
ERS0 	EQU 	0
ERS1 	EQU 	1
ERS2 	EQU 	2
ERS3 	EQU 	3
ERS4 	EQU 	4
ERS5 	EQU 	5
ERSNOW 	EQU 	0
ERSPOL 	EQU 	1
EXTOEN 	EQU 	7
EXTOR 	EQU 	7
F 	EQU 	1
FERIE 	EQU 	3
FERIF 	EQU 	3
FHDRE 	EQU 	2
FLO0 	EQU 	0
FLO1 	EQU 	1
FLTEN 	EQU 	2
FLTR0 	EQU 	0
FLTR1 	EQU 	1
FLTR10 	EQU 	2
FLTR11 	EQU 	3
FLTR12 	EQU 	4
FLTR13 	EQU 	5
FLTR14 	EQU 	6
FLTR15 	EQU 	7
FLTR2 	EQU 	2
FLTR3 	EQU 	3
FLTR4 	EQU 	4
FLTR5 	EQU 	5
FLTR6 	EQU 	6
FLTR7 	EQU 	7
FLTR8 	EQU 	0
FLTR9 	EQU 	1
FM0 	EQU 	2
FME0 	EQU 	2
FME1 	EQU 	3
FMT 	EQU 	4
FRQ0 	EQU 	0
FRQ1 	EQU 	1
FRQ2 	EQU 	2
FRQ3 	EQU 	3
FSCMCON 	EQU 	130
FSCMFEV 	EQU 	0
FSCMFFI 	EQU 	1
FSCMPEV 	EQU 	2
FSCMPFI 	EQU 	3
FSCMSEV 	EQU 	4
FSCMSFI 	EQU 	5
FSR0H 	EQU 	1258
FSR0H_SHAD 	EQU 	893
FSR0L 	EQU 	1257
FSR0L_SHAD 	EQU 	892
FSR0_SHAD 	EQU 	892
FSR1H 	EQU 	1250
FSR1H_SHAD 	EQU 	895
FSR1L 	EQU 	1249
FSR1L_SHAD 	EQU 	894
FSR1_SHAD 	EQU 	894
FSR2H 	EQU 	1242
FSR2H_SHAD 	EQU 	897
FSR2L 	EQU 	1241
FSR2L_SHAD 	EQU 	896
FSR2_SHAD 	EQU 	896
FST 	EQU 	4
FULL 	EQU 	0
FVRCON 	EQU 	513
FVRCON_EN 	EQU 	7
FVREN 	EQU 	7
FVRMD 	EQU 	1
FVRRDY 	EQU 	6
G1D1N 	EQU 	0
G1D1T 	EQU 	1
G1D2N 	EQU 	2
G1D2T 	EQU 	3
G1D3N 	EQU 	4
G1D3T 	EQU 	5
G1D4N 	EQU 	6
G1D4T 	EQU 	7
G1EN 	EQU 	7
G1POL 	EQU 	0
G2D1N 	EQU 	0
G2D1T 	EQU 	1
G2D2N 	EQU 	2
G2D2T 	EQU 	3
G2D3N 	EQU 	4
G2D3T 	EQU 	5
G2D4N 	EQU 	6
G2D4T 	EQU 	7
G2POL 	EQU 	1
G3D1N 	EQU 	0
G3D1T 	EQU 	1
G3D2N 	EQU 	2
G3D2T 	EQU 	3
G3D3N 	EQU 	4
G3D3T 	EQU 	5
G3D4N 	EQU 	6
G3D4T 	EQU 	7
G3POL 	EQU 	2
G4D1N 	EQU 	0
G4D1T 	EQU 	1
G4D2N 	EQU 	2
G4D2T 	EQU 	3
G4D3N 	EQU 	4
G4D3T 	EQU 	5
G4D4N 	EQU 	6
G4D4T 	EQU 	7
G4POL 	EQU 	3
GCEN 	EQU 	6
GE 	EQU 	7
GGO 	EQU 	3
GGO_NDONE 	EQU 	3
GGO_NOT_DONE 	EQU 	3
GIE 	EQU 	7
GIEH 	EQU 	7
GIEL 	EQU 	6
GO_ADCON0 	EQU 	0
GO_CRCCON0 	EQU 	6
GO_DONE 	EQU 	0
GO_NDONE 	EQU 	0
GO_NOT_DONE 	EQU 	0
GO_NVMCON0 	EQU 	0
GPOL_ADCON1 	EQU 	5
GPOL_T1GCON 	EQU 	6
GSPM 	EQU 	4
GSS0 	EQU 	0
GSS1 	EQU 	1
GSS2 	EQU 	2
GSS3 	EQU 	3
GTM 	EQU 	5
GVAL 	EQU 	2
HADR0 	EQU 	0
HADR1 	EQU 	1
HADR10 	EQU 	2
HADR11 	EQU 	3
HADR12 	EQU 	4
HADR13 	EQU 	5
HADR14 	EQU 	6
HADR15 	EQU 	7
HADR16 	EQU 	0
HADR17 	EQU 	1
HADR18 	EQU 	2
HADR19 	EQU 	3
HADR2 	EQU 	2
HADR20 	EQU 	4
HADR21 	EQU 	5
HADR3 	EQU 	3
HADR4 	EQU 	4
HADR5 	EQU 	5
HADR6 	EQU 	6
HADR7 	EQU 	7
HADR8 	EQU 	0
HADR9 	EQU 	1
HDRCAP 	EQU 	1
HFOEN 	EQU 	6
HFOR 	EQU 	6
HJCAP 	EQU 	0
HJEIE 	EQU 	4
HJEIF 	EQU 	4
HJEN 	EQU 	3
HJREQ 	EQU 	1
HLVDCON0 	EQU 	514
HLVDCON0_EN 	EQU 	7
HLVDCON1 	EQU 	515
HLVDEN 	EQU 	7
HLVDIE 	EQU 	5
HLVDIF 	EQU 	5
HLVDINTH 	EQU 	1
HLVDINTL 	EQU 	0
HLVDIP 	EQU 	5
HLVDMD 	EQU 	2
HLVDOUT 	EQU 	5
HLVDRDY 	EQU 	4
HLVDSEL0 	EQU 	0
HLVDSEL1 	EQU 	1
HLVDSEL2 	EQU 	2
HLVDSEL3 	EQU 	3
I2C1ADB0 	EQU 	497
I2C1ADB1 	EQU 	498
I2C1ADR0 	EQU 	499
I2C1ADR1 	EQU 	500
I2C1ADR2 	EQU 	501
I2C1ADR3 	EQU 	502
I2C1BAUD 	EQU 	504
I2C1BTO 	EQU 	503
I2C1BTOC 	EQU 	506
I2C1CLK 	EQU 	505
I2C1CLK_CLK0 	EQU 	0
I2C1CLK_CLK1 	EQU 	1
I2C1CLK_CLK2 	EQU 	2
I2C1CLK_CLK3 	EQU 	3
I2C1CNT 	EQU 	493
I2C1CNT0 	EQU 	0
I2C1CNT1 	EQU 	1
I2C1CNT10 	EQU 	2
I2C1CNT11 	EQU 	3
I2C1CNT12 	EQU 	4
I2C1CNT13 	EQU 	5
I2C1CNT14 	EQU 	6
I2C1CNT15 	EQU 	7
I2C1CNT2 	EQU 	2
I2C1CNT3 	EQU 	3
I2C1CNT4 	EQU 	4
I2C1CNT5 	EQU 	5
I2C1CNT6 	EQU 	6
I2C1CNT7 	EQU 	7
I2C1CNT8 	EQU 	0
I2C1CNT9 	EQU 	1
I2C1CNTH 	EQU 	494
I2C1CNTL 	EQU 	493
I2C1CON0 	EQU 	486
I2C1CON0_EN 	EQU 	7
I2C1CON0_MODE0 	EQU 	0
I2C1CON0_MODE1 	EQU 	1
I2C1CON0_MODE2 	EQU 	2
I2C1CON1 	EQU 	487
I2C1CON2 	EQU 	488
I2C1CON3 	EQU 	489
I2C1EIE 	EQU 	6
I2C1EIF 	EQU 	6
I2C1EIP 	EQU 	6
I2C1ERR 	EQU 	492
I2C1IE 	EQU 	5
I2C1IF 	EQU 	5
I2C1IP 	EQU 	5
I2C1MD 	EQU 	6
I2C1PIE 	EQU 	491
I2C1PIR 	EQU 	490
I2C1RXB 	EQU 	495
I2C1RXIE 	EQU 	3
I2C1RXIF 	EQU 	3
I2C1RXIP 	EQU 	3
I2C1SCLPPS 	EQU 	941
I2C1SCLPPS0 	EQU 	0
I2C1SCLPPS1 	EQU 	1
I2C1SCLPPS2 	EQU 	2
I2C1SCLPPS3 	EQU 	3
I2C1SCLPPS4 	EQU 	4
I2C1SDAPPS 	EQU 	942
I2C1SDAPPS0 	EQU 	0
I2C1SDAPPS1 	EQU 	1
I2C1SDAPPS2 	EQU 	2
I2C1SDAPPS3 	EQU 	3
I2C1SDAPPS4 	EQU 	4
I2C1STAT0 	EQU 	484
I2C1STAT1 	EQU 	485
I2C1STAT1_CLRBF 	EQU 	2
I2C1STAT1_RXBF 	EQU 	0
I2C1STAT1_RXRE 	EQU 	3
I2C1STAT1_TXBE 	EQU 	5
I2C1STAT1_TXWE 	EQU 	7
I2C1TXB 	EQU 	496
I2C1TXIE 	EQU 	4
I2C1TXIF 	EQU 	4
I2C1TXIP 	EQU 	4
I2CACKIE 	EQU 	4
I2CACKIF 	EQU 	4
I2CBTOC0 	EQU 	0
I2CBTOC1 	EQU 	1
I2CBTOC2 	EQU 	2
I2CCLK0 	EQU 	0
I2CCLK1 	EQU 	1
I2CCLK2 	EQU 	2
I2CCLK3 	EQU 	3
I2CEN 	EQU 	7
I2CNACKIE 	EQU 	7
I2CNACKIF 	EQU 	7
I3C1BAVL 	EQU 	148
I3C1BCR 	EQU 	168
I3C1BIDL 	EQU 	146
I3C1BIDLH 	EQU 	147
I3C1BIDLL 	EQU 	146
I3C1BSTAT 	EQU 	137
I3C1BTO 	EQU 	149
I3C1BTOH 	EQU 	150
I3C1BTOL 	EQU 	149
I3C1BUSCXT 	EQU 	178
I3C1CCC 	EQU 	179
I3C1CLK 	EQU 	181
I3C1CON0 	EQU 	131
I3C1CON1 	EQU 	132
I3C1DADR 	EQU 	155
I3C1DCR 	EQU 	169
I3C1DSTAT0 	EQU 	170
I3C1DSTAT1 	EQU 	171
I3C1EC 	EQU 	156
I3C1EIE 	EQU 	3
I3C1EIF 	EQU 	3
I3C1EIP 	EQU 	3
I3C1ERRIE0 	EQU 	144
I3C1ERRIE0_BTOIE 	EQU 	1
I3C1ERRIE0_RXOIE 	EQU 	5
I3C1ERRIE0_TXUIE 	EQU 	6
I3C1ERRIE1 	EQU 	145
I3C1ERRIR0 	EQU 	140
I3C1ERRIR0_BTOIF 	EQU 	1
I3C1ERRIR0_RXOIF 	EQU 	5
I3C1ERRIR0_TXUIF 	EQU 	6
I3C1ERRIR1 	EQU 	141
I3C1FEAT 	EQU 	153
I3C1I2CCON 	EQU 	180
I3C1I2CCON_FLTEN 	EQU 	2
I3C1IBIMDB 	EQU 	151
I3C1IBIPSZ 	EQU 	161
I3C1IE 	EQU 	2
I3C1IF 	EQU 	2
I3C1IP 	EQU 	2
I3C1MD 	EQU 	7
I3C1MRL 	EQU 	159
I3C1MRLH 	EQU 	160
I3C1MRLL 	EQU 	159
I3C1MRS 	EQU 	173
I3C1MRT 	EQU 	174
I3C1MRTH 	EQU 	175
I3C1MRTL 	EQU 	174
I3C1MRTU 	EQU 	176
I3C1MWL 	EQU 	157
I3C1MWLH 	EQU 	158
I3C1MWLL 	EQU 	157
I3C1MWS 	EQU 	172
I3C1PID0 	EQU 	162
I3C1PID1 	EQU 	163
I3C1PID2 	EQU 	164
I3C1PID3 	EQU 	165
I3C1PID4 	EQU 	166
I3C1PID5 	EQU 	167
I3C1PIE0 	EQU 	142
I3C1PIE0_PCIE 	EQU 	6
I3C1PIE0_RSCIE 	EQU 	5
I3C1PIE0_SCIE 	EQU 	7
I3C1PIE1 	EQU 	143
I3C1PIR0 	EQU 	138
I3C1PIR0_PCIF 	EQU 	6
I3C1PIR0_RSCIF 	EQU 	5
I3C1PIR0_SCIF 	EQU 	7
I3C1PIR1 	EQU 	139
I3C1RETRY 	EQU 	152
I3C1RIE 	EQU 	4
I3C1RIF 	EQU 	4
I3C1RIP 	EQU 	4
I3C1RSTACT 	EQU 	177
I3C1RXB 	EQU 	133
I3C1RXIE 	EQU 	0
I3C1RXIF 	EQU 	0
I3C1RXIP 	EQU 	0
I3C1SADR 	EQU 	154
I3C1STAT0 	EQU 	135
I3C1STAT0_I3C1STAT0_I3C1STAT0_I3C1STAT0_RXBF 	EQU 	2
I3C1STAT0_I3C1STAT0_I3C1STAT0_I3C1STAT0_TXBE 	EQU 	3
I3C1STAT1 	EQU 	136
I3C1TXB 	EQU 	134
I3C1TXIE 	EQU 	1
I3C1TXIF 	EQU 	1
I3C1TXIP 	EQU 	1
I3C2BAVL 	EQU 	199
I3C2BCR 	EQU 	219
I3C2BCR_BCR0 	EQU 	0
I3C2BCR_BCR1 	EQU 	1
I3C2BCR_BCR2 	EQU 	2
I3C2BCR_BCR3 	EQU 	3
I3C2BCR_BCR4 	EQU 	4
I3C2BCR_BCR5 	EQU 	5
I3C2BCR_BCR6 	EQU 	6
I3C2BCR_BCR7 	EQU 	7
I3C2BIDL 	EQU 	197
I3C2BIDLH 	EQU 	198
I3C2BIDLL 	EQU 	197
I3C2BSTAT 	EQU 	188
I3C2BSTAT_TE0ERR 	EQU 	0
I3C2BSTAT_TE1ERR 	EQU 	1
I3C2BSTAT_TE2ERR 	EQU 	2
I3C2BSTAT_TE3ERR 	EQU 	3
I3C2BSTAT_TE4ERR 	EQU 	4
I3C2BSTAT_TE5ERR 	EQU 	5
I3C2BSTAT_TE6ERR 	EQU 	6
I3C2BTO 	EQU 	200
I3C2BTOH 	EQU 	201
I3C2BTOL 	EQU 	200
I3C2BUSCXT 	EQU 	229
I3C2CCC 	EQU 	230
I3C2CLK 	EQU 	232
I3C2CLK_CLK0 	EQU 	0
I3C2CLK_CLK1 	EQU 	1
I3C2CLK_CLK2 	EQU 	2
I3C2CLK_CLK3 	EQU 	3
I3C2CON0 	EQU 	182
I3C2CON0_ACKP 	EQU 	2
I3C2CON0_BTOEN 	EQU 	6
I3C2CON0_CLRRXB 	EQU 	3
I3C2CON0_CLRTXB 	EQU 	4
I3C2CON0_EN 	EQU 	7
I3C2CON0_HJREQ 	EQU 	1
I3C2CON0_IBIREQ 	EQU 	0
I3C2CON0_RST 	EQU 	5
I3C2CON1 	EQU 	183
I3C2CON1_ACKPOS 	EQU 	0
I3C2CON1_FHDRE 	EQU 	2
I3C2CON1_SASDRMD 	EQU 	1
I3C2DADR 	EQU 	206
I3C2DCR 	EQU 	220
I3C2DSTAT0 	EQU 	221
I3C2DSTAT0_ACTMODE0 	EQU 	6
I3C2DSTAT0_ACTMODE1 	EQU 	7
I3C2DSTAT0_INPEND0 	EQU 	0
I3C2DSTAT0_INTPEND1 	EQU 	1
I3C2DSTAT0_INTPEND2 	EQU 	2
I3C2DSTAT0_INTPEND3 	EQU 	3
I3C2DSTAT0_PERR 	EQU 	5
I3C2DSTAT1 	EQU 	222
I3C2DSTAT1_VRSV0 	EQU 	0
I3C2DSTAT1_VRSV1 	EQU 	1
I3C2DSTAT1_VRSV2 	EQU 	2
I3C2DSTAT1_VRSV3 	EQU 	3
I3C2DSTAT1_VRSV4 	EQU 	4
I3C2DSTAT1_VRSV5 	EQU 	5
I3C2DSTAT1_VRSV6 	EQU 	6
I3C2DSTAT1_VRSV7 	EQU 	7
I3C2EC 	EQU 	207
I3C2EC_CREN 	EQU 	1
I3C2EC_EC2 	EQU 	2
I3C2EC_HJEN 	EQU 	3
I3C2EC_IBIEN 	EQU 	0
I3C2EIE 	EQU 	3
I3C2EIF 	EQU 	3
I3C2EIP 	EQU 	3
I3C2ERRIE0 	EQU 	195
I3C2ERRIE0_BTOIE 	EQU 	1
I3C2ERRIE0_BUSEIE 	EQU 	2
I3C2ERRIE0_HJEIE 	EQU 	4
I3C2ERRIE0_I2CNACKIE 	EQU 	7
I3C2ERRIE0_IBIEIE 	EQU 	3
I3C2ERRIE0_RXOIE 	EQU 	5
I3C2ERRIE0_TXUIE 	EQU 	6
I3C2ERRIE0_UCCCIE 	EQU 	0
I3C2ERRIE1 	EQU 	196
I3C2ERRIE1_ABEIE 	EQU 	3
I3C2ERRIE1_MWLOEIE 	EQU 	2
I3C2ERRIE1_RXREIE 	EQU 	0
I3C2ERRIE1_TXWEIE 	EQU 	1
I3C2ERRIR0 	EQU 	191
I3C2ERRIR0_BTOIF 	EQU 	1
I3C2ERRIR0_BUSEIF 	EQU 	2
I3C2ERRIR0_HJEIF 	EQU 	4
I3C2ERRIR0_I2CNACKIF 	EQU 	7
I3C2ERRIR0_IBIEIF 	EQU 	3
I3C2ERRIR0_RXOIF 	EQU 	5
I3C2ERRIR0_TXUIF 	EQU 	6
I3C2ERRIR0_UCCCIF 	EQU 	0
I3C2ERRIR1 	EQU 	192
I3C2ERRIR1_ABEIF 	EQU 	3
I3C2ERRIR1_MWLOEIF 	EQU 	2
I3C2ERRIR1_RXREIF 	EQU 	0
I3C2ERRIR1_TXWEIF 	EQU 	1
I3C2FEAT 	EQU 	204
I3C2FEAT_HDRCAP 	EQU 	1
I3C2FEAT_HJCAP 	EQU 	0
I3C2I2CCON 	EQU 	231
I3C2I2CCON_FLTEN 	EQU 	2
I3C2IBIMDB 	EQU 	202
I3C2IBIPSZ 	EQU 	212
I3C2IE 	EQU 	2
I3C2IF 	EQU 	2
I3C2IP 	EQU 	2
I3C2MD 	EQU 	0
I3C2MRL 	EQU 	210
I3C2MRLH 	EQU 	211
I3C2MRLL 	EQU 	210
I3C2MRS 	EQU 	224
I3C2MRS_MRS0 	EQU 	0
I3C2MRS_MRS1 	EQU 	1
I3C2MRS_MRS2 	EQU 	2
I3C2MRS_MRS3 	EQU 	3
I3C2MRS_MRS4 	EQU 	4
I3C2MRS_MRS5 	EQU 	5
I3C2MRS_MRS6 	EQU 	6
I3C2MRS_MRS7 	EQU 	7
I3C2MRT 	EQU 	225
I3C2MRTH 	EQU 	226
I3C2MRTL 	EQU 	225
I3C2MRTU 	EQU 	227
I3C2MWL 	EQU 	208
I3C2MWLH 	EQU 	209
I3C2MWLL 	EQU 	208
I3C2MWS 	EQU 	223
I3C2MWS_MWS0 	EQU 	0
I3C2MWS_MWS1 	EQU 	1
I3C2MWS_MWS2 	EQU 	2
I3C2MWS_MWS3 	EQU 	3
I3C2MWS_MWS4 	EQU 	4
I3C2MWS_MWS5 	EQU 	5
I3C2MWS_MWS6 	EQU 	6
I3C2MWS_MWS7 	EQU 	7
I3C2PID0 	EQU 	213
I3C2PID0_PID0 	EQU 	0
I3C2PID0_PID1 	EQU 	1
I3C2PID0_PID2 	EQU 	2
I3C2PID0_PID3 	EQU 	3
I3C2PID0_PID4 	EQU 	4
I3C2PID0_PID5 	EQU 	5
I3C2PID0_PID6 	EQU 	6
I3C2PID0_PID7 	EQU 	7
I3C2PID1 	EQU 	214
I3C2PID1_PID10 	EQU 	2
I3C2PID1_PID11 	EQU 	3
I3C2PID1_PID12 	EQU 	4
I3C2PID1_PID13 	EQU 	5
I3C2PID1_PID14 	EQU 	6
I3C2PID1_PID15 	EQU 	7
I3C2PID1_PID8 	EQU 	0
I3C2PID1_PID9 	EQU 	1
I3C2PID2 	EQU 	215
I3C2PID2_PID16 	EQU 	0
I3C2PID2_PID17 	EQU 	1
I3C2PID2_PID18 	EQU 	2
I3C2PID2_PID19 	EQU 	3
I3C2PID2_PID20 	EQU 	4
I3C2PID2_PID21 	EQU 	5
I3C2PID2_PID22 	EQU 	6
I3C2PID2_PID23 	EQU 	7
I3C2PID3 	EQU 	216
I3C2PID3_PID24 	EQU 	0
I3C2PID3_PID25 	EQU 	1
I3C2PID3_PID26 	EQU 	2
I3C2PID3_PID27 	EQU 	3
I3C2PID3_PID28 	EQU 	4
I3C2PID3_PID29 	EQU 	5
I3C2PID3_PID30 	EQU 	6
I3C2PID3_PID31 	EQU 	7
I3C2PID4 	EQU 	217
I3C2PID4_PID32 	EQU 	0
I3C2PID4_PID33 	EQU 	1
I3C2PID4_PID34 	EQU 	2
I3C2PID4_PID35 	EQU 	3
I3C2PID4_PID36 	EQU 	4
I3C2PID4_PID37 	EQU 	5
I3C2PID4_PID38 	EQU 	6
I3C2PID4_PID39 	EQU 	7
I3C2PID5 	EQU 	218
I3C2PID5_PID40 	EQU 	0
I3C2PID5_PID41 	EQU 	1
I3C2PID5_PID42 	EQU 	2
I3C2PID5_PID43 	EQU 	3
I3C2PID5_PID44 	EQU 	4
I3C2PID5_PID45 	EQU 	5
I3C2PID5_PID46 	EQU 	6
I3C2PID5_PID47 	EQU 	7
I3C2PIE0 	EQU 	193
I3C2PIE0_BTFIE 	EQU 	1
I3C2PIE0_DADRIE 	EQU 	2
I3C2PIE0_I2CACKIE 	EQU 	4
I3C2PIE0_PCIE 	EQU 	6
I3C2PIE0_RSCIE 	EQU 	5
I3C2PIE0_SADRIE 	EQU 	3
I3C2PIE0_SCCCIE 	EQU 	0
I3C2PIE0_SCIE 	EQU 	7
I3C2PIE1 	EQU 	194
I3C2PIE1_DACHIE 	EQU 	6
I3C2PIE1_IBIDONEIE 	EQU 	5
I3C2PIE1_TCOMPIE 	EQU 	7
I3C2PIR0 	EQU 	189
I3C2PIR0_BTFIF 	EQU 	1
I3C2PIR0_DADRIF 	EQU 	2
I3C2PIR0_I2CACKIF 	EQU 	4
I3C2PIR0_PCIF 	EQU 	6
I3C2PIR0_RSCIF 	EQU 	5
I3C2PIR0_SADRIF 	EQU 	3
I3C2PIR0_SCCCIF 	EQU 	0
I3C2PIR0_SCIF 	EQU 	7
I3C2PIR1 	EQU 	190
I3C2PIR1_DACHIF 	EQU 	6
I3C2PIR1_IBIDONEIF 	EQU 	5
I3C2PIR1_TCOMPIF 	EQU 	7
I3C2RETRY 	EQU 	203
I3C2RIE 	EQU 	4
I3C2RIF 	EQU 	4
I3C2RIP 	EQU 	4
I3C2RSTACT 	EQU 	228
I3C2RXB 	EQU 	184
I3C2RXIE 	EQU 	0
I3C2RXIF 	EQU 	0
I3C2RXIP 	EQU 	0
I3C2SADR 	EQU 	205
I3C2STAT0 	EQU 	186
I3C2STAT0_BFREE 	EQU 	7
I3C2STAT0_RSTDET 	EQU 	4
I3C2STAT0_RXBF 	EQU 	2
I3C2STAT0_TXBE 	EQU 	3
I3C2STAT1 	EQU 	187
I3C2STAT1_TXFNE 	EQU 	0
I3C2TXB 	EQU 	185
I3C2TXIE 	EQU 	1
I3C2TXIF 	EQU 	1
I3C2TXIP 	EQU 	1
IBIDONEIE 	EQU 	5
IBIDONEIF 	EQU 	5
IBIEIE 	EQU 	3
IBIEIF 	EQU 	3
IBIEN 	EQU 	0
IBIREQ 	EQU 	0
IDLEN 	EQU 	7
IN 	EQU 	5
IN0 	EQU 	0
IN1 	EQU 	1
IN2 	EQU 	2
INDF0 	EQU 	1263
INDF1 	EQU 	1255
INDF2 	EQU 	1247
INITSYS 	EQU 	102
INITTIMER0184 	EQU 	148
INLVLA 	EQU 	1050
INLVLA0 	EQU 	0
INLVLA1 	EQU 	1
INLVLA2 	EQU 	2
INLVLA3 	EQU 	3
INLVLA4 	EQU 	4
INLVLA5 	EQU 	5
INLVLB 	EQU 	1060
INLVLB5 	EQU 	5
INLVLB6 	EQU 	6
INLVLB7 	EQU 	7
INLVLC 	EQU 	1070
INLVLC0 	EQU 	0
INLVLC1 	EQU 	1
INLVLC3 	EQU 	3
INLVLC4 	EQU 	4
INLVLC5 	EQU 	5
INLVLC6 	EQU 	6
INLVLC7 	EQU 	7
INPEND0 	EQU 	0
INT0EDG 	EQU 	0
INT0IE 	EQU 	1
INT0IF 	EQU 	1
INT0IP 	EQU 	1
INT0PPS 	EQU 	850
INT0PPS0 	EQU 	0
INT0PPS1 	EQU 	1
INT0PPS2 	EQU 	2
INT0PPS3 	EQU 	3
INT0PPS4 	EQU 	4
INT1EDG 	EQU 	1
INT1IE 	EQU 	2
INT1IF 	EQU 	2
INT1IP 	EQU 	2
INT1PPS 	EQU 	851
INT1PPS0 	EQU 	0
INT1PPS1 	EQU 	1
INT1PPS2 	EQU 	2
INT1PPS3 	EQU 	3
INT1PPS4 	EQU 	4
INT2EDG 	EQU 	2
INT2IE 	EQU 	3
INT2IF 	EQU 	3
INT2IP 	EQU 	3
INT2PPS 	EQU 	852
INT2PPS0 	EQU 	0
INT2PPS1 	EQU 	1
INT2PPS2 	EQU 	2
INT2PPS3 	EQU 	3
INT2PPS4 	EQU 	4
INTCON0 	EQU 	1121
INTCON1 	EQU 	1122
INTERRUPT 	EQU 	192
INTERRUPTDONE 	EQU 	206
INTH 	EQU 	1
INTL 	EQU 	0
INTN_CLCNCON 	EQU 	3
INTPEND1 	EQU 	1
INTPEND2 	EQU 	2
INTPEND3 	EQU 	3
INTP_CLCNCON 	EQU 	4
IOCAF 	EQU 	1053
IOCAF0 	EQU 	0
IOCAF1 	EQU 	1
IOCAF2 	EQU 	2
IOCAF3 	EQU 	3
IOCAF4 	EQU 	4
IOCAF5 	EQU 	5
IOCAN 	EQU 	1052
IOCAN0 	EQU 	0
IOCAN1 	EQU 	1
IOCAN2 	EQU 	2
IOCAN3 	EQU 	3
IOCAN4 	EQU 	4
IOCAN5 	EQU 	5
IOCAP 	EQU 	1051
IOCAP0 	EQU 	0
IOCAP1 	EQU 	1
IOCAP2 	EQU 	2
IOCAP3 	EQU 	3
IOCAP4 	EQU 	4
IOCAP5 	EQU 	5
IOCBF 	EQU 	1063
IOCBF5 	EQU 	5
IOCBF6 	EQU 	6
IOCBF7 	EQU 	7
IOCBN 	EQU 	1062
IOCBN5 	EQU 	5
IOCBN6 	EQU 	6
IOCBN7 	EQU 	7
IOCBP 	EQU 	1061
IOCBP5 	EQU 	5
IOCBP6 	EQU 	6
IOCBP7 	EQU 	7
IOCCF 	EQU 	1073
IOCCF0 	EQU 	0
IOCCF1 	EQU 	1
IOCCF3 	EQU 	3
IOCCF4 	EQU 	4
IOCCF5 	EQU 	5
IOCCF6 	EQU 	6
IOCCF7 	EQU 	7
IOCCN 	EQU 	1072
IOCCN0 	EQU 	0
IOCCN1 	EQU 	1
IOCCN3 	EQU 	3
IOCCN4 	EQU 	4
IOCCN5 	EQU 	5
IOCCN6 	EQU 	6
IOCCN7 	EQU 	7
IOCCP 	EQU 	1071
IOCCP0 	EQU 	0
IOCCP1 	EQU 	1
IOCCP3 	EQU 	3
IOCCP4 	EQU 	4
IOCCP5 	EQU 	5
IOCCP6 	EQU 	6
IOCCP7 	EQU 	7
IOCIE 	EQU 	4
IOCIF 	EQU 	4
IOCIP 	EQU 	4
IOCMD 	EQU 	2
IOCSRIE 	EQU 	7
IOCSRIF 	EQU 	7
IOCSRIP 	EQU 	7
IOCWF 	EQU 	1113
IOCWF0 	EQU 	0
IOCWF1 	EQU 	1
IOCWF2 	EQU 	2
IOCWF3 	EQU 	3
IOCWF4 	EQU 	4
IOCWF5 	EQU 	5
IOCWF6 	EQU 	6
IOCWF7 	EQU 	7
IOCWN 	EQU 	1112
IOCWN0 	EQU 	0
IOCWN1 	EQU 	1
IOCWN2 	EQU 	2
IOCWN3 	EQU 	3
IOCWN4 	EQU 	4
IOCWN5 	EQU 	5
IOCWN6 	EQU 	6
IOCWN7 	EQU 	7
IOCWP 	EQU 	1111
IOCWP0 	EQU 	0
IOCWP1 	EQU 	1
IOCWP2 	EQU 	2
IOCWP3 	EQU 	3
IOCWP4 	EQU 	4
IOCWP5 	EQU 	5
IOCWP6 	EQU 	6
IOCWP7 	EQU 	7
IPEN_ADCON1 	EQU 	6
IPEN_INTCON0 	EQU 	5
IPR0 	EQU 	1149
IPR1 	EQU 	1150
IPR2 	EQU 	1151
IPR3 	EQU 	1152
IPR4 	EQU 	1153
IPR5 	EQU 	1154
IPR6 	EQU 	1155
IPR7 	EQU 	1156
IPR8 	EQU 	1157
IPR9 	EQU 	1158
ISM0 	EQU 	0
ISM1 	EQU 	1
ISM2 	EQU 	2
ISM3 	EQU 	3
ISM4 	EQU 	4
ISRPR 	EQU 	58
ISRPR0 	EQU 	0
ISRPR1 	EQU 	1
ISRPR2 	EQU 	2
IVTAD 	EQU 	1123
IVTADH 	EQU 	1124
IVTADL 	EQU 	1123
IVTADU 	EQU 	1125
IVTBASE 	EQU 	1126
IVTBASEH 	EQU 	1127
IVTBASEL 	EQU 	1126
IVTBASEU 	EQU 	1128
IVTLOCK 	EQU 	1120
IVTLOCKED 	EQU 	0
LADR0 	EQU 	0
LADR1 	EQU 	1
LADR10 	EQU 	2
LADR11 	EQU 	3
LADR12 	EQU 	4
LADR13 	EQU 	5
LADR14 	EQU 	6
LADR15 	EQU 	7
LADR16 	EQU 	0
LADR17 	EQU 	1
LADR18 	EQU 	2
LADR19 	EQU 	3
LADR2 	EQU 	2
LADR20 	EQU 	4
LADR21 	EQU 	5
LADR3 	EQU 	3
LADR4 	EQU 	4
LADR5 	EQU 	5
LADR6 	EQU 	6
LADR7 	EQU 	7
LADR8 	EQU 	0
LADR9 	EQU 	1
LATA 	EQU 	1171
LATA0 	EQU 	0
LATA1 	EQU 	1
LATA2 	EQU 	2
LATA4 	EQU 	4
LATA5 	EQU 	5
LATB 	EQU 	1172
LATB5 	EQU 	5
LATB6 	EQU 	6
LATB7 	EQU 	7
LATC 	EQU 	1173
LATC0 	EQU 	0
LATC1 	EQU 	1
LATC3 	EQU 	3
LATC4 	EQU 	4
LATC5 	EQU 	5
LATC6 	EQU 	6
LATC7 	EQU 	7
LATW 	EQU 	1178
LATW0 	EQU 	0
LATW1 	EQU 	1
LATW2 	EQU 	2
LATW3 	EQU 	3
LATW4 	EQU 	4
LATW5 	EQU 	5
LATW6 	EQU 	6
LATW7 	EQU 	7
LDS0 	EQU 	0
LDS1 	EQU 	1
LDS2 	EQU 	2
LDS3 	EQU 	3
LD_CWG1CON0 	EQU 	6
LD_PWM1CON 	EQU 	2
LD_PWM2CON 	EQU 	2
LENDIAN 	EQU 	1
LFOEN 	EQU 	4
LFOR 	EQU 	4
LIMIT 	EQU 	4
LOCK 	EQU 	3
LSAC0 	EQU 	2
LSAC1 	EQU 	3
LSBD0 	EQU 	4
LSBD1 	EQU 	5
LSBF 	EQU 	2
LSCA1 	EQU 	3
LSDB0 	EQU 	4
LSDB1 	EQU 	5
LTH0 	EQU 	0
LTH1 	EQU 	1
LTH10 	EQU 	2
LTH11 	EQU 	3
LTH12 	EQU 	4
LTH13 	EQU 	5
LTH14 	EQU 	6
LTH15 	EQU 	7
LTH2 	EQU 	2
LTH3 	EQU 	3
LTH4 	EQU 	4
LTH5 	EQU 	5
LTH6 	EQU 	6
LTH7 	EQU 	7
LTH8 	EQU 	0
LTH9 	EQU 	1
LTHR 	EQU 	5
MAINPR 	EQU 	57
MAINPR0 	EQU 	0
MAINPR1 	EQU 	1
MAINPR2 	EQU 	2
MATH 	EQU 	4
MD0 	EQU 	0
MD1 	EQU 	1
MD16 	EQU 	4
MD2 	EQU 	2
MDR 	EQU 	3
MEMV 	EQU 	1
MFOEN 	EQU 	5
MFOR 	EQU 	5
MMA 	EQU 	5
MODE0 	EQU 	0
MODE1 	EQU 	1
MODE2 	EQU 	2
MODE3 	EQU 	3
MODE4 	EQU 	4
MPWM1EN 	EQU 	0
MPWM1LD 	EQU 	0
MPWM2EN 	EQU 	1
MPWM2LD 	EQU 	1
MREG 	EQU 	2
MRS0 	EQU 	0
MRS1 	EQU 	1
MRS2 	EQU 	2
MRS3 	EQU 	3
MRS4 	EQU 	4
MRS5 	EQU 	5
MRS6 	EQU 	6
MRS7 	EQU 	7
MST 	EQU 	1
MVIOSTAT 	EQU 	1190
MWLOEIE 	EQU 	2
MWLOEIF 	EQU 	2
MWS0 	EQU 	0
MWS1 	EQU 	1
MWS2 	EQU 	2
MWS3 	EQU 	3
MWS4 	EQU 	4
MWS5 	EQU 	5
MWS6 	EQU 	6
MWS7 	EQU 	7
N 	EQU 	4
NACK1IE 	EQU 	0
NACK1IF 	EQU 	4
NACKIE 	EQU 	0
NACKIF 	EQU 	4
NBOR 	EQU 	0
NDIV0 	EQU 	0
NDIV1 	EQU 	1
NDIV2 	EQU 	2
NDIV3 	EQU 	3
NDONE 	EQU 	0
NMEMV 	EQU 	1
NOSC0 	EQU 	4
NOSC1 	EQU 	5
NOSC2 	EQU 	6
NOSCR 	EQU 	3
NOTTMR0IF 	EQU 	206
NOT_A 	EQU 	3
NOT_ADDRESS 	EQU 	3
NOT_BOR 	EQU 	0
NOT_DONE_NVMCON0 	EQU 	0
NOT_DONE_T1GCON 	EQU 	3
NOT_MEMV 	EQU 	1
NOT_PD 	EQU 	5
NOT_POR 	EQU 	1
NOT_PORVDDIO2 	EQU 	3
NOT_PORVDDIO3 	EQU 	4
NOT_RCM 	EQU 	0
NOT_RI 	EQU 	2
NOT_RMCLR 	EQU 	3
NOT_RVREG 	EQU 	2
NOT_RWDT 	EQU 	4
NOT_SYNC 	EQU 	2
NOT_T1DONE 	EQU 	3
NOT_T1SYNC 	EQU 	2
NOT_TO 	EQU 	6
NOT_W 	EQU 	4
NOT_WDTWV 	EQU 	5
NOT_WRITE 	EQU 	4
NPD 	EQU 	5
NPOR 	EQU 	1
NPORVDDIO2 	EQU 	3
NPORVDDIO3 	EQU 	4
NRCM 	EQU 	0
NREF0 	EQU 	4
NRI 	EQU 	2
NRMCLR 	EQU 	3
NRVREG 	EQU 	2
NRWDT 	EQU 	4
NSYNC 	EQU 	2
NT1SYNC 	EQU 	2
NTO 	EQU 	6
NVMADR 	EQU 	91
NVMADR0 	EQU 	0
NVMADR1 	EQU 	1
NVMADR10 	EQU 	2
NVMADR11 	EQU 	3
NVMADR12 	EQU 	4
NVMADR13 	EQU 	5
NVMADR14 	EQU 	6
NVMADR15 	EQU 	7
NVMADR16 	EQU 	0
NVMADR17 	EQU 	1
NVMADR18 	EQU 	2
NVMADR19 	EQU 	3
NVMADR2 	EQU 	2
NVMADR20 	EQU 	4
NVMADR21 	EQU 	5
NVMADR3 	EQU 	3
NVMADR4 	EQU 	4
NVMADR5 	EQU 	5
NVMADR6 	EQU 	6
NVMADR7 	EQU 	7
NVMADR8 	EQU 	0
NVMADR9 	EQU 	1
NVMADRH 	EQU 	92
NVMADRL 	EQU 	91
NVMADRU 	EQU 	93
NVMCON0 	EQU 	88
NVMCON1 	EQU 	89
NVMDAT 	EQU 	94
NVMDAT0 	EQU 	0
NVMDAT1 	EQU 	1
NVMDAT10 	EQU 	2
NVMDAT11 	EQU 	3
NVMDAT12 	EQU 	4
NVMDAT13 	EQU 	5
NVMDAT14 	EQU 	6
NVMDAT15 	EQU 	7
NVMDAT2 	EQU 	2
NVMDAT3 	EQU 	3
NVMDAT4 	EQU 	4
NVMDAT5 	EQU 	5
NVMDAT6 	EQU 	6
NVMDAT7 	EQU 	7
NVMDAT8 	EQU 	0
NVMDAT9 	EQU 	1
NVMDATH 	EQU 	95
NVMDATL 	EQU 	94
NVMGO 	EQU 	0
NVMIE 	EQU 	4
NVMIF 	EQU 	4
NVMIP 	EQU 	4
NVMLOCK 	EQU 	90
NWDTWV 	EQU 	5
ODCA0 	EQU 	0
ODCA1 	EQU 	1
ODCA2 	EQU 	2
ODCA4 	EQU 	4
ODCA5 	EQU 	5
ODCB5 	EQU 	5
ODCB6 	EQU 	6
ODCB7 	EQU 	7
ODCC0 	EQU 	0
ODCC1 	EQU 	1
ODCC3 	EQU 	3
ODCC4 	EQU 	4
ODCC5 	EQU 	5
ODCC6 	EQU 	6
ODCC7 	EQU 	7
ODCONA 	EQU 	1048
ODCONB 	EQU 	1058
ODCONC 	EQU 	1068
OM 	EQU 	5
ON_ADCON0 	EQU 	7
ON_T1CON 	EQU 	0
ON_T2CON 	EQU 	7
ON_T4CON 	EQU 	7
ON_TU16ACON0 	EQU 	7
ON_TU16BCON0 	EQU 	7
ON_U1CON1 	EQU 	7
ON_U2CON1 	EQU 	7
OPOL 	EQU 	4
ORDY 	EQU 	4
ORS 	EQU 	1
OSCCON1 	EQU 	122
OSCCON2 	EQU 	123
OSCCON3 	EQU 	124
OSCEN 	EQU 	126
OSCFREQ 	EQU 	128
OSCFRQ 	EQU 	128
OSCSTAT 	EQU 	125
OSCSTAT1 	EQU 	125
OSCTUNE 	EQU 	127
OSEN 	EQU 	6
OSFIE 	EQU 	1
OSFIF 	EQU 	1
OSFIP 	EQU 	1
OUT0 	EQU 	0
OUT1 	EQU 	1
OUT10 	EQU 	2
OUT11 	EQU 	3
OUT12 	EQU 	4
OUT13 	EQU 	5
OUT14 	EQU 	6
OUT15 	EQU 	7
OUT16 	EQU 	0
OUT17 	EQU 	1
OUT18 	EQU 	2
OUT19 	EQU 	3
OUT2 	EQU 	2
OUT20 	EQU 	4
OUT21 	EQU 	5
OUT22 	EQU 	6
OUT23 	EQU 	7
OUT24 	EQU 	0
OUT25 	EQU 	1
OUT26 	EQU 	2
OUT27 	EQU 	3
OUT28 	EQU 	4
OUT29 	EQU 	5
OUT3 	EQU 	3
OUT30 	EQU 	6
OUT31 	EQU 	7
OUT4 	EQU 	4
OUT5 	EQU 	5
OUT6 	EQU 	6
OUT7 	EQU 	7
OUT8 	EQU 	0
OUT9 	EQU 	1
OUTPS0 	EQU 	0
OUTPS1 	EQU 	1
OUTPS2 	EQU 	2
OUTPS3 	EQU 	3
OUT_CCP1CON 	EQU 	5
OUT_CCP2CON 	EQU 	5
OUT_CLCNCON 	EQU 	5
OUT_HLVDCON0 	EQU 	5
OUT_T0CON0 	EQU 	5
OVRA 	EQU 	4
OVRB 	EQU 	5
OVRC 	EQU 	6
OVRD 	EQU 	7
OV_ADSTAT 	EQU 	7
OV_STATUS 	EQU 	3
OV_STATUS_CSHAD 	EQU 	3
OV_STATUS_SHAD 	EQU 	3
P 	EQU 	3
P1H 	EQU 	0
P2H 	EQU 	0
P3H 	EQU 	0
PC1IE 	EQU 	2
PC1IF 	EQU 	2
PCIE 	EQU 	2
PCIF 	EQU 	2
PCL 	EQU 	1273
PCLAT 	EQU 	1273
PCLATH 	EQU 	1274
PCLATH_SHAD 	EQU 	890
PCLATU 	EQU 	1275
PCLATU_SHAD 	EQU 	891
PCLAT_SHAD 	EQU 	890
PCON0 	EQU 	1264
PCON1 	EQU 	1265
PCSC 	EQU 	1
PD 	EQU 	5
PERIE 	EQU 	6
PERIF 	EQU 	6
PERR 	EQU 	5
PID0 	EQU 	0
PID1 	EQU 	1
PID10 	EQU 	2
PID11 	EQU 	3
PID12 	EQU 	4
PID13 	EQU 	5
PID14 	EQU 	6
PID15 	EQU 	7
PID16 	EQU 	0
PID17 	EQU 	1
PID18 	EQU 	2
PID19 	EQU 	3
PID2 	EQU 	2
PID20 	EQU 	4
PID21 	EQU 	5
PID22 	EQU 	6
PID23 	EQU 	7
PID24 	EQU 	0
PID25 	EQU 	1
PID26 	EQU 	2
PID27 	EQU 	3
PID28 	EQU 	4
PID29 	EQU 	5
PID3 	EQU 	3
PID30 	EQU 	6
PID31 	EQU 	7
PID32 	EQU 	0
PID33 	EQU 	1
PID34 	EQU 	2
PID35 	EQU 	3
PID36 	EQU 	4
PID37 	EQU 	5
PID38 	EQU 	6
PID39 	EQU 	7
PID4 	EQU 	4
PID40 	EQU 	0
PID41 	EQU 	1
PID42 	EQU 	2
PID43 	EQU 	3
PID44 	EQU 	4
PID45 	EQU 	5
PID46 	EQU 	6
PID47 	EQU 	7
PID5 	EQU 	5
PID6 	EQU 	6
PID7 	EQU 	7
PID8 	EQU 	0
PID9 	EQU 	1
PIE0 	EQU 	1139
PIE1 	EQU 	1140
PIE2 	EQU 	1141
PIE3 	EQU 	1142
PIE4 	EQU 	1143
PIE5 	EQU 	1144
PIE6 	EQU 	1145
PIE7 	EQU 	1146
PIE8 	EQU 	1147
PIE9 	EQU 	1148
PIR0 	EQU 	1129
PIR1 	EQU 	1130
PIR2 	EQU 	1131
PIR3 	EQU 	1132
PIR4 	EQU 	1133
PIR5 	EQU 	1134
PIR6 	EQU 	1135
PIR7 	EQU 	1136
PIR8 	EQU 	1137
PIR9 	EQU 	1138
PLEN0 	EQU 	0
PLEN1 	EQU 	1
PLEN2 	EQU 	2
PLEN3 	EQU 	3
PLEN4 	EQU 	4
PLLEN 	EQU 	0
PLLR 	EQU 	0
PLUSW0 	EQU 	1259
PLUSW1 	EQU 	1251
PLUSW2 	EQU 	1243
PMD0 	EQU 	768
PMD1 	EQU 	769
PMD2 	EQU 	770
PMD3 	EQU 	771
PMD4 	EQU 	772
PMSYS0 	EQU 	4
PMSYS1 	EQU 	5
POL1 	EQU 	6
POL2 	EQU 	7
POLA 	EQU 	0
POLB 	EQU 	1
POLC 	EQU 	2
POLD 	EQU 	3
POL_CLCNPOL 	EQU 	7
POR 	EQU 	1
PORTA 	EQU 	1159
PORTB 	EQU 	1160
PORTC 	EQU 	1161
PORTW 	EQU 	1177
PORTWCLK 	EQU 	1187
PORTWCLK_CLK0 	EQU 	0
PORTWCLK_CLK1 	EQU 	1
PORTWCLK_CLK2 	EQU 	2
PORTWCLK_CLK3 	EQU 	3
PORTWCLK_CLK4 	EQU 	4
PORTWCON 	EQU 	1189
PORTWDF 	EQU 	1188
PORTWIN0 	EQU 	1179
PORTWIN0_IN0 	EQU 	0
PORTWIN0_IN1 	EQU 	1
PORTWIN0_IN2 	EQU 	2
PORTWIN1 	EQU 	1180
PORTWIN2 	EQU 	1181
PORTWIN2_IN0 	EQU 	0
PORTWIN2_IN1 	EQU 	1
PORTWIN2_IN2 	EQU 	2
PORTWIN3 	EQU 	1182
PORTWIN3_IN0 	EQU 	0
PORTWIN3_IN1 	EQU 	1
PORTWIN3_IN2 	EQU 	2
PORTWIN4 	EQU 	1183
PORTWIN4_IN0 	EQU 	0
PORTWIN4_IN1 	EQU 	1
PORTWIN4_IN2 	EQU 	2
PORTWIN5 	EQU 	1184
PORTWIN5_IN0 	EQU 	0
PORTWIN5_IN1 	EQU 	1
PORTWIN5_IN2 	EQU 	2
PORTWIN6 	EQU 	1185
PORTWIN6_IN0 	EQU 	0
PORTWIN6_IN1 	EQU 	1
PORTWIN6_IN2 	EQU 	2
PORTWIN7 	EQU 	1186
PORTWIN7_IN0 	EQU 	0
PORTWIN7_IN1 	EQU 	1
PORTWIN7_IN2 	EQU 	2
PORTWMD 	EQU 	1
PORVDDIO2 	EQU 	3
PORVDDIO3 	EQU 	4
POSTDEC0 	EQU 	1261
POSTDEC1 	EQU 	1253
POSTDEC2 	EQU 	1245
POSTINC0 	EQU 	1262
POSTINC1 	EQU 	1254
POSTINC2 	EQU 	1246
PPEN 	EQU 	3
PPOL 	EQU 	7
PPSLOCK 	EQU 	849
PPSLOCKED 	EQU 	0
PR0 	EQU 	260
PR0_DMA1PR 	EQU 	0
PR0_DMA2PR 	EQU 	0
PR0_DMA3PR 	EQU 	0
PR0_DMA4PR 	EQU 	0
PR0_ISRPR 	EQU 	0
PR0_MAINPR 	EQU 	0
PR0_SCANPR 	EQU 	0
PR1 	EQU 	268
PR1_DMA1PR 	EQU 	1
PR1_DMA2PR 	EQU 	1
PR1_DMA3PR 	EQU 	1
PR1_DMA4PR 	EQU 	1
PR1_ISRPR 	EQU 	1
PR1_MAINPR 	EQU 	1
PR1_SCANPR 	EQU 	1
PR2 	EQU 	282
PR2_DMA1PR 	EQU 	2
PR2_DMA2PR 	EQU 	2
PR2_DMA3PR 	EQU 	2
PR2_DMA4PR 	EQU 	2
PR2_ISRPR 	EQU 	2
PR2_MAINPR 	EQU 	2
PR2_SCANPR 	EQU 	2
PR4 	EQU 	288
PRE0 	EQU 	0
PRE1 	EQU 	1
PRE10 	EQU 	2
PRE11 	EQU 	3
PRE12 	EQU 	4
PRE2 	EQU 	2
PRE3 	EQU 	3
PRE4 	EQU 	4
PRE5 	EQU 	5
PRE6 	EQU 	6
PRE7 	EQU 	7
PRE8 	EQU 	0
PRE9 	EQU 	1
PREF0 	EQU 	0
PREF1 	EQU 	1
PREINC0 	EQU 	1260
PREINC1 	EQU 	1252
PREINC2 	EQU 	1244
PREV0 	EQU 	0
PREV1 	EQU 	1
PREV10 	EQU 	2
PREV11 	EQU 	3
PREV12 	EQU 	4
PREV13 	EQU 	5
PREV14 	EQU 	6
PREV15 	EQU 	7
PREV2 	EQU 	2
PREV3 	EQU 	3
PREV4 	EQU 	4
PREV5 	EQU 	5
PREV6 	EQU 	6
PREV7 	EQU 	7
PREV8 	EQU 	0
PREV9 	EQU 	1
PRH0 	EQU 	0
PRH1 	EQU 	1
PRH2 	EQU 	2
PRH3 	EQU 	3
PRH4 	EQU 	4
PRH5 	EQU 	5
PRH6 	EQU 	6
PRH7 	EQU 	7
PRIE 	EQU 	2
PRIF 	EQU 	2
PRL0 	EQU 	0
PRL1 	EQU 	1
PRL2 	EQU 	2
PRL3 	EQU 	3
PRL4 	EQU 	4
PRL5 	EQU 	5
PRL6 	EQU 	6
PRL7 	EQU 	7
PRLOCK 	EQU 	56
PRLOCKED 	EQU 	0
PROD 	EQU 	1267
PRODH 	EQU 	1268
PRODH_SHAD 	EQU 	899
PRODL 	EQU 	1267
PRODL_SHAD 	EQU 	898
PROD_SHAD 	EQU 	898
PRT0 	EQU 	0
PRT1 	EQU 	1
PRT2 	EQU 	2
PRT3 	EQU 	3
PRT4 	EQU 	4
PRT5 	EQU 	5
PRT6 	EQU 	6
PRT7 	EQU 	7
PS0 	EQU 	0
PS1 	EQU 	1
PS2 	EQU 	2
PS3 	EQU 	3
PS4 	EQU 	4
PS5 	EQU 	5
PS6 	EQU 	6
PS7 	EQU 	7
PSCNT0 	EQU 	0
PSCNT1 	EQU 	1
PSCNT10 	EQU 	2
PSCNT11 	EQU 	3
PSCNT12 	EQU 	4
PSCNT13 	EQU 	5
PSCNT14 	EQU 	6
PSCNT15 	EQU 	7
PSCNT16 	EQU 	0
PSCNT17 	EQU 	1
PSCNT2 	EQU 	2
PSCNT3 	EQU 	3
PSCNT4 	EQU 	4
PSCNT5 	EQU 	5
PSCNT6 	EQU 	6
PSCNT7 	EQU 	7
PSCNT8 	EQU 	0
PSCNT9 	EQU 	1
PSIS 	EQU 	7
PSYNC 	EQU 	7
PWDF0 	EQU 	0
PWDF1 	EQU 	1
PWDF2 	EQU 	2
PWDF3 	EQU 	3
PWDF4 	EQU 	4
PWDF5 	EQU 	5
PWDF6 	EQU 	6
PWDF7 	EQU 	7
PWM1CLK 	EQU 	340
PWM1CLK_CLK0 	EQU 	0
PWM1CLK_CLK1 	EQU 	1
PWM1CLK_CLK2 	EQU 	2
PWM1CLK_CLK3 	EQU 	3
PWM1CON 	EQU 	348
PWM1CON_EN 	EQU 	7
PWM1CPRE 	EQU 	344
PWM1ERS 	EQU 	339
PWM1ERSPPS 	EQU 	902
PWM1ERSPPS0 	EQU 	0
PWM1ERSPPS1 	EQU 	1
PWM1ERSPPS2 	EQU 	2
PWM1ERSPPS3 	EQU 	3
PWM1ERSPPS4 	EQU 	4
PWM1GIE 	EQU 	347
PWM1GIR 	EQU 	346
PWM1IE 	EQU 	7
PWM1IF 	EQU 	7
PWM1IP 	EQU 	7
PWM1LDS 	EQU 	341
PWM1MD 	EQU 	4
PWM1PIE 	EQU 	6
PWM1PIF 	EQU 	6
PWM1PIP 	EQU 	6
PWM1PIPOS 	EQU 	345
PWM1PR 	EQU 	342
PWM1PRH 	EQU 	343
PWM1PRL 	EQU 	342
PWM1S1CFG 	EQU 	349
PWM1S1CFG_MODE0 	EQU 	0
PWM1S1CFG_MODE1 	EQU 	1
PWM1S1CFG_MODE2 	EQU 	2
PWM1S1P1 	EQU 	350
PWM1S1P1H 	EQU 	351
PWM1S1P1L 	EQU 	350
PWM1S1P2 	EQU 	352
PWM1S1P2H 	EQU 	353
PWM1S1P2L 	EQU 	352
PWM2CLK 	EQU 	355
PWM2CLK_CLK0 	EQU 	0
PWM2CLK_CLK1 	EQU 	1
PWM2CLK_CLK2 	EQU 	2
PWM2CLK_CLK3 	EQU 	3
PWM2CON 	EQU 	363
PWM2CON_EN 	EQU 	7
PWM2CON_ERSNOW 	EQU 	0
PWM2CON_ERSPOL 	EQU 	1
PWM2CPRE 	EQU 	359
PWM2ERS 	EQU 	354
PWM2ERSPPS 	EQU 	903
PWM2ERSPPS0 	EQU 	0
PWM2ERSPPS1 	EQU 	1
PWM2ERSPPS2 	EQU 	2
PWM2ERSPPS3 	EQU 	3
PWM2ERSPPS4 	EQU 	4
PWM2ERS_ERS0 	EQU 	0
PWM2ERS_ERS1 	EQU 	1
PWM2ERS_ERS2 	EQU 	2
PWM2ERS_ERS3 	EQU 	3
PWM2GIE 	EQU 	362
PWM2GIE_S1P1IE 	EQU 	0
PWM2GIE_S1P2IE 	EQU 	1
PWM2GIR 	EQU 	361
PWM2GIR_S1P1IF 	EQU 	0
PWM2GIR_S1P2IF 	EQU 	1
PWM2IE 	EQU 	1
PWM2IF 	EQU 	1
PWM2IP 	EQU 	1
PWM2LDS 	EQU 	356
PWM2LDS_LDS0 	EQU 	0
PWM2LDS_LDS1 	EQU 	1
PWM2LDS_LDS2 	EQU 	2
PWM2LDS_LDS3 	EQU 	3
PWM2MD 	EQU 	5
PWM2PIE 	EQU 	0
PWM2PIF 	EQU 	0
PWM2PIP 	EQU 	0
PWM2PIPOS 	EQU 	360
PWM2PR 	EQU 	357
PWM2PRH 	EQU 	358
PWM2PRL 	EQU 	357
PWM2S1CFG 	EQU 	364
PWM2S1CFG_MODE0 	EQU 	0
PWM2S1CFG_MODE1 	EQU 	1
PWM2S1CFG_MODE2 	EQU 	2
PWM2S1CFG_POL1 	EQU 	6
PWM2S1CFG_POL2 	EQU 	7
PWM2S1CFG_PPEN 	EQU 	3
PWM2S1P1 	EQU 	365
PWM2S1P1H 	EQU 	366
PWM2S1P1L 	EQU 	365
PWM2S1P2 	EQU 	367
PWM2S1P2H 	EQU 	368
PWM2S1P2L 	EQU 	367
PWMEN 	EQU 	338
PWMIN0PPS 	EQU 	900
PWMIN0PPS0 	EQU 	0
PWMIN0PPS1 	EQU 	1
PWMIN0PPS2 	EQU 	2
PWMIN0PPS3 	EQU 	3
PWMIN0PPS4 	EQU 	4
PWMIN1PPS 	EQU 	901
PWMIN1PPS0 	EQU 	0
PWMIN1PPS1 	EQU 	1
PWMIN1PPS2 	EQU 	2
PWMIN1PPS3 	EQU 	3
PWMIN1PPS4 	EQU 	4
PWMLOAD 	EQU 	337
R 	EQU 	4
RA0 	EQU 	0
RA0PPS 	EQU 	793
RA0PPS0 	EQU 	0
RA0PPS1 	EQU 	1
RA0PPS2 	EQU 	2
RA0PPS3 	EQU 	3
RA0PPS4 	EQU 	4
RA1 	EQU 	1
RA1PPS 	EQU 	794
RA1PPS0 	EQU 	0
RA1PPS1 	EQU 	1
RA1PPS2 	EQU 	2
RA1PPS3 	EQU 	3
RA1PPS4 	EQU 	4
RA2 	EQU 	2
RA2PPS 	EQU 	795
RA2PPS0 	EQU 	0
RA2PPS1 	EQU 	1
RA2PPS2 	EQU 	2
RA2PPS3 	EQU 	3
RA2PPS4 	EQU 	4
RA3 	EQU 	3
RA4 	EQU 	4
RA4PPS 	EQU 	797
RA4PPS0 	EQU 	0
RA4PPS1 	EQU 	1
RA4PPS2 	EQU 	2
RA4PPS3 	EQU 	3
RA4PPS4 	EQU 	4
RA5 	EQU 	5
RA5PPS 	EQU 	798
RA5PPS0 	EQU 	0
RA5PPS1 	EQU 	1
RA5PPS2 	EQU 	2
RA5PPS3 	EQU 	3
RA5PPS4 	EQU 	4
RB5 	EQU 	5
RB5FEAT 	EQU 	783
RB5PPS 	EQU 	806
RB5PPS0 	EQU 	0
RB5PPS1 	EQU 	1
RB5PPS2 	EQU 	2
RB5PPS3 	EQU 	3
RB5PPS4 	EQU 	4
RB6 	EQU 	6
RB6FEAT 	EQU 	784
RB6PPS 	EQU 	807
RB6PPS0 	EQU 	0
RB6PPS1 	EQU 	1
RB6PPS2 	EQU 	2
RB6PPS3 	EQU 	3
RB6PPS4 	EQU 	4
RB7 	EQU 	7
RB7PPS 	EQU 	808
RB7PPS0 	EQU 	0
RB7PPS1 	EQU 	1
RB7PPS2 	EQU 	2
RB7PPS3 	EQU 	3
RB7PPS4 	EQU 	4
RC0 	EQU 	0
RC0FEAT 	EQU 	786
RC0PPS 	EQU 	809
RC0PPS0 	EQU 	0
RC0PPS1 	EQU 	1
RC0PPS2 	EQU 	2
RC0PPS3 	EQU 	3
RC0PPS4 	EQU 	4
RC1 	EQU 	1
RC1FEAT 	EQU 	787
RC1PPS 	EQU 	810
RC1PPS0 	EQU 	0
RC1PPS1 	EQU 	1
RC1PPS2 	EQU 	2
RC1PPS3 	EQU 	3
RC1PPS4 	EQU 	4
RC3 	EQU 	3
RC3PPS 	EQU 	812
RC3PPS0 	EQU 	0
RC3PPS1 	EQU 	1
RC3PPS2 	EQU 	2
RC3PPS3 	EQU 	3
RC3PPS4 	EQU 	4
RC4 	EQU 	4
RC4FEAT 	EQU 	789
RC4PPS 	EQU 	813
RC4PPS0 	EQU 	0
RC4PPS1 	EQU 	1
RC4PPS2 	EQU 	2
RC4PPS3 	EQU 	3
RC4PPS4 	EQU 	4
RC5 	EQU 	5
RC5FEAT 	EQU 	790
RC5PPS 	EQU 	814
RC5PPS0 	EQU 	0
RC5PPS1 	EQU 	1
RC5PPS2 	EQU 	2
RC5PPS3 	EQU 	3
RC5PPS4 	EQU 	4
RC6 	EQU 	6
RC6PPS 	EQU 	815
RC6PPS0 	EQU 	0
RC6PPS1 	EQU 	1
RC6PPS2 	EQU 	2
RC6PPS3 	EQU 	3
RC6PPS4 	EQU 	4
RC7 	EQU 	7
RC7PPS 	EQU 	816
RC7PPS0 	EQU 	0
RC7PPS1 	EQU 	1
RC7PPS2 	EQU 	2
RC7PPS3 	EQU 	3
RC7PPS4 	EQU 	4
RCIDL 	EQU 	3
RCM 	EQU 	0
RD16 	EQU 	1
RD161 	EQU 	1
RDSEL 	EQU 	3
RDY_FVRCON 	EQU 	6
RDY_HLVDCON0 	EQU 	4
READ 	EQU 	4
REN 	EQU 	6
RES0 	EQU 	0
RES1 	EQU 	1
RES10 	EQU 	2
RES11 	EQU 	3
RES12 	EQU 	4
RES13 	EQU 	5
RES14 	EQU 	6
RES15 	EQU 	7
RES2 	EQU 	2
RES3 	EQU 	3
RES4 	EQU 	4
RES5 	EQU 	5
RES6 	EQU 	6
RES7 	EQU 	7
RES8 	EQU 	0
RES9 	EQU 	1
RESET0 	EQU 	2
RESET1 	EQU 	3
RI 	EQU 	2
RMCLR 	EQU 	3
ROI 	EQU 	5
RPT0 	EQU 	0
RPT1 	EQU 	1
RPT2 	EQU 	2
RPT3 	EQU 	3
RPT4 	EQU 	4
RPT5 	EQU 	5
RPT6 	EQU 	6
RPT7 	EQU 	7
RSC1IE 	EQU 	1
RSC1IF 	EQU 	1
RSCIE 	EQU 	1
RSCIF 	EQU 	1
RSEL0 	EQU 	0
RSEL1 	EQU 	1
RSEL2 	EQU 	2
RSEL3 	EQU 	3
RSEL4 	EQU 	4
RSEN 	EQU 	6
RST 	EQU 	5
RSTDET 	EQU 	4
RUN 	EQU 	7
RUNOVF 	EQU 	7
RVREG 	EQU 	2
RW0 	EQU 	0
RW1 	EQU 	1
RW2 	EQU 	2
RW3 	EQU 	3
RW4 	EQU 	4
RW5 	EQU 	5
RW6 	EQU 	6
RW7 	EQU 	7
RWDT 	EQU 	4
RXB0 	EQU 	0
RXB1 	EQU 	1
RXB2 	EQU 	2
RXB3 	EQU 	3
RXB4 	EQU 	4
RXB5 	EQU 	5
RXB6 	EQU 	6
RXB7 	EQU 	7
RXBE 	EQU 	1
RXBF 	EQU 	0
RXBIMD 	EQU 	3
RXBKIE 	EQU 	2
RXBKIF 	EQU 	2
RXEN 	EQU 	4
RXFOIE 	EQU 	1
RXFOIF 	EQU 	1
RXIDL 	EQU 	3
RXO 	EQU 	2
RXOIE 	EQU 	2
RXOIF 	EQU 	2
RXPOL 	EQU 	6
RXR 	EQU 	0
RXRE 	EQU 	3
RXREIE 	EQU 	0
RXREIF 	EQU 	0
S 	EQU 	5
S1P1IE 	EQU 	0
S1P1IF 	EQU 	0
S1P2IE 	EQU 	1
S1P2IF 	EQU 	1
SADRIE 	EQU 	3
SADRIF 	EQU 	3
SASDRMD 	EQU 	1
SBOREN 	EQU 	7
SC1IE 	EQU 	0
SC1IF 	EQU 	0
SCANCON0 	EQU 	113
SCANCON0_EN 	EQU 	7
SCANEN 	EQU 	7
SCANHADR 	EQU 	110
SCANHADR0 	EQU 	0
SCANHADR1 	EQU 	1
SCANHADR10 	EQU 	2
SCANHADR11 	EQU 	3
SCANHADR12 	EQU 	4
SCANHADR13 	EQU 	5
SCANHADR14 	EQU 	6
SCANHADR15 	EQU 	7
SCANHADR16 	EQU 	0
SCANHADR17 	EQU 	1
SCANHADR18 	EQU 	2
SCANHADR19 	EQU 	3
SCANHADR2 	EQU 	2
SCANHADR20 	EQU 	4
SCANHADR21 	EQU 	5
SCANHADR3 	EQU 	3
SCANHADR4 	EQU 	4
SCANHADR5 	EQU 	5
SCANHADR6 	EQU 	6
SCANHADR7 	EQU 	7
SCANHADR8 	EQU 	0
SCANHADR9 	EQU 	1
SCANHADRH 	EQU 	111
SCANHADRL 	EQU 	110
SCANHADRU 	EQU 	112
SCANIE 	EQU 	6
SCANIF 	EQU 	6
SCANIP 	EQU 	6
SCANLADR 	EQU 	107
SCANLADR0 	EQU 	0
SCANLADR1 	EQU 	1
SCANLADR10 	EQU 	2
SCANLADR11 	EQU 	3
SCANLADR12 	EQU 	4
SCANLADR13 	EQU 	5
SCANLADR14 	EQU 	6
SCANLADR15 	EQU 	7
SCANLADR16 	EQU 	0
SCANLADR17 	EQU 	1
SCANLADR18 	EQU 	2
SCANLADR19 	EQU 	3
SCANLADR2 	EQU 	2
SCANLADR20 	EQU 	4
SCANLADR21 	EQU 	5
SCANLADR3 	EQU 	3
SCANLADR4 	EQU 	4
SCANLADR5 	EQU 	5
SCANLADR6 	EQU 	6
SCANLADR7 	EQU 	7
SCANLADR8 	EQU 	0
SCANLADR9 	EQU 	1
SCANLADRH 	EQU 	108
SCANLADRL 	EQU 	107
SCANLADRU 	EQU 	109
SCANMD 	EQU 	6
SCANPR 	EQU 	63
SCANPR0 	EQU 	0
SCANPR1 	EQU 	1
SCANPR2 	EQU 	2
SCANTRIG 	EQU 	114
SCCCIE 	EQU 	0
SCCCIF 	EQU 	0
SCIE 	EQU 	0
SCIF 	EQU 	0
SCNT0 	EQU 	0
SCNT1 	EQU 	1
SCNT10 	EQU 	2
SCNT11 	EQU 	3
SCNT2 	EQU 	2
SCNT3 	EQU 	3
SCNT4 	EQU 	4
SCNT5 	EQU 	5
SCNT6 	EQU 	6
SCNT7 	EQU 	7
SCNT8 	EQU 	0
SCNT9 	EQU 	1
SDAHT0 	EQU 	2
SDAHT1 	EQU 	3
SDIP 	EQU 	1
SDOP 	EQU 	0
SEL0 	EQU 	0
SEL1 	EQU 	1
SEL2 	EQU 	2
SEL3 	EQU 	3
SENDB 	EQU 	0
SEN_WDTCON0 	EQU 	0
SETTIMER182 	EQU 	208
SETUP0 	EQU 	2
SETUP1 	EQU 	3
SFOR 	EQU 	1
SGO 	EQU 	5
SHADCON 	EQU 	886
SHADLO 	EQU 	0
SHIFT0 	EQU 	0
SHIFT1 	EQU 	1
SHIFT10 	EQU 	2
SHIFT11 	EQU 	3
SHIFT12 	EQU 	4
SHIFT13 	EQU 	5
SHIFT14 	EQU 	6
SHIFT15 	EQU 	7
SHIFT16 	EQU 	0
SHIFT17 	EQU 	1
SHIFT18 	EQU 	2
SHIFT19 	EQU 	3
SHIFT2 	EQU 	2
SHIFT20 	EQU 	4
SHIFT21 	EQU 	5
SHIFT22 	EQU 	6
SHIFT23 	EQU 	7
SHIFT24 	EQU 	0
SHIFT25 	EQU 	1
SHIFT26 	EQU 	2
SHIFT27 	EQU 	3
SHIFT28 	EQU 	4
SHIFT29 	EQU 	5
SHIFT3 	EQU 	3
SHIFT30 	EQU 	6
SHIFT31 	EQU 	7
SHIFT4 	EQU 	4
SHIFT5 	EQU 	5
SHIFT6 	EQU 	6
SHIFT7 	EQU 	7
SHIFT8 	EQU 	0
SHIFT9 	EQU 	1
SHIFTM 	EQU 	1
SHUTDOWN 	EQU 	7
SIRQ0 	EQU 	0
SIRQ1 	EQU 	1
SIRQ2 	EQU 	2
SIRQ3 	EQU 	3
SIRQ4 	EQU 	4
SIRQ5 	EQU 	5
SIRQ6 	EQU 	6
SIRQ7 	EQU 	7
SIRQEN 	EQU 	6
SLCT0 	EQU 	0
SLCT1 	EQU 	1
SLCT2 	EQU 	2
SLRA0 	EQU 	0
SLRA1 	EQU 	1
SLRA2 	EQU 	2
SLRA4 	EQU 	4
SLRA5 	EQU 	5
SLRB5 	EQU 	5
SLRB6 	EQU 	6
SLRB7 	EQU 	7
SLRC0 	EQU 	0
SLRC1 	EQU 	1
SLRC3 	EQU 	3
SLRC4 	EQU 	4
SLRC5 	EQU 	5
SLRC6 	EQU 	6
SLRC7 	EQU 	7
SLRCONA 	EQU 	1049
SLRCONB 	EQU 	1059
SLRCONC 	EQU 	1069
SMA 	EQU 	6
SMP 	EQU 	7
SOI 	EQU 	3
SOR 	EQU 	3
SOSCEN 	EQU 	3
SOSCPWR 	EQU 	6
SOSIE 	EQU 	5
SOSIF 	EQU 	5
SPI1BAUD 	EQU 	480
SPI1BMODE 	EQU 	0
SPI1BUSY 	EQU 	7
SPI1CKE 	EQU 	6
SPI1CKP 	EQU 	5
SPI1CLK 	EQU 	483
SPI1CLKSEL0 	EQU 	0
SPI1CLKSEL1 	EQU 	1
SPI1CLKSEL2 	EQU 	2
SPI1CLKSEL3 	EQU 	3
SPI1CLRBF 	EQU 	2
SPI1CON0 	EQU 	475
SPI1CON0_EN 	EQU 	7
SPI1CON1 	EQU 	476
SPI1CON2 	EQU 	477
SPI1EOSIE 	EQU 	4
SPI1EOSIF 	EQU 	4
SPI1FST 	EQU 	4
SPI1IE 	EQU 	2
SPI1IF 	EQU 	2
SPI1INTE 	EQU 	482
SPI1INTF 	EQU 	481
SPI1IP 	EQU 	2
SPI1LSBF 	EQU 	2
SPI1MD_PMD3 	EQU 	5
SPI1MST 	EQU 	1
SPI1RXB 	EQU 	471
SPI1RXBF 	EQU 	0
SPI1RXIE 	EQU 	0
SPI1RXIF 	EQU 	0
SPI1RXIP 	EQU 	0
SPI1RXOIE 	EQU 	2
SPI1RXOIF 	EQU 	2
SPI1RXR 	EQU 	0
SPI1RXRE 	EQU 	3
SPI1SCKPPS 	EQU 	935
SPI1SCKPPS0 	EQU 	0
SPI1SCKPPS1 	EQU 	1
SPI1SCKPPS2 	EQU 	2
SPI1SCKPPS3 	EQU 	3
SPI1SCKPPS4 	EQU 	4
SPI1SDIP 	EQU 	1
SPI1SDIPPS 	EQU 	936
SPI1SDIPPS0 	EQU 	0
SPI1SDIPPS1 	EQU 	1
SPI1SDIPPS2 	EQU 	2
SPI1SDIPPS3 	EQU 	3
SPI1SDIPPS4 	EQU 	4
SPI1SDOP 	EQU 	0
SPI1SMP 	EQU 	7
SPI1SOSIE 	EQU 	5
SPI1SOSIF 	EQU 	5
SPI1SPIEN 	EQU 	7
SPI1SRMTIE 	EQU 	7
SPI1SRMTIF 	EQU 	7
SPI1SSET 	EQU 	2
SPI1SSFLT 	EQU 	6
SPI1SSP 	EQU 	2
SPI1SSPPS 	EQU 	937
SPI1SSPPS0 	EQU 	0
SPI1SSPPS1 	EQU 	1
SPI1SSPPS2 	EQU 	2
SPI1SSPPS3 	EQU 	3
SPI1SSPPS4 	EQU 	4
SPI1STATUS 	EQU 	478
SPI1STATUS_RXBF 	EQU 	0
SPI1STATUS_TXBE 	EQU 	5
SPI1TCNT 	EQU 	473
SPI1TCNTH 	EQU 	474
SPI1TCNTL 	EQU 	473
SPI1TCZIE 	EQU 	6
SPI1TCZIF 	EQU 	6
SPI1TWIDTH 	EQU 	479
SPI1TXB 	EQU 	472
SPI1TXBE 	EQU 	5
SPI1TXIE 	EQU 	1
SPI1TXIF 	EQU 	1
SPI1TXIP 	EQU 	1
SPI1TXR 	EQU 	1
SPI1TXUIE 	EQU 	1
SPI1TXUIF 	EQU 	1
SPI1TXWE 	EQU 	7
SPTR0 	EQU 	0
SPTR1 	EQU 	1
SPTR10 	EQU 	2
SPTR11 	EQU 	3
SPTR12 	EQU 	4
SPTR13 	EQU 	5
SPTR14 	EQU 	6
SPTR15 	EQU 	7
SPTR16 	EQU 	0
SPTR17 	EQU 	1
SPTR18 	EQU 	2
SPTR19 	EQU 	3
SPTR2 	EQU 	2
SPTR20 	EQU 	4
SPTR21 	EQU 	5
SPTR3 	EQU 	3
SPTR4 	EQU 	4
SPTR5 	EQU 	5
SPTR6 	EQU 	6
SPTR7 	EQU 	7
SPTR8 	EQU 	0
SPTR9 	EQU 	1
SRMTIE 	EQU 	7
SRMTIF 	EQU 	7
SSA0 	EQU 	0
SSA1 	EQU 	1
SSA10 	EQU 	2
SSA11 	EQU 	3
SSA12 	EQU 	4
SSA13 	EQU 	5
SSA14 	EQU 	6
SSA15 	EQU 	7
SSA16 	EQU 	0
SSA17 	EQU 	1
SSA18 	EQU 	2
SSA19 	EQU 	3
SSA2 	EQU 	2
SSA20 	EQU 	4
SSA21 	EQU 	5
SSA3 	EQU 	3
SSA4 	EQU 	4
SSA5 	EQU 	5
SSA6 	EQU 	6
SSA7 	EQU 	7
SSA8 	EQU 	0
SSA9 	EQU 	1
SSET 	EQU 	2
SSFLT 	EQU 	6
SSP 	EQU 	2
SSTP 	EQU 	0
SSZ0 	EQU 	0
SSZ1 	EQU 	1
SSZ10 	EQU 	2
SSZ11 	EQU 	3
SSZ2 	EQU 	2
SSZ3 	EQU 	3
SSZ4 	EQU 	4
SSZ5 	EQU 	5
SSZ6 	EQU 	6
SSZ7 	EQU 	7
SSZ8 	EQU 	0
SSZ9 	EQU 	1
START0 	EQU 	4
START1 	EQU 	5
STARTTIMER 	EQU 	260
STAT0_ADSTAT 	EQU 	0
STAT0_INTCON1 	EQU 	6
STAT1_ADSTAT 	EQU 	1
STAT1_INTCON1 	EQU 	7
STAT2 	EQU 	2
STATE 	EQU 	2
STATUS 	EQU 	1240
STATUS_CSHAD 	EQU 	883
STATUS_CSHAD_C 	EQU 	0
STATUS_CSHAD_DC 	EQU 	1
STATUS_CSHAD_N 	EQU 	4
STATUS_CSHAD_PD 	EQU 	5
STATUS_CSHAD_TO 	EQU 	6
STATUS_CSHAD_Z 	EQU 	2
STATUS_SHAD 	EQU 	887
STATUS_SHAD_C 	EQU 	0
STATUS_SHAD_DC 	EQU 	1
STATUS_SHAD_N 	EQU 	4
STATUS_SHAD_NOT_PD 	EQU 	5
STATUS_SHAD_NOT_TO 	EQU 	6
STATUS_SHAD_NPD 	EQU 	5
STATUS_SHAD_NTO 	EQU 	6
STATUS_SHAD_PD 	EQU 	5
STATUS_SHAD_TO 	EQU 	6
STATUS_SHAD_Z 	EQU 	2
STKOVF 	EQU 	7
STKPTR 	EQU 	1276
STKUNF 	EQU 	6
STOP0 	EQU 	0
STOP1 	EQU 	1
STP0 	EQU 	4
STP1 	EQU 	5
STPMD 	EQU 	6
STPT0 	EQU 	0
STPT1 	EQU 	1
STPT10 	EQU 	2
STPT11 	EQU 	3
STPT12 	EQU 	4
STPT13 	EQU 	5
STPT15 	EQU 	6
STPT16 	EQU 	7
STPT2 	EQU 	2
STPT3 	EQU 	3
STPT4 	EQU 	4
STPT5 	EQU 	5
STPT6 	EQU 	6
STPT7 	EQU 	7
STPT8 	EQU 	0
STPT9 	EQU 	1
STRA 	EQU 	0
STRB 	EQU 	1
STRC 	EQU 	2
STRD 	EQU 	3
SWDTEN 	EQU 	0
SWIE 	EQU 	0
SWIF 	EQU 	0
SWIP 	EQU 	0
SYSBSR 	EQU 	1280
SYSCMD 	EQU 	7
SYSDOLOOP_E1 	EQU 	90
SYSDOLOOP_S1 	EQU 	60
SYSSTATUS 	EQU 	1295
SYSTEMP1 	EQU 	1281
SYSW 	EQU 	1294
T016BIT 	EQU 	4
T0ASYNC 	EQU 	4
T0CKIPPS 	EQU 	853
T0CKIPPS0 	EQU 	0
T0CKIPPS1 	EQU 	1
T0CKIPPS2 	EQU 	2
T0CKIPPS3 	EQU 	3
T0CKIPPS4 	EQU 	4
T0CKPS0 	EQU 	0
T0CKPS1 	EQU 	1
T0CKPS2 	EQU 	2
T0CKPS3 	EQU 	3
T0CON0 	EQU 	261
T0CON0_EN 	EQU 	7
T0CON1 	EQU 	262
T0CS0 	EQU 	5
T0CS1 	EQU 	6
T0CS2 	EQU 	7
T0EN 	EQU 	7
T0MD16 	EQU 	4
T0OUT 	EQU 	5
T0OUTPS0 	EQU 	0
T0OUTPS1 	EQU 	1
T0OUTPS2 	EQU 	2
T0OUTPS3 	EQU 	3
T0PR0 	EQU 	0
T0PR1 	EQU 	1
T0PR2 	EQU 	2
T0PR3 	EQU 	3
T0PR4 	EQU 	4
T0PR5 	EQU 	5
T0PR6 	EQU 	6
T0PR7 	EQU 	7
T1CKIPPS 	EQU 	854
T1CKIPPS0 	EQU 	0
T1CKIPPS1 	EQU 	1
T1CKIPPS2 	EQU 	2
T1CKIPPS3 	EQU 	3
T1CKIPPS4 	EQU 	4
T1CKPS0 	EQU 	4
T1CKPS1 	EQU 	5
T1CLK 	EQU 	268
T1CON 	EQU 	265
T1CS0 	EQU 	0
T1CS1 	EQU 	1
T1CS2 	EQU 	2
T1CS3 	EQU 	3
T1GATE 	EQU 	267
T1GCON 	EQU 	266
T1GE 	EQU 	7
T1GGO 	EQU 	3
T1GGO_NDONE 	EQU 	3
T1GGO_NOT_DONE 	EQU 	3
T1GPOL 	EQU 	6
T1GPPS 	EQU 	855
T1GPPS0 	EQU 	0
T1GPPS1 	EQU 	1
T1GPPS2 	EQU 	2
T1GPPS3 	EQU 	3
T1GPPS4 	EQU 	4
T1GSPM 	EQU 	4
T1GSS0 	EQU 	0
T1GSS1 	EQU 	1
T1GSS2 	EQU 	2
T1GSS3 	EQU 	3
T1GTM 	EQU 	5
T1GVAL 	EQU 	2
T1RD16 	EQU 	1
T2CKPOL 	EQU 	6
T2CKPS0 	EQU 	4
T2CKPS1 	EQU 	5
T2CKPS2 	EQU 	6
T2CKSYNC 	EQU 	5
T2CLK 	EQU 	285
T2CLKCON 	EQU 	285
T2CLKCON_CS3 	EQU 	3
T2CON 	EQU 	283
T2CON_OUTPS0 	EQU 	0
T2CON_OUTPS1 	EQU 	1
T2CON_OUTPS2 	EQU 	2
T2CON_OUTPS3 	EQU 	3
T2CS0 	EQU 	0
T2CS1 	EQU 	1
T2CS2 	EQU 	2
T2CS3 	EQU 	3
T2HLT 	EQU 	284
T2HLT_MODE0 	EQU 	0
T2HLT_MODE1 	EQU 	1
T2HLT_MODE2 	EQU 	2
T2HLT_MODE3 	EQU 	3
T2INPPS 	EQU 	864
T2INPPS0 	EQU 	0
T2INPPS1 	EQU 	1
T2INPPS2 	EQU 	2
T2INPPS3 	EQU 	3
T2INPPS4 	EQU 	4
T2MODE0 	EQU 	0
T2MODE1 	EQU 	1
T2MODE2 	EQU 	2
T2MODE3 	EQU 	3
T2MODE4 	EQU 	4
T2ON 	EQU 	7
T2OUTPS0 	EQU 	0
T2OUTPS1 	EQU 	1
T2OUTPS2 	EQU 	2
T2OUTPS3 	EQU 	3
T2PR 	EQU 	282
T2PSYNC 	EQU 	7
T2RSEL0 	EQU 	0
T2RSEL1 	EQU 	1
T2RSEL2 	EQU 	2
T2RSEL3 	EQU 	3
T2RSEL4 	EQU 	4
T2RST 	EQU 	286
T2TMR 	EQU 	281
T4CKPOL 	EQU 	6
T4CKPS0 	EQU 	4
T4CKPS1 	EQU 	5
T4CKPS2 	EQU 	6
T4CKSYNC 	EQU 	5
T4CLK 	EQU 	291
T4CLKCON 	EQU 	291
T4CLKCON_CS3 	EQU 	3
T4CON 	EQU 	289
T4CON_OUTPS0 	EQU 	0
T4CON_OUTPS1 	EQU 	1
T4CON_OUTPS2 	EQU 	2
T4CON_OUTPS3 	EQU 	3
T4CS0 	EQU 	0
T4CS1 	EQU 	1
T4CS2 	EQU 	2
T4CS3 	EQU 	3
T4HLT 	EQU 	290
T4HLT_CKPOL 	EQU 	6
T4HLT_CKSYNC 	EQU 	5
T4HLT_MODE0 	EQU 	0
T4HLT_MODE1 	EQU 	1
T4HLT_MODE2 	EQU 	2
T4HLT_MODE3 	EQU 	3
T4HLT_MODE4 	EQU 	4
T4HLT_PSYNC 	EQU 	7
T4INPPS 	EQU 	865
T4INPPS0 	EQU 	0
T4INPPS1 	EQU 	1
T4INPPS2 	EQU 	2
T4INPPS3 	EQU 	3
T4INPPS4 	EQU 	4
T4MODE0 	EQU 	0
T4MODE1 	EQU 	1
T4MODE2 	EQU 	2
T4MODE3 	EQU 	3
T4MODE4 	EQU 	4
T4ON 	EQU 	7
T4OUTPS0 	EQU 	0
T4OUTPS1 	EQU 	1
T4OUTPS2 	EQU 	2
T4OUTPS3 	EQU 	3
T4PR 	EQU 	288
T4PSYNC 	EQU 	7
T4RSEL0 	EQU 	0
T4RSEL1 	EQU 	1
T4RSEL2 	EQU 	2
T4RSEL3 	EQU 	3
T4RSEL4 	EQU 	4
T4RST 	EQU 	292
T4RST_RSEL0 	EQU 	0
T4RST_RSEL1 	EQU 	1
T4RST_RSEL2 	EQU 	2
T4RST_RSEL3 	EQU 	3
T4RST_RSEL4 	EQU 	4
T4TMR 	EQU 	287
TABLAT 	EQU 	1269
TBLPTR 	EQU 	1270
TBLPTRH 	EQU 	1271
TBLPTRL 	EQU 	1270
TBLPTRU 	EQU 	1272
TCOMPIE 	EQU 	7
TCOMPIF 	EQU 	7
TCZIE 	EQU 	6
TCZIF 	EQU 	6
TE0ERR 	EQU 	0
TE1ERR 	EQU 	1
TE2ERR 	EQU 	2
TE3ERR 	EQU 	3
TE4ERR 	EQU 	4
TE5ERR 	EQU 	5
TE6ERR 	EQU 	6
TIMEOUT 	EQU 	1282
TMD0 	EQU 	0
TMD1 	EQU 	1
TMD2 	EQU 	2
TMR0 	EQU 	259
TMR0H 	EQU 	260
TMR0H0 	EQU 	0
TMR0H1 	EQU 	1
TMR0H2 	EQU 	2
TMR0H3 	EQU 	3
TMR0H4 	EQU 	4
TMR0H5 	EQU 	5
TMR0H6 	EQU 	6
TMR0H7 	EQU 	7
TMR0IE 	EQU 	5
TMR0IF 	EQU 	5
TMR0IP 	EQU 	5
TMR0L 	EQU 	259
TMR0L0 	EQU 	0
TMR0L1 	EQU 	1
TMR0L2 	EQU 	2
TMR0L3 	EQU 	3
TMR0L4 	EQU 	4
TMR0L5 	EQU 	5
TMR0L6 	EQU 	6
TMR0L7 	EQU 	7
TMR0MD 	EQU 	4
TMR1 	EQU 	263
TMR10 	EQU 	0
TMR11 	EQU 	1
TMR110 	EQU 	2
TMR111 	EQU 	3
TMR112 	EQU 	4
TMR113 	EQU 	5
TMR114 	EQU 	6
TMR115 	EQU 	7
TMR12 	EQU 	2
TMR13 	EQU 	3
TMR14 	EQU 	4
TMR15 	EQU 	5
TMR16 	EQU 	6
TMR17 	EQU 	7
TMR18 	EQU 	0
TMR19 	EQU 	1
TMR1CLK 	EQU 	268
TMR1CON 	EQU 	265
TMR1GATE 	EQU 	267
TMR1GCON 	EQU 	266
TMR1GIE 	EQU 	7
TMR1GIF 	EQU 	7
TMR1GIP 	EQU 	7
TMR1H 	EQU 	264
TMR1H0 	EQU 	0
TMR1H1 	EQU 	1
TMR1H2 	EQU 	2
TMR1H3 	EQU 	3
TMR1H4 	EQU 	4
TMR1H5 	EQU 	5
TMR1H6 	EQU 	6
TMR1H7 	EQU 	7
TMR1IE 	EQU 	6
TMR1IF 	EQU 	6
TMR1IP 	EQU 	6
TMR1L 	EQU 	263
TMR1L0 	EQU 	0
TMR1L1 	EQU 	1
TMR1L2 	EQU 	2
TMR1L3 	EQU 	3
TMR1L4 	EQU 	4
TMR1L5 	EQU 	5
TMR1L6 	EQU 	6
TMR1L7 	EQU 	7
TMR1MD 	EQU 	5
TMR1ON 	EQU 	0
TMR2 	EQU 	281
TMR2IE 	EQU 	0
TMR2IF 	EQU 	0
TMR2IP 	EQU 	0
TMR2MD 	EQU 	6
TMR2ON 	EQU 	7
TMR4 	EQU 	287
TMR4IE 	EQU 	1
TMR4IF 	EQU 	1
TMR4IP 	EQU 	1
TMR4MD 	EQU 	7
TMR4ON 	EQU 	7
TMRAOSEN 	EQU 	6
TMRBOSEN 	EQU 	6
TMRH0 	EQU 	0
TMRH1 	EQU 	1
TMRH2 	EQU 	2
TMRH3 	EQU 	3
TMRH4 	EQU 	4
TMRH5 	EQU 	5
TMRH6 	EQU 	6
TMRH7 	EQU 	7
TMRL0 	EQU 	0
TMRL1 	EQU 	1
TMRL2 	EQU 	2
TMRL3 	EQU 	3
TMRL4 	EQU 	4
TMRL5 	EQU 	5
TMRL6 	EQU 	6
TMRL7 	EQU 	7
TMRNUMBER 	EQU 	1283
TMRPOST 	EQU 	1284
TMRPRES 	EQU 	1285
TMRSOURCE 	EQU 	1286
TMRT0 	EQU 	0
TMRT1 	EQU 	1
TMRT2 	EQU 	2
TMRT3 	EQU 	3
TMRT4 	EQU 	4
TMRT5 	EQU 	5
TMRT6 	EQU 	6
TMRT7 	EQU 	7
TMRVALUE 	EQU 	1287
TMRVALUE_H 	EQU 	1288
TO 	EQU 	6
TOBY32 	EQU 	6
TOREC 	EQU 	7
TOS 	EQU 	1277
TOSH 	EQU 	1278
TOSL 	EQU 	1277
TOSU 	EQU 	1279
TOTIME0 	EQU 	0
TOTIME1 	EQU 	1
TOTIME2 	EQU 	2
TOTIME3 	EQU 	3
TOTIME4 	EQU 	4
TOTIME5 	EQU 	5
TRIGEN 	EQU 	6
TRISA 	EQU 	1165
TRISA0 	EQU 	0
TRISA1 	EQU 	1
TRISA2 	EQU 	2
TRISA4 	EQU 	4
TRISA5 	EQU 	5
TRISB 	EQU 	1166
TRISB5 	EQU 	5
TRISB6 	EQU 	6
TRISB7 	EQU 	7
TRISC 	EQU 	1167
TRISC0 	EQU 	0
TRISC1 	EQU 	1
TRISC3 	EQU 	3
TRISC4 	EQU 	4
TRISC5 	EQU 	5
TRISC6 	EQU 	6
TRISC7 	EQU 	7
TSEL0 	EQU 	0
TSEL1 	EQU 	1
TSEL2 	EQU 	2
TSEL3 	EQU 	3
TSEN 	EQU 	5
TSRNG 	EQU 	4
TU16ACAPT 	EQU 	3
TU16ACIE 	EQU 	0
TU16ACIF 	EQU 	0
TU16ACLK 	EQU 	312
TU16ACLK0 	EQU 	0
TU16ACLK1 	EQU 	1
TU16ACLK2 	EQU 	2
TU16ACLK3 	EQU 	3
TU16ACLK4 	EQU 	4
TU16ACLK_CLK0 	EQU 	0
TU16ACLK_CLK1 	EQU 	1
TU16ACLK_CLK2 	EQU 	2
TU16ACLK_CLK3 	EQU 	3
TU16ACLR 	EQU 	5
TU16ACON0 	EQU 	300
TU16ACON1 	EQU 	301
TU16ACPOL 	EQU 	6
TU16ACR 	EQU 	304
TU16ACR0 	EQU 	0
TU16ACR1 	EQU 	1
TU16ACR10 	EQU 	2
TU16ACR11 	EQU 	3
TU16ACR12 	EQU 	4
TU16ACR13 	EQU 	5
TU16ACR14 	EQU 	6
TU16ACR15 	EQU 	7
TU16ACR2 	EQU 	2
TU16ACR24 	EQU 	0
TU16ACR25 	EQU 	1
TU16ACR26 	EQU 	2
TU16ACR27 	EQU 	3
TU16ACR28 	EQU 	4
TU16ACR29 	EQU 	5
TU16ACR3 	EQU 	3
TU16ACR30 	EQU 	6
TU16ACR31 	EQU 	7
TU16ACR4 	EQU 	4
TU16ACR5 	EQU 	5
TU16ACR6 	EQU 	6
TU16ACR7 	EQU 	7
TU16ACR8 	EQU 	0
TU16ACR9 	EQU 	1
TU16ACRH 	EQU 	305
TU16ACRH0 	EQU 	0
TU16ACRH1 	EQU 	1
TU16ACRH2 	EQU 	2
TU16ACRH3 	EQU 	3
TU16ACRH4 	EQU 	4
TU16ACRH5 	EQU 	5
TU16ACRH6 	EQU 	6
TU16ACRH7 	EQU 	7
TU16ACRL 	EQU 	304
TU16ACRL0 	EQU 	0
TU16ACRL1 	EQU 	1
TU16ACRL2 	EQU 	2
TU16ACRL3 	EQU 	3
TU16ACRL4 	EQU 	4
TU16ACRL5 	EQU 	5
TU16ACRL6 	EQU 	6
TU16ACRL7 	EQU 	7
TU16ACRT 	EQU 	307
TU16ACRT0 	EQU 	0
TU16ACRT1 	EQU 	1
TU16ACRT2 	EQU 	2
TU16ACRT3 	EQU 	3
TU16ACRT4 	EQU 	4
TU16ACRT5 	EQU 	5
TU16ACRT6 	EQU 	6
TU16ACRT7 	EQU 	7
TU16ACSYNC 	EQU 	6
TU16AEPOL 	EQU 	7
TU16AERS 	EQU 	313
TU16AERS0 	EQU 	0
TU16AERS1 	EQU 	1
TU16AERS2 	EQU 	2
TU16AERS3 	EQU 	3
TU16AERS4 	EQU 	4
TU16AERS5 	EQU 	5
TU16AERS_ERS0 	EQU 	0
TU16AERS_ERS1 	EQU 	1
TU16AERS_ERS2 	EQU 	2
TU16AERS_ERS3 	EQU 	3
TU16AHLT 	EQU 	302
TU16AIE 	EQU 	2
TU16AIF 	EQU 	2
TU16AIP 	EQU 	2
TU16ALIMIT 	EQU 	4
TU16AMD 	EQU 	0
TU16AOM 	EQU 	5
TU16AON 	EQU 	7
TU16AOPOL 	EQU 	4
TU16APR 	EQU 	308
TU16APR0 	EQU 	0
TU16APR1 	EQU 	1
TU16APR10 	EQU 	2
TU16APR11 	EQU 	3
TU16APR12 	EQU 	4
TU16APR13 	EQU 	5
TU16APR14 	EQU 	6
TU16APR15 	EQU 	7
TU16APR2 	EQU 	2
TU16APR24 	EQU 	0
TU16APR25 	EQU 	1
TU16APR26 	EQU 	2
TU16APR27 	EQU 	3
TU16APR28 	EQU 	4
TU16APR29 	EQU 	5
TU16APR3 	EQU 	3
TU16APR30 	EQU 	6
TU16APR31 	EQU 	7
TU16APR4 	EQU 	4
TU16APR5 	EQU 	5
TU16APR6 	EQU 	6
TU16APR7 	EQU 	7
TU16APR8 	EQU 	0
TU16APR9 	EQU 	1
TU16APRH 	EQU 	309
TU16APRH0 	EQU 	0
TU16APRH1 	EQU 	1
TU16APRH2 	EQU 	2
TU16APRH3 	EQU 	3
TU16APRH4 	EQU 	4
TU16APRH5 	EQU 	5
TU16APRH6 	EQU 	6
TU16APRH7 	EQU 	7
TU16APRIE 	EQU 	2
TU16APRIF 	EQU 	2
TU16APRL 	EQU 	308
TU16APRL0 	EQU 	0
TU16APRL1 	EQU 	1
TU16APRL2 	EQU 	2
TU16APRL3 	EQU 	3
TU16APRL4 	EQU 	4
TU16APRL5 	EQU 	5
TU16APRL6 	EQU 	6
TU16APRL7 	EQU 	7
TU16APRT 	EQU 	311
TU16APRT0 	EQU 	0
TU16APRT1 	EQU 	1
TU16APRT2 	EQU 	2
TU16APRT3 	EQU 	3
TU16APRT4 	EQU 	4
TU16APRT5 	EQU 	5
TU16APRT6 	EQU 	6
TU16APRT7 	EQU 	7
TU16APS 	EQU 	303
TU16APS0 	EQU 	0
TU16APS1 	EQU 	1
TU16APS2 	EQU 	2
TU16APS3 	EQU 	3
TU16APS4 	EQU 	4
TU16APS5 	EQU 	5
TU16APS6 	EQU 	6
TU16APS7 	EQU 	7
TU16ARDSEL 	EQU 	3
TU16ARESET0 	EQU 	2
TU16ARESET1 	EQU 	3
TU16ARUN 	EQU 	7
TU16ASTART0 	EQU 	4
TU16ASTART1 	EQU 	5
TU16ASTOP0 	EQU 	0
TU16ASTOP1 	EQU 	1
TU16ATMR 	EQU 	304
TU16ATMR0 	EQU 	0
TU16ATMR1 	EQU 	1
TU16ATMR10 	EQU 	2
TU16ATMR11 	EQU 	3
TU16ATMR12 	EQU 	4
TU16ATMR13 	EQU 	5
TU16ATMR14 	EQU 	6
TU16ATMR15 	EQU 	7
TU16ATMR2 	EQU 	2
TU16ATMR24 	EQU 	0
TU16ATMR25 	EQU 	1
TU16ATMR26 	EQU 	2
TU16ATMR27 	EQU 	3
TU16ATMR28 	EQU 	4
TU16ATMR29 	EQU 	5
TU16ATMR3 	EQU 	3
TU16ATMR30 	EQU 	6
TU16ATMR31 	EQU 	7
TU16ATMR4 	EQU 	4
TU16ATMR5 	EQU 	5
TU16ATMR6 	EQU 	6
TU16ATMR7 	EQU 	7
TU16ATMR8 	EQU 	0
TU16ATMR9 	EQU 	1
TU16ATMRH 	EQU 	305
TU16ATMRH0 	EQU 	0
TU16ATMRH1 	EQU 	1
TU16ATMRH2 	EQU 	2
TU16ATMRH3 	EQU 	3
TU16ATMRH4 	EQU 	4
TU16ATMRH5 	EQU 	5
TU16ATMRH6 	EQU 	6
TU16ATMRH7 	EQU 	7
TU16ATMRL 	EQU 	304
TU16ATMRL0 	EQU 	0
TU16ATMRL1 	EQU 	1
TU16ATMRL2 	EQU 	2
TU16ATMRL3 	EQU 	3
TU16ATMRL4 	EQU 	4
TU16ATMRL5 	EQU 	5
TU16ATMRL6 	EQU 	6
TU16ATMRL7 	EQU 	7
TU16ATMRT 	EQU 	307
TU16ATMRT0 	EQU 	0
TU16ATMRT1 	EQU 	1
TU16ATMRT2 	EQU 	2
TU16ATMRT3 	EQU 	3
TU16ATMRT4 	EQU 	4
TU16ATMRT5 	EQU 	5
TU16ATMRT6 	EQU 	6
TU16ATMRT7 	EQU 	7
TU16AZIE 	EQU 	1
TU16AZIF 	EQU 	1
TU16BCAPT 	EQU 	3
TU16BCIE 	EQU 	0
TU16BCIF 	EQU 	0
TU16BCLK 	EQU 	326
TU16BCLK0 	EQU 	0
TU16BCLK1 	EQU 	1
TU16BCLK2 	EQU 	2
TU16BCLK3 	EQU 	3
TU16BCLK4 	EQU 	4
TU16BCLK_CLK0 	EQU 	0
TU16BCLK_CLK1 	EQU 	1
TU16BCLK_CLK2 	EQU 	2
TU16BCLK_CLK3 	EQU 	3
TU16BCLK_CLK4 	EQU 	4
TU16BCLR 	EQU 	5
TU16BCON0 	EQU 	314
TU16BCON0_CIE 	EQU 	0
TU16BCON0_CPOL 	EQU 	6
TU16BCON0_OM 	EQU 	5
TU16BCON0_OPOL 	EQU 	4
TU16BCON0_PRIE 	EQU 	2
TU16BCON0_RDSEL 	EQU 	3
TU16BCON0_ZIE 	EQU 	1
TU16BCON1 	EQU 	315
TU16BCON1_CAPT 	EQU 	3
TU16BCON1_CIF 	EQU 	0
TU16BCON1_CLR 	EQU 	5
TU16BCON1_LIMIT 	EQU 	4
TU16BCON1_OSEN 	EQU 	6
TU16BCON1_PRIF 	EQU 	2
TU16BCON1_RUN 	EQU 	7
TU16BCON1_ZIF 	EQU 	1
TU16BCPOL 	EQU 	6
TU16BCR 	EQU 	318
TU16BCR0 	EQU 	0
TU16BCR1 	EQU 	1
TU16BCR10 	EQU 	2
TU16BCR11 	EQU 	3
TU16BCR12 	EQU 	4
TU16BCR13 	EQU 	5
TU16BCR14 	EQU 	6
TU16BCR15 	EQU 	7
TU16BCR2 	EQU 	2
TU16BCR24 	EQU 	0
TU16BCR25 	EQU 	1
TU16BCR26 	EQU 	2
TU16BCR27 	EQU 	3
TU16BCR28 	EQU 	4
TU16BCR29 	EQU 	5
TU16BCR3 	EQU 	3
TU16BCR30 	EQU 	6
TU16BCR31 	EQU 	7
TU16BCR4 	EQU 	4
TU16BCR5 	EQU 	5
TU16BCR6 	EQU 	6
TU16BCR7 	EQU 	7
TU16BCR8 	EQU 	0
TU16BCR9 	EQU 	1
TU16BCRH 	EQU 	319
TU16BCRH0 	EQU 	0
TU16BCRH1 	EQU 	1
TU16BCRH2 	EQU 	2
TU16BCRH3 	EQU 	3
TU16BCRH4 	EQU 	4
TU16BCRH5 	EQU 	5
TU16BCRH6 	EQU 	6
TU16BCRH7 	EQU 	7
TU16BCRL 	EQU 	318
TU16BCRL0 	EQU 	0
TU16BCRL1 	EQU 	1
TU16BCRL2 	EQU 	2
TU16BCRL3 	EQU 	3
TU16BCRL4 	EQU 	4
TU16BCRL5 	EQU 	5
TU16BCRL6 	EQU 	6
TU16BCRL7 	EQU 	7
TU16BCRT 	EQU 	321
TU16BCRT0 	EQU 	0
TU16BCRT1 	EQU 	1
TU16BCRT2 	EQU 	2
TU16BCRT3 	EQU 	3
TU16BCRT4 	EQU 	4
TU16BCRT5 	EQU 	5
TU16BCRT6 	EQU 	6
TU16BCRT7 	EQU 	7
TU16BCSYNC 	EQU 	6
TU16BEPOL 	EQU 	7
TU16BERS 	EQU 	327
TU16BERS0 	EQU 	0
TU16BERS1 	EQU 	1
TU16BERS2 	EQU 	2
TU16BERS3 	EQU 	3
TU16BERS4 	EQU 	4
TU16BERS5 	EQU 	5
TU16BERS_ERS0 	EQU 	0
TU16BERS_ERS1 	EQU 	1
TU16BERS_ERS2 	EQU 	2
TU16BERS_ERS3 	EQU 	3
TU16BERS_ERS4 	EQU 	4
TU16BERS_ERS5 	EQU 	5
TU16BHLT 	EQU 	316
TU16BHLT_CSYNC 	EQU 	6
TU16BHLT_EPOL 	EQU 	7
TU16BHLT_RESET0 	EQU 	2
TU16BHLT_RESET1 	EQU 	3
TU16BHLT_START0 	EQU 	4
TU16BHLT_START1 	EQU 	5
TU16BHLT_STOP0 	EQU 	0
TU16BHLT_STOP1 	EQU 	1
TU16BIE 	EQU 	3
TU16BIF 	EQU 	3
TU16BIP 	EQU 	3
TU16BLIMIT 	EQU 	4
TU16BMD 	EQU 	1
TU16BOM 	EQU 	5
TU16BON 	EQU 	7
TU16BOPOL 	EQU 	4
TU16BPR 	EQU 	322
TU16BPR0 	EQU 	0
TU16BPR1 	EQU 	1
TU16BPR10 	EQU 	2
TU16BPR11 	EQU 	3
TU16BPR12 	EQU 	4
TU16BPR13 	EQU 	5
TU16BPR14 	EQU 	6
TU16BPR15 	EQU 	7
TU16BPR2 	EQU 	2
TU16BPR24 	EQU 	0
TU16BPR25 	EQU 	1
TU16BPR26 	EQU 	2
TU16BPR27 	EQU 	3
TU16BPR28 	EQU 	4
TU16BPR29 	EQU 	5
TU16BPR3 	EQU 	3
TU16BPR30 	EQU 	6
TU16BPR31 	EQU 	7
TU16BPR4 	EQU 	4
TU16BPR5 	EQU 	5
TU16BPR6 	EQU 	6
TU16BPR7 	EQU 	7
TU16BPR8 	EQU 	0
TU16BPR9 	EQU 	1
TU16BPRH 	EQU 	323
TU16BPRH0 	EQU 	0
TU16BPRH1 	EQU 	1
TU16BPRH2 	EQU 	2
TU16BPRH3 	EQU 	3
TU16BPRH4 	EQU 	4
TU16BPRH5 	EQU 	5
TU16BPRH6 	EQU 	6
TU16BPRH7 	EQU 	7
TU16BPRH_PRH0 	EQU 	0
TU16BPRH_PRH1 	EQU 	1
TU16BPRH_PRH2 	EQU 	2
TU16BPRH_PRH3 	EQU 	3
TU16BPRH_PRH4 	EQU 	4
TU16BPRH_PRH5 	EQU 	5
TU16BPRH_PRH6 	EQU 	6
TU16BPRH_PRH7 	EQU 	7
TU16BPRIE 	EQU 	2
TU16BPRIF 	EQU 	2
TU16BPRL 	EQU 	322
TU16BPRL0 	EQU 	0
TU16BPRL1 	EQU 	1
TU16BPRL2 	EQU 	2
TU16BPRL3 	EQU 	3
TU16BPRL4 	EQU 	4
TU16BPRL5 	EQU 	5
TU16BPRL6 	EQU 	6
TU16BPRL7 	EQU 	7
TU16BPRT 	EQU 	325
TU16BPRT0 	EQU 	0
TU16BPRT1 	EQU 	1
TU16BPRT2 	EQU 	2
TU16BPRT3 	EQU 	3
TU16BPRT4 	EQU 	4
TU16BPRT5 	EQU 	5
TU16BPRT6 	EQU 	6
TU16BPRT7 	EQU 	7
TU16BPRT_PRT0 	EQU 	0
TU16BPRT_PRT1 	EQU 	1
TU16BPRT_PRT2 	EQU 	2
TU16BPRT_PRT3 	EQU 	3
TU16BPRT_PRT4 	EQU 	4
TU16BPRT_PRT5 	EQU 	5
TU16BPRT_PRT6 	EQU 	6
TU16BPRT_PRT7 	EQU 	7
TU16BPR_PRL0 	EQU 	0
TU16BPR_PRL1 	EQU 	1
TU16BPR_PRL2 	EQU 	2
TU16BPR_PRL3 	EQU 	3
TU16BPR_PRL4 	EQU 	4
TU16BPR_PRL5 	EQU 	5
TU16BPR_PRL6 	EQU 	6
TU16BPR_PRL7 	EQU 	7
TU16BPS 	EQU 	317
TU16BPS0 	EQU 	0
TU16BPS1 	EQU 	1
TU16BPS2 	EQU 	2
TU16BPS3 	EQU 	3
TU16BPS4 	EQU 	4
TU16BPS5 	EQU 	5
TU16BPS6 	EQU 	6
TU16BPS7 	EQU 	7
TU16BPS_PS0 	EQU 	0
TU16BPS_PS1 	EQU 	1
TU16BPS_PS2 	EQU 	2
TU16BPS_PS3 	EQU 	3
TU16BPS_PS4 	EQU 	4
TU16BPS_PS5 	EQU 	5
TU16BPS_PS6 	EQU 	6
TU16BPS_PS7 	EQU 	7
TU16BRDSEL 	EQU 	3
TU16BRESET0 	EQU 	2
TU16BRESET1 	EQU 	3
TU16BRUN 	EQU 	7
TU16BSTART0 	EQU 	4
TU16BSTART1 	EQU 	5
TU16BSTOP0 	EQU 	0
TU16BSTOP1 	EQU 	1
TU16BTMR 	EQU 	318
TU16BTMR0 	EQU 	0
TU16BTMR1 	EQU 	1
TU16BTMR10 	EQU 	2
TU16BTMR11 	EQU 	3
TU16BTMR12 	EQU 	4
TU16BTMR13 	EQU 	5
TU16BTMR14 	EQU 	6
TU16BTMR15 	EQU 	7
TU16BTMR2 	EQU 	2
TU16BTMR24 	EQU 	0
TU16BTMR25 	EQU 	1
TU16BTMR26 	EQU 	2
TU16BTMR27 	EQU 	3
TU16BTMR28 	EQU 	4
TU16BTMR29 	EQU 	5
TU16BTMR3 	EQU 	3
TU16BTMR30 	EQU 	6
TU16BTMR31 	EQU 	7
TU16BTMR4 	EQU 	4
TU16BTMR5 	EQU 	5
TU16BTMR6 	EQU 	6
TU16BTMR7 	EQU 	7
TU16BTMR8 	EQU 	0
TU16BTMR9 	EQU 	1
TU16BTMRH 	EQU 	319
TU16BTMRH0 	EQU 	0
TU16BTMRH1 	EQU 	1
TU16BTMRH2 	EQU 	2
TU16BTMRH3 	EQU 	3
TU16BTMRH4 	EQU 	4
TU16BTMRH5 	EQU 	5
TU16BTMRH6 	EQU 	6
TU16BTMRH7 	EQU 	7
TU16BTMRH_CRH0 	EQU 	0
TU16BTMRH_CRH1 	EQU 	1
TU16BTMRH_CRH2 	EQU 	2
TU16BTMRH_CRH3 	EQU 	3
TU16BTMRH_CRH4 	EQU 	4
TU16BTMRH_CRH5 	EQU 	5
TU16BTMRH_CRH6 	EQU 	6
TU16BTMRH_CRH7 	EQU 	7
TU16BTMRH_TMRH0 	EQU 	0
TU16BTMRH_TMRH1 	EQU 	1
TU16BTMRH_TMRH2 	EQU 	2
TU16BTMRH_TMRH3 	EQU 	3
TU16BTMRH_TMRH4 	EQU 	4
TU16BTMRH_TMRH5 	EQU 	5
TU16BTMRH_TMRH6 	EQU 	6
TU16BTMRH_TMRH7 	EQU 	7
TU16BTMRL 	EQU 	318
TU16BTMRL0 	EQU 	0
TU16BTMRL1 	EQU 	1
TU16BTMRL2 	EQU 	2
TU16BTMRL3 	EQU 	3
TU16BTMRL4 	EQU 	4
TU16BTMRL5 	EQU 	5
TU16BTMRL6 	EQU 	6
TU16BTMRL7 	EQU 	7
TU16BTMRT 	EQU 	321
TU16BTMRT0 	EQU 	0
TU16BTMRT1 	EQU 	1
TU16BTMRT2 	EQU 	2
TU16BTMRT3 	EQU 	3
TU16BTMRT4 	EQU 	4
TU16BTMRT5 	EQU 	5
TU16BTMRT6 	EQU 	6
TU16BTMRT7 	EQU 	7
TU16BTMRT_CRT0 	EQU 	0
TU16BTMRT_CRT1 	EQU 	1
TU16BTMRT_CRT2 	EQU 	2
TU16BTMRT_CRT3 	EQU 	3
TU16BTMRT_CRT4 	EQU 	4
TU16BTMRT_CRT5 	EQU 	5
TU16BTMRT_CRT6 	EQU 	6
TU16BTMRT_CRT7 	EQU 	7
TU16BTMRT_TMRT0 	EQU 	0
TU16BTMRT_TMRT1 	EQU 	1
TU16BTMRT_TMRT2 	EQU 	2
TU16BTMRT_TMRT3 	EQU 	3
TU16BTMRT_TMRT4 	EQU 	4
TU16BTMRT_TMRT5 	EQU 	5
TU16BTMRT_TMRT6 	EQU 	6
TU16BTMRT_TMRT7 	EQU 	7
TU16BTMR_CRL0 	EQU 	0
TU16BTMR_CRL1 	EQU 	1
TU16BTMR_CRL2 	EQU 	2
TU16BTMR_CRL3 	EQU 	3
TU16BTMR_CRL4 	EQU 	4
TU16BTMR_CRL5 	EQU 	5
TU16BTMR_CRL6 	EQU 	6
TU16BTMR_CRL7 	EQU 	7
TU16BTMR_TMRL0 	EQU 	0
TU16BTMR_TMRL1 	EQU 	1
TU16BTMR_TMRL2 	EQU 	2
TU16BTMR_TMRL3 	EQU 	3
TU16BTMR_TMRL4 	EQU 	4
TU16BTMR_TMRL5 	EQU 	5
TU16BTMR_TMRL6 	EQU 	6
TU16BTMR_TMRL7 	EQU 	7
TU16BZIE 	EQU 	1
TU16BZIF 	EQU 	1
TUCHAIN 	EQU 	299
TUIN0PPS 	EQU 	869
TUIN0PPS0 	EQU 	0
TUIN0PPS1 	EQU 	1
TUIN0PPS2 	EQU 	2
TUIN0PPS3 	EQU 	3
TUIN0PPS4 	EQU 	4
TUIN1PPS 	EQU 	870
TUIN1PPS0 	EQU 	0
TUIN1PPS1 	EQU 	1
TUIN1PPS2 	EQU 	2
TUIN1PPS3 	EQU 	3
TUIN1PPS4 	EQU 	4
TUN0 	EQU 	0
TUN1 	EQU 	1
TUN2 	EQU 	2
TUN3 	EQU 	3
TUN4 	EQU 	4
TUN5 	EQU 	5
TWIDTH0 	EQU 	0
TWIDTH1 	EQU 	1
TWIDTH2 	EQU 	2
TXB0 	EQU 	0
TXB1 	EQU 	1
TXB2 	EQU 	2
TXB3 	EQU 	3
TXB4 	EQU 	4
TXB5 	EQU 	5
TXB6 	EQU 	6
TXB7 	EQU 	7
TXBE 	EQU 	5
TXBF 	EQU 	4
TXCIE 	EQU 	0
TXCIF 	EQU 	0
TXEN 	EQU 	5
TXFNE 	EQU 	0
TXMTIE 	EQU 	7
TXMTIF 	EQU 	7
TXPOL 	EQU 	2
TXR 	EQU 	1
TXU 	EQU 	1
TXUIE 	EQU 	1
TXUIF 	EQU 	1
TXWE 	EQU 	7
TXWEIE 	EQU 	1
TXWEIF 	EQU 	1
TXWRE 	EQU 	7
U1ABDEN 	EQU 	6
U1ABDIE 	EQU 	2
U1ABDIF 	EQU 	6
U1ABDOVE 	EQU 	5
U1ABDOVF 	EQU 	5
U1BRG 	EQU 	444
U1BRGH 	EQU 	445
U1BRGL 	EQU 	444
U1BRGS 	EQU 	7
U1BRKOVR 	EQU 	1
U1C0EN 	EQU 	3
U1CERIE 	EQU 	4
U1CERIF 	EQU 	4
U1CON0 	EQU 	441
U1CON0_MODE0 	EQU 	0
U1CON0_MODE1 	EQU 	1
U1CON0_MODE2 	EQU 	2
U1CON0_MODE3 	EQU 	3
U1CON1 	EQU 	442
U1CON2 	EQU 	443
U1CTSPPS 	EQU 	929
U1CTSPPS0 	EQU 	0
U1CTSPPS1 	EQU 	1
U1CTSPPS2 	EQU 	2
U1CTSPPS3 	EQU 	3
U1CTSPPS4 	EQU 	4
U1EIE 	EQU 	3
U1EIF 	EQU 	3
U1EIP 	EQU 	3
U1ERRIE 	EQU 	450
U1ERRIR 	EQU 	449
U1FERIE 	EQU 	3
U1FERIF 	EQU 	3
U1FIFO 	EQU 	446
U1FLO0 	EQU 	0
U1FLO1 	EQU 	1
U1IE 	EQU 	2
U1IF 	EQU 	2
U1IP 	EQU 	2
U1MD 	EQU 	3
U1MODE0 	EQU 	0
U1MODE1 	EQU 	1
U1MODE2 	EQU 	2
U1MODE3 	EQU 	3
U1ON 	EQU 	7
U1P1 	EQU 	435
U1P1H 	EQU 	436
U1P1L 	EQU 	435
U1P2 	EQU 	437
U1P2H 	EQU 	438
U1P2L 	EQU 	437
U1P3 	EQU 	439
U1P3H 	EQU 	440
U1P3L 	EQU 	439
U1PERIE 	EQU 	6
U1PERIF 	EQU 	6
U1RCIDL 	EQU 	3
U1RUNOVF 	EQU 	7
U1RXB 	EQU 	431
U1RXBE 	EQU 	1
U1RXBF 	EQU 	0
U1RXBIMD 	EQU 	3
U1RXBKIE 	EQU 	2
U1RXBKIF 	EQU 	2
U1RXBL 	EQU 	431
U1RXCHK 	EQU 	432
U1RXEN 	EQU 	4
U1RXFOIE 	EQU 	1
U1RXFOIF 	EQU 	1
U1RXIDL 	EQU 	3
U1RXIE 	EQU 	0
U1RXIF 	EQU 	0
U1RXIP 	EQU 	0
U1RXPOL 	EQU 	6
U1RXPPS 	EQU 	930
U1RXPPS0 	EQU 	0
U1RXPPS1 	EQU 	1
U1RXPPS2 	EQU 	2
U1RXPPS3 	EQU 	3
U1RXPPS4 	EQU 	4
U1SENDB 	EQU 	0
U1STP0 	EQU 	4
U1STP1 	EQU 	5
U1STPMD 	EQU 	6
U1TXB 	EQU 	433
U1TXBE 	EQU 	5
U1TXBF 	EQU 	4
U1TXBL 	EQU 	433
U1TXCHK 	EQU 	434
U1TXCIE 	EQU 	0
U1TXCIF 	EQU 	0
U1TXEN 	EQU 	5
U1TXIE 	EQU 	1
U1TXIF 	EQU 	1
U1TXIP 	EQU 	1
U1TXMTIE 	EQU 	7
U1TXMTIF 	EQU 	7
U1TXPOL 	EQU 	2
U1TXWRE 	EQU 	7
U1UIR 	EQU 	448
U1WUE 	EQU 	4
U1WUIF 	EQU 	7
U1XON 	EQU 	2
U2ABDEN 	EQU 	6
U2ABDIE 	EQU 	2
U2ABDIF 	EQU 	6
U2ABDOVE 	EQU 	5
U2ABDOVF 	EQU 	5
U2BRG 	EQU 	464
U2BRGH 	EQU 	465
U2BRGL 	EQU 	464
U2BRGS 	EQU 	7
U2BRKOVR 	EQU 	1
U2CON0 	EQU 	461
U2CON0_ABDEN 	EQU 	6
U2CON0_BRGS 	EQU 	7
U2CON0_MODE0 	EQU 	0
U2CON0_MODE1 	EQU 	1
U2CON0_MODE2 	EQU 	2
U2CON0_RXEN 	EQU 	4
U2CON0_TXEN 	EQU 	5
U2CON1 	EQU 	462
U2CON1_BRKOVR 	EQU 	1
U2CON1_RXBIMD 	EQU 	3
U2CON1_SENDB 	EQU 	0
U2CON1_WUE 	EQU 	4
U2CON2 	EQU 	463
U2CON2_FLO0 	EQU 	0
U2CON2_FLO1 	EQU 	1
U2CON2_RUNOVF 	EQU 	7
U2CON2_RXPOL 	EQU 	6
U2CON2_STP0 	EQU 	4
U2CON2_STP1 	EQU 	5
U2CON2_TXPOL 	EQU 	2
U2CTSPPS 	EQU 	931
U2CTSPPS0 	EQU 	0
U2CTSPPS1 	EQU 	1
U2CTSPPS2 	EQU 	2
U2CTSPPS3 	EQU 	3
U2CTSPPS4 	EQU 	4
U2EIE 	EQU 	7
U2EIF 	EQU 	7
U2EIP 	EQU 	7
U2ERRIE 	EQU 	470
U2ERRIE_ABDOVE 	EQU 	5
U2ERRIE_FERIE 	EQU 	3
U2ERRIE_PERIE 	EQU 	6
U2ERRIE_RXBKIE 	EQU 	2
U2ERRIE_RXFOIE 	EQU 	1
U2ERRIE_TXMTIE 	EQU 	7
U2ERRIR 	EQU 	469
U2ERRIR_ABDOVF 	EQU 	5
U2ERRIR_FERIF 	EQU 	3
U2ERRIR_PERIF 	EQU 	6
U2ERRIR_RXBKIF 	EQU 	2
U2ERRIR_RXFOIF 	EQU 	1
U2ERRIR_TXMTIF 	EQU 	7
U2FERIE 	EQU 	3
U2FERIF 	EQU 	3
U2FIFO 	EQU 	466
U2FIFO_RCIDL 	EQU 	3
U2FIFO_RXBE 	EQU 	1
U2FIFO_RXBF 	EQU 	0
U2FIFO_RXIDL 	EQU 	3
U2FIFO_STPMD 	EQU 	6
U2FIFO_TXBE 	EQU 	5
U2FIFO_TXBF 	EQU 	4
U2FIFO_TXWRE 	EQU 	7
U2FIFO_XON 	EQU 	2
U2FLO0 	EQU 	0
U2FLO1 	EQU 	1
U2IE 	EQU 	6
U2IF 	EQU 	6
U2IP 	EQU 	6
U2MD 	EQU 	4
U2MODE0 	EQU 	0
U2MODE1 	EQU 	1
U2MODE2 	EQU 	2
U2ON 	EQU 	7
U2P1 	EQU 	455
U2P1L 	EQU 	455
U2P2 	EQU 	457
U2P2L 	EQU 	457
U2P3 	EQU 	459
U2P3L 	EQU 	459
U2PERIE 	EQU 	6
U2PERIF 	EQU 	6
U2RCIDL 	EQU 	3
U2RUNOVF 	EQU 	7
U2RXB 	EQU 	451
U2RXBE 	EQU 	1
U2RXBF 	EQU 	0
U2RXBIMD 	EQU 	3
U2RXBKIE 	EQU 	2
U2RXBKIF 	EQU 	2
U2RXBL 	EQU 	451
U2RXEN 	EQU 	4
U2RXFOIE 	EQU 	1
U2RXFOIF 	EQU 	1
U2RXIDL 	EQU 	3
U2RXIE 	EQU 	4
U2RXIF 	EQU 	4
U2RXIP 	EQU 	4
U2RXPOL 	EQU 	6
U2RXPPS 	EQU 	932
U2RXPPS0 	EQU 	0
U2RXPPS1 	EQU 	1
U2RXPPS2 	EQU 	2
U2RXPPS3 	EQU 	3
U2RXPPS4 	EQU 	4
U2SENDB 	EQU 	0
U2STP0 	EQU 	4
U2STP1 	EQU 	5
U2STPMD 	EQU 	6
U2TXB 	EQU 	453
U2TXBE 	EQU 	5
U2TXBF 	EQU 	4
U2TXBL 	EQU 	453
U2TXEN 	EQU 	5
U2TXIE 	EQU 	5
U2TXIF 	EQU 	5
U2TXIP 	EQU 	5
U2TXMTIE 	EQU 	7
U2TXMTIF 	EQU 	7
U2TXPOL 	EQU 	2
U2TXWRE 	EQU 	7
U2UIR 	EQU 	468
U2UIR_ABDIE 	EQU 	2
U2UIR_ABDIF 	EQU 	6
U2UIR_WUIF 	EQU 	7
U2WUE 	EQU 	4
U2WUIF 	EQU 	7
U2XON 	EQU 	2
UCCCIE 	EQU 	0
UCCCIF 	EQU 	0
UD 	EQU 	6
UTH0 	EQU 	0
UTH1 	EQU 	1
UTH10 	EQU 	2
UTH11 	EQU 	3
UTH12 	EQU 	4
UTH13 	EQU 	5
UTH14 	EQU 	6
UTH15 	EQU 	7
UTH2 	EQU 	2
UTH3 	EQU 	3
UTH4 	EQU 	4
UTH5 	EQU 	5
UTH6 	EQU 	6
UTH7 	EQU 	7
UTH8 	EQU 	0
UTH9 	EQU 	1
UTHR 	EQU 	6
VDDIO2IE 	EQU 	2
VDDIO2IF 	EQU 	2
VDDIO2IP 	EQU 	2
VDDIO2RDY 	EQU 	0
VDDIO3IE 	EQU 	3
VDDIO3IF 	EQU 	3
VDDIO3IP 	EQU 	3
VDDIO3RDY 	EQU 	1
VREGCON 	EQU 	121
VREGPM0 	EQU 	0
VREGPM1 	EQU 	1
VRSV0 	EQU 	0
VRSV1 	EQU 	1
VRSV2 	EQU 	2
VRSV3 	EQU 	3
VRSV4 	EQU 	4
VRSV5 	EQU 	5
VRSV6 	EQU 	6
VRSV7 	EQU 	7
W 	EQU 	0
WDTCON0 	EQU 	116
WDTCON0_WDTCON0_PS0 	EQU 	1
WDTCON0_WDTCON0_PS1 	EQU 	2
WDTCON0_WDTCON0_PS2 	EQU 	3
WDTCON0_WDTCON0_PS3 	EQU 	4
WDTCON0_WDTCON0_PS4 	EQU 	5
WDTCON1 	EQU 	117
WDTCS0 	EQU 	4
WDTCS1 	EQU 	5
WDTCS2 	EQU 	6
WDTPS 	EQU 	118
WDTPS0 	EQU 	1
WDTPS1 	EQU 	2
WDTPS2 	EQU 	3
WDTPS3 	EQU 	4
WDTPS4 	EQU 	5
WDTPSCNT16 	EQU 	0
WDTPSCNT17 	EQU 	1
WDTPSH 	EQU 	119
WDTPSL 	EQU 	118
WDTSEN 	EQU 	0
WDTSTATE 	EQU 	2
WDTTMR 	EQU 	120
WDTTMR0 	EQU 	3
WDTTMR1 	EQU 	4
WDTTMR2 	EQU 	5
WDTTMR3 	EQU 	6
WDTTMR4 	EQU 	7
WDTWINDOW0 	EQU 	0
WDTWINDOW1 	EQU 	1
WDTWINDOW2 	EQU 	2
WDTWV 	EQU 	5
WINDOW0 	EQU 	0
WINDOW1 	EQU 	1
WINDOW2 	EQU 	2
WPUA 	EQU 	1047
WPUA0 	EQU 	0
WPUA1 	EQU 	1
WPUA2 	EQU 	2
WPUA3 	EQU 	3
WPUA4 	EQU 	4
WPUA5 	EQU 	5
WPUB 	EQU 	1057
WPUB5 	EQU 	5
WPUB6 	EQU 	6
WPUB7 	EQU 	7
WPUC 	EQU 	1067
WPUC0 	EQU 	0
WPUC1 	EQU 	1
WPUC3 	EQU 	3
WPUC4 	EQU 	4
WPUC5 	EQU 	5
WPUC6 	EQU 	6
WPUC7 	EQU 	7
WR1IE 	EQU 	4
WR1IF 	EQU 	4
WREG 	EQU 	1256
WREG_CSHAD 	EQU 	884
WREG_SHAD 	EQU 	888
WRERR 	EQU 	7
WRIE 	EQU 	4
WRIF 	EQU 	4
WUE 	EQU 	4
WUIF 	EQU 	7
XIP 	EQU 	0
XON 	EQU 	2
XOR0 	EQU 	0
XOR1 	EQU 	1
XOR10 	EQU 	2
XOR11 	EQU 	3
XOR12 	EQU 	4
XOR13 	EQU 	5
XOR14 	EQU 	6
XOR15 	EQU 	7
XOR16 	EQU 	0
XOR17 	EQU 	1
XOR18 	EQU 	2
XOR19 	EQU 	3
XOR2 	EQU 	2
XOR20 	EQU 	4
XOR21 	EQU 	5
XOR22 	EQU 	6
XOR23 	EQU 	7
XOR24 	EQU 	0
XOR25 	EQU 	1
XOR26 	EQU 	2
XOR27 	EQU 	3
XOR28 	EQU 	4
XOR29 	EQU 	5
XOR3 	EQU 	3
XOR30 	EQU 	6
XOR31 	EQU 	7
XOR4 	EQU 	4
XOR5 	EQU 	5
XOR6 	EQU 	6
XOR7 	EQU 	7
XOR8 	EQU 	0
XOR9 	EQU 	1
Z 	EQU 	2
ZIE 	EQU 	1
ZIF 	EQU 	1

Code:
Loc	Obj Code	Original Assembly












000000	EF06 F000	GOTO BASPROGRAMSTART

000008	D05B	BRA INTERRUPT



		BASPROGRAMSTART
00000C	D82C	RCALL INITSYS
00000E	8E61	BSF INTCON0,GIE,ACCESS

000010	9E8F	BCF TRISC,7,ACCESS
000012	9C8F	BCF TRISC,6,ACCESS
000014	9A8F	BCF TRISC,5,ACCESS
000016	988F	BCF TRISC,4,ACCESS
000018	808D	BSF TRISA,0,ACCESS
00001A	868D	BSF TRISA,3,ACCESS
00001C	0E01	MOVLW 1
00001E	6E06	MOVWF TMRSOURCE,ACCESS
000020	0E46	MOVLW 70
000022	6E05	MOVWF TMRPRES,ACCESS
000024	6A04	CLRF TMRPOST,ACCESS
000026	D836	RCALL INITTIMER0184
000028	6A03	CLRF TMRNUMBER,ACCESS
00002A	0EDC	MOVLW 220
00002C	6E07	MOVWF TMRVALUE,ACCESS
00002E	0E0B	MOVLW 11
000030	6E08	MOVWF TMRVALUE_H,ACCESS
000032	D84E	RCALL SETTIMER182
000034	8A76	BSF PIE3,TMR0IE,ACCESS
000036	6A03	CLRF TMRNUMBER,ACCESS
000038	D865	RCALL STARTTIMER
00003A	8895	BSF LATC,4,ACCESS
		SYSDOLOOP_S1
00003C	0402	DECF TIMEOUT,W,ACCESS
00003E	A4D8	BTFSS STATUS, Z,ACCESS
000040	D00B	BRA ENDIF1
000042	90D8	BCF STATUS,C,ACCESS
000044	3695	RLCF LATC,F,ACCESS
000046	B0D8	BTFSC STATUS,C,ACCESS
000048	8895	BSF LATC,4,ACCESS
00004A	6A02	CLRF TIMEOUT,ACCESS
00004C	6A03	CLRF TMRNUMBER,ACCESS
00004E	0EDC	MOVLW 220
000050	6E07	MOVWF TMRVALUE,ACCESS
000052	0E0B	MOVLW 11
000054	6E08	MOVWF TMRVALUE_H,ACCESS
000056	D83C	RCALL SETTIMER182
		ENDIF1
000058	D7F1	BRA SYSDOLOOP_S1
		SYSDOLOOP_E1
		BASPROGRAMEND
00005A	0003	SLEEP
00005C	D7FE	BRA BASPROGRAMEND


		BLINK
00005E	0E01	MOVLW 1
000060	6E02	MOVWF TIMEOUT,ACCESS
000062	9A6C	BCF PIR3,TMR0IF,ACCESS
000064	0012	RETURN


		INITSYS
000066	0100	MOVLB 0
000068	0E60	MOVLW 96
00006A	6F7A	MOVWF OSCCON1,BANKED
00006C	6B7C	CLRF OSCCON3,BANKED
00006E	6B7E	CLRF OSCEN,BANKED
000070	6B7F	CLRF OSCTUNE,BANKED
000072	0E60	MOVLW 96
000074	6F7A	MOVWF OSCCON1,BANKED
000076	0E05	MOVLW 5
000078	6F80	MOVWF OSCFRQ,BANKED
00007A	6AF8	CLRF TBLPTRU,ACCESS
000000	0102	BANKSEL ADCON0
00007E	952F	BCF ADCON0,ADFM0,BANKED
000080	9F2F	BCF ADCON0,ADON,BANKED
000000	0104	BANKSEL ANSELA
000084	6B16	CLRF ANSELA,BANKED
000086	6B20	CLRF ANSELB,BANKED
000088	6B2A	CLRF ANSELC,BANKED
00008A	6A87	CLRF PORTA,ACCESS
00008C	6A88	CLRF PORTB,ACCESS
00008E	6A89	CLRF PORTC,ACCESS
000000	0100	BANKSEL 0
000092	0012	RETURN


		INITTIMER0184
000094	0EF0	MOVLW 240
000000	0101	BANKSEL T0CON1
000098	1506	ANDWF T0CON1,W,BANKED
00009A	6E01	MOVWF SYSTEMP1,ACCESS
00009C	1205	IORWF TMRPRES,F,ACCESS
00009E	0406	DECF TMRSOURCE,W,ACCESS
0000A0	B4D8	BTFSC STATUS, Z,ACCESS
0000A2	D002	BRA ELSE11_1
0000A4	8A04	BSF TMRPOST,5,ACCESS
0000A6	D001	BRA ENDIF11
		ELSE11_1
0000A8	9A04	BCF TMRPOST,5,ACCESS
		ENDIF11
0000AA	C505 F106	MOVFF TMRPRES,T0CON1
0000AE	0EE0	MOVLW 224
0000B0	1505	ANDWF T0CON0,W,BANKED
0000B2	6E01	MOVWF SYSTEMP1,ACCESS
0000B4	1204	IORWF TMRPOST,F,ACCESS
0000B6	8804	BSF TMRPOST,4,ACCESS
0000B8	C504 F105	MOVFF TMRPOST,T0CON0
000000	0100	BANKSEL 0
0000BE	0012	RETURN


		INTERRUPT
0000C0	AA76	BTFSS PIE3,TMR0IE,ACCESS
0000C2	D005	BRA NOTTMR0IF
0000C4	AA6C	BTFSS PIR3,TMR0IF,ACCESS
0000C6	D003	BRA NOTTMR0IF
0000C8	DFCA	RCALL BLINK
0000CA	9A6C	BCF PIR3,TMR0IF,ACCESS
0000CC	D000	BRA INTERRUPTDONE
		NOTTMR0IF
		INTERRUPTDONE
0000CE	0011	RETFIE 1


		SETTIMER182
0000D0	5203	MOVF TMRNUMBER,F,ACCESS
0000D2	A4D8	BTFSS STATUS, Z,ACCESS
0000D4	D005	BRA ENDIF7
0000D6	C508 F104	MOVFF TMRVALUE_H,TMR0H
0000DA	C507 F103	MOVFF TMRVALUE,TMR0L
0000DE	0012	RETURN
		ENDIF7
0000E0	0403	DECF TMRNUMBER,W,ACCESS
0000E2	A4D8	BTFSS STATUS, Z,ACCESS
0000E4	D004	BRA ENDIF8
0000E6	C508 F108	MOVFF TMRVALUE_H,TMR1H
0000EA	C507 F107	MOVFF TMRVALUE,TMR1L
		ENDIF8
0000EE	0E02	MOVLW 2
0000F0	5C03	SUBWF TMRNUMBER,W,ACCESS
0000F2	B4D8	BTFSC STATUS, Z,ACCESS
0000F4	C507 F119	MOVFF TMRVALUE,TMR2
0000F8	0E04	MOVLW 4
0000FA	5C03	SUBWF TMRNUMBER,W,ACCESS
0000FC	B4D8	BTFSC STATUS, Z,ACCESS
0000FE	C507 F11F	MOVFF TMRVALUE,TMR4
000102	0012	RETURN


		STARTTIMER
000104	5203	MOVF TMRNUMBER,F,ACCESS
000106	A4D8	BTFSS STATUS, Z,ACCESS
000108	D002	BRA ENDIF3
000000	0101	BANKSEL T0CON0
00010C	8F05	BSF T0CON0,T0EN,BANKED
		ENDIF3
00010E	0403	DECF TMRNUMBER,W,ACCESS
000110	A4D8	BTFSS STATUS, Z,ACCESS
000112	D002	BRA ENDIF4
000000	0101	BANKSEL T1CON
000116	8109	BSF T1CON,TMR1ON,BANKED
		ENDIF4
000118	0E02	MOVLW 2
00011A	5C03	SUBWF TMRNUMBER,W,ACCESS
00011C	A4D8	BTFSS STATUS, Z,ACCESS
00011E	D002	BRA ENDIF5
000000	0101	BANKSEL T2CON
000122	8F1B	BSF T2CON,TMR2ON,BANKED
		ENDIF5
000124	0E04	MOVLW 4
000126	5C03	SUBWF TMRNUMBER,W,ACCESS
000128	A4D8	BTFSS STATUS, Z,ACCESS
00012A	D002	BRA ENDIF6
000000	0101	BANKSEL T4CON
00012E	8F21	BSF T4CON,TMR4ON,BANKED
		ENDIF6
000000	0100	BANKSEL 0
000132	0012	RETURN


