Microchip MPLAB XC8 PIC(R) Assembler V2.46

Linker command line:

-W-3 \
  --edf=C:\Program Files\Microchip\xc8\v2.46\pic\dat\20240104201356_en.msgs \
  -cs \
  -h+D:\GreatCowBASICGits\Demonstration_Sources.git\Vendor_Boards\Great_Cow_Basic_Demo_Board\18Fx6q20_ChipRange_Demonstrations\150_showing_tableeeprom_data_to_serial_terminal.sym \
  --cmf=D:\GreatCowBASICGits\Demonstration_Sources.git\Vendor_Boards\Great_Cow_Basic_Demo_Board\18Fx6q20_ChipRange_Demonstrations\150_showing_tableeeprom_data_to_serial_terminal.cmf \
  -z -Q18F16Q20 -oC:\Users\admin\AppData\Local\Temp\xcAsmig.\driver_tmp_3.o \
  --fixupoverflow=error -ver=XC8 PIC(R) Assembler --fixupoverflow=lstwarn \
  -MD:\GreatCowBASICGits\Demonstration_Sources.git\Vendor_Boards\Great_Cow_Basic_Demo_Board\18Fx6q20_ChipRange_Demonstrations\150_showing_tableeeprom_data_to_serial_terminal.map \
  -E1 --acfsm=1493 -ACODE=00h-0FFFFh -ACONST=00h-0FFFFh \
  -ASMALLCONST=01500h-015FFhx235 -AMEDIUMCONST=01500h-0FFFFh \
  -ACOMRAM=0500h-055Fh -AABS1=0500h-014FFh -ABIGRAM=0500h-014FFh \
  -ARAM=0560h-05FFh,0600h-06FFhx15 -ABANK5=0560h-05FFh -ABANK6=0600h-06FFh \
  -ABANK7=0700h-07FFh -ABANK8=0800h-08FFh -ABANK9=0900h-09FFh \
  -ABANK10=0A00h-0AFFh -ABANK11=0B00h-0BFFh -ABANK12=0C00h-0CFFh \
  -ABANK13=0D00h-0DFFh -ABANK14=0E00h-0EFFh -ABANK15=0F00h-0FFFh \
  -ABANK16=01000h-010FFh -ABANK17=01100h-011FFh -ABANK18=01200h-012FFh \
  -ABANK19=01300h-013FFh -ABANK20=01400h-014FFh \
  -ASFR=00h-0FFhx4,0400h-045Fh,0460h-04FFh,01500h-015FFh \
  -ABIGSFR=00h-04FFh,01500h-015FFh -AIDLOC=0200000h-020003Fh \
  -AEEDATA=0380000h-03800FFh \
  D:\GreatCowBASICGits\Demonstration_Sources.git\Vendor_Boards\Great_Cow_Basic_Demo_Board\18Fx6q20_ChipRange_Demonstrations\150_showing_tableeeprom_data_to_serial_terminal.o 

Object code version is 3.11

Machine type is 18F16Q20



                Name                               Link     Load   Length Selector   Space Scale
D:\GreatCowBASICGits\Demonstration_Sources.git\Vendor_Boards\Great_Cow_Basic_Demo_Board\18Fx6q20_ChipRange_Demonstrations\150_showing_tableeeprom_data_to_serial_terminal.o
                config                           300000   300000       1A        0       4
                RESETVEC                              0        0   38002C        0       0

TOTAL           Name                               Link     Load   Length     Space
        CLASS   CODE           

        CLASS   CONST          

        CLASS   SMALLCONST     

        CLASS   MEDIUMCONST    

        CLASS   COMRAM         

        CLASS   ABS1           

        CLASS   BIGRAM         

        CLASS   RAM            

        CLASS   BANK5          

        CLASS   BANK6          

        CLASS   BANK7          

        CLASS   BANK8          

        CLASS   BANK9          

        CLASS   BANK10         

        CLASS   BANK11         

        CLASS   BANK12         

        CLASS   BANK13         

        CLASS   BANK14         

        CLASS   BANK15         

        CLASS   BANK16         

        CLASS   BANK17         

        CLASS   BANK18         

        CLASS   BANK19         

        CLASS   BANK20         

        CLASS   SFR            

        CLASS   BIGSFR         

        CLASS   IDLOC          

        CLASS   EEDATA         

        CLASS   CONFIG         
                config                           300000   300000       1A         4

        CLASS   UNCLASSED
                RESETVEC                              0        0   38002C         0


SEGMENTS        Name                           Load    Length   Top    Selector   Space  Class



UNUSED ADDRESS RANGES

        Name                Unused          Largest block    Delta
        BANK10           000A00-000AFF              100
        BANK11           000B00-000BFF              100
        BANK12           000C00-000CFF              100
        BANK13           000D00-000DFF              100
        BANK14           000E00-000EFF              100
        BANK15           000F00-000FFF              100
        BANK16           001000-0010FF              100
        BANK17           001100-0011FF              100
        BANK18           001200-0012FF              100
        BANK19           001300-0013FF              100
        BANK20           001400-0014FF              100
        BANK5            000560-0005FF               A0
        BANK6            000600-0006FF              100
        BANK7            000700-0007FF              100
        BANK8            000800-0008FF              100
        BANK9            000900-0009FF              100
        COMRAM           000500-00055F               60
        EEDATA           380000-3800FF              100
        RAM              000560-0014FF              100

                                  Symbol Table

AFSR0                   (abs)        0004E9
AFSR0_H                 (abs)        0004EA
BASPROGRAMEND           RESETVEC     000028
BASPROGRAMSTART         RESETVEC     00000C
COMPORT                 (abs)        00050D
DATATESTDATASOURCE      RESETVEC     380020
DATATESTDATASOURCE2     RESETVEC     380026
DELAYTEMP               (abs)        000500
DELAYTEMP2              (abs)        000501
DELAY_MS                RESETVEC     00002C
DELAY_S                 RESETVEC     000048
DISPLAYNEWLINE          (abs)        00050E
DMS_INNER               RESETVEC     000036
DMS_OUTER               RESETVEC     000032
DMS_START               RESETVEC     00002E
DS_START                RESETVEC     000048
EEDATAVALUE             (abs)        00050F
EEPROMADDRESS           (abs)        000510
EEPROMADDRESS_H         (abs)        000511
ENDIF10                 RESETVEC     00015E
ENDIF11                 RESETVEC     0001B6
ENDIF12                 RESETVEC     000098
ENDIF13                 RESETVEC     000098
ENDIF2                  RESETVEC     0002B8
ENDIF3                  RESETVEC     000326
ENDIF4                  RESETVEC     000414
ENDIF6                  RESETVEC     00043C
ENDIF7                  RESETVEC     00038C
ENDIF8                  RESETVEC     0003B2
ENDIF9                  RESETVEC     000142
FN_RIGHT                RESETVEC     00012C
FN__HEXPICAS            RESETVEC     0003FC
HSERPRINT315            RESETVEC     000058
HSERPRINTCRLF           RESETVEC     00009A
HSERPRINTCRLFCOUNT      (abs)        000512
HSERSEND305             RESETVEC     0000B6
HSERSENDUSART1HANDLER   RESETVEC     0000B6
INDATA                  (abs)        000513
INITPPS                 RESETVEC     0000C0
INITSYS                 RESETVEC     0000CC
INITUSART               RESETVEC     0000FA
NVMADR_EPREAD           RESETVEC     000116
PRINTLEN                (abs)        000514
RIGHT                   (abs)        0014D7
SCLT16TRUE              RESETVEC     00035C
SERDATA                 (abs)        000515
SHOWEEPROM              RESETVEC     0001BE
STRINGPOINTER           (abs)        000516
STRINGTABLE1            RESETVEC     0003EE
STRINGTABLE2            RESETVEC     0003F6
STRINGTABLE3            RESETVEC     0003F8
SYSARRAYTEMP1           (abs)        000517
SYSARRAYTEMP2           (abs)        000518
SYSBYTETEMPA            (abs)        000505
SYSBYTETEMPB            (abs)        000509
SYSBYTETEMPX            (abs)        000500
SYSCALCTEMPA            (abs)        000505
SYSCHARCOUNT            (abs)        000519
SYSCHARSTART            (abs)        00051A
SYSCOMPEQUAL            RESETVEC     000328
SYSCOMPEQUAL16          RESETVEC     000332
SYSCOMPLESSTHAN16       RESETVEC     000344
SYSDIV16START           RESETVEC     000390
SYSDIVLOOP              (abs)        000504
SYSDIVMULTA             (abs)        000507
SYSDIVMULTA_H           (abs)        000508
SYSDIVMULTB             (abs)        00050B
SYSDIVMULTB_H           (abs)        00050C
SYSDIVMULTX             (abs)        000502
SYSDIVMULTX_H           (abs)        000503
SYSDIVSUB16             RESETVEC     000360
SYSDOLOOP_E1            RESETVEC     000028
SYSDOLOOP_S1            RESETVEC     000026
SYSEEADDRESS            (abs)        00051B
SYSEEADDRESS_H          (abs)        00051C
SYSFORLOOP1             RESETVEC     0001EC
SYSFORLOOP2             RESETVEC     00023E
SYSFORLOOP3             RESETVEC     000420
SYSFORLOOP4             RESETVEC     000172
SYSFORLOOP5             RESETVEC     00006E
SYSFORLOOPEND1          RESETVEC     00023A
SYSFORLOOPEND2          RESETVEC     000326
SYSFORLOOPEND3          RESETVEC     00042C
SYSFORLOOPEND4          RESETVEC     0001B6
SYSFORLOOPEND5          RESETVEC     000098
SYSPRINTDATAHANDLER     (abs)        00051D
SYSPRINTDATAHANDLER_H   (abs)        00051E
SYSPRINTTEMP            (abs)        00051F
SYSREADSTRING           RESETVEC     0003C8
SYSREADSTRINGPART       RESETVEC     0003D4
SYSREPEATLOOP1          RESETVEC     0000A4
SYSREPEATLOOPEND1       RESETVEC     0000B4
SYSREPEATTEMP1          (abs)        000520
SYSRIGHT_0              (abs)        0014D7
SYSSTRINGA              (abs)        000507
SYSSTRINGA_H            (abs)        000508
SYSSTRINGLENGTH         (abs)        000506
SYSSTRINGPARAM1         (abs)        0014D0
SYSSTRINGREAD           RESETVEC     0003E2
SYSSTRINGREADCHECK      RESETVEC     0003DC
SYSSTRINGTABLES         RESETVEC     0003EE
SYSSTRINGTEMP           (abs)        000521
SYSSYSINSTRINGHANDLER   (abs)        000522
SYSSYSINSTRINGHANDLER_H (abs)        000523
SYSTEMP1                (abs)        000524
SYSTEMP1_H              (abs)        000525
SYSTEMP2                (abs)        000526
SYSTEMP3                (abs)        000527
SYSVALTEMP              (abs)        000528
SYSWAITLOOP1            RESETVEC     0000B6
SYSWAITTEMPMS           (abs)        000502
SYSWAITTEMPMS_H         (abs)        000503
SYSWAITTEMPS            (abs)        000504
SYSWORDTEMPA            (abs)        000505
SYSWORDTEMPA_H          (abs)        000506
SYSWORDTEMPB            (abs)        000509
SYSWORDTEMPB_H          (abs)        00050A
SYSWORDTEMPX            (abs)        000500
SYSWORDTEMPX_H          (abs)        000501
SYS_HEXPICAS_0          (abs)        0014CC
SYS_HEXPICAS_1          (abs)        0014CD
SYS_HEXPICAS_2          (abs)        0014CE
_HEXPICAS               (abs)        0014CC
__HRESETVEC             RESETVEC     38002C
__H__absolute__         __absolute__ 000000
__Hcode                 code         000000
__Hconfig               config       30001A
__Hdata                 data         000000
__Hedata                edata        000000
__Hspace_0              (abs)        38002C
__Hspace_1              (abs)        000000
__Hspace_3              (abs)        000000
__Hspace_4              (abs)        60001A
__Hudata                udata        000000
__Hudata_acs            udata_acs    000000
__Hudata_bank10         udata_bank10 000000
__Hudata_bank11         udata_bank11 000000
__Hudata_bank12         udata_bank12 000000
__Hudata_bank13         udata_bank13 000000
__Hudata_bank14         udata_bank14 000000
__Hudata_bank15         udata_bank15 000000
__Hudata_bank16         udata_bank16 000000
__Hudata_bank17         udata_bank17 000000
__Hudata_bank18         udata_bank18 000000
__Hudata_bank19         udata_bank19 000000
__Hudata_bank20         udata_bank20 000000
__Hudata_bank5          udata_bank5  000000
__Hudata_bank6          udata_bank6  000000
__Hudata_bank7          udata_bank7  000000
__Hudata_bank8          udata_bank8  000000
__Hudata_bank9          udata_bank9  000000
__LRESETVEC             RESETVEC     000000
__L__absolute__         __absolute__ 000000
__Lcode                 code         000000
__Lconfig               config       000000
__Ldata                 data         000000
__Ledata                edata        000000
__Lspace_0              (abs)        000000
__Lspace_1              (abs)        000000
__Lspace_3              (abs)        000000
__Lspace_4              (abs)        000000
__Ludata                udata        000000
__Ludata_acs            udata_acs    000000
__Ludata_bank10         udata_bank10 000000
__Ludata_bank11         udata_bank11 000000
__Ludata_bank12         udata_bank12 000000
__Ludata_bank13         udata_bank13 000000
__Ludata_bank14         udata_bank14 000000
__Ludata_bank15         udata_bank15 000000
__Ludata_bank16         udata_bank16 000000
__Ludata_bank17         udata_bank17 000000
__Ludata_bank18         udata_bank18 000000
__Ludata_bank19         udata_bank19 000000
__Ludata_bank20         udata_bank20 000000
__Ludata_bank5          udata_bank5  000000
__Ludata_bank6          udata_bank6  000000
__Ludata_bank7          udata_bank7  000000
__Ludata_bank8          udata_bank8  000000
__Ludata_bank9          udata_bank9  000000
__S0                    (abs)        000000
__S1                    (abs)        000000
__S3                    (abs)        000000
isa$std                 (abs)        000001
isa$xinst               (abs)        000000
