Microchip MPLAB XC8 PIC(R) Assembler V2.46

Linker command line:

-W-3 \
  --edf=C:\Program Files\Microchip\xc8\v2.46\pic\dat\20240104201356_en.msgs \
  -cs \
  -h+D:\GreatCowBASICGits\Demonstration_Sources.git\Vendor_Boards\Great_Cow_Basic_Demo_Board\18Fx6q20_ChipRange_Demonstrations\160_ensuring_program_matches_chip_specfiied_to_serial_terminal.sym \
  --cmf=D:\GreatCowBASICGits\Demonstration_Sources.git\Vendor_Boards\Great_Cow_Basic_Demo_Board\18Fx6q20_ChipRange_Demonstrations\160_ensuring_program_matches_chip_specfiied_to_serial_terminal.cmf \
  -z -Q18F16Q20 -oC:\Users\admin\AppData\Local\Temp\xcAsc5g.\driver_tmp_3.o \
  --fixupoverflow=error -ver=XC8 PIC(R) Assembler --fixupoverflow=lstwarn \
  -MD:\GreatCowBASICGits\Demonstration_Sources.git\Vendor_Boards\Great_Cow_Basic_Demo_Board\18Fx6q20_ChipRange_Demonstrations\160_ensuring_program_matches_chip_specfiied_to_serial_terminal.map \
  -E1 --acfsm=1493 -ACODE=00h-0FFFFh -ACONST=00h-0FFFFh \
  -ASMALLCONST=01500h-015FFhx235 -AMEDIUMCONST=01500h-0FFFFh \
  -ACOMRAM=0500h-055Fh -AABS1=0500h-014FFh -ABIGRAM=0500h-014FFh \
  -ARAM=0560h-05FFh,0600h-06FFhx15 -ABANK5=0560h-05FFh -ABANK6=0600h-06FFh \
  -ABANK7=0700h-07FFh -ABANK8=0800h-08FFh -ABANK9=0900h-09FFh \
  -ABANK10=0A00h-0AFFh -ABANK11=0B00h-0BFFh -ABANK12=0C00h-0CFFh \
  -ABANK13=0D00h-0DFFh -ABANK14=0E00h-0EFFh -ABANK15=0F00h-0FFFh \
  -ABANK16=01000h-010FFh -ABANK17=01100h-011FFh -ABANK18=01200h-012FFh \
  -ABANK19=01300h-013FFh -ABANK20=01400h-014FFh \
  -ASFR=00h-0FFhx4,0400h-045Fh,0460h-04FFh,01500h-015FFh \
  -ABIGSFR=00h-04FFh,01500h-015FFh -AIDLOC=0200000h-020003Fh \
  -AEEDATA=0380000h-03800FFh \
  D:\GreatCowBASICGits\Demonstration_Sources.git\Vendor_Boards\Great_Cow_Basic_Demo_Board\18Fx6q20_ChipRange_Demonstrations\160_ensuring_program_matches_chip_specfiied_to_serial_terminal.o 

Object code version is 3.11

Machine type is 18F16Q20



                Name                               Link     Load   Length Selector   Space Scale
D:\GreatCowBASICGits\Demonstration_Sources.git\Vendor_Boards\Great_Cow_Basic_Demo_Board\18Fx6q20_ChipRange_Demonstrations\160_ensuring_program_matches_chip_specfiied_to_serial_terminal.o
                config                           300000   300000       1A        0       4
                RESETVEC                              0        0      68C        0       0

TOTAL           Name                               Link     Load   Length     Space
        CLASS   CODE           

        CLASS   CONST          

        CLASS   SMALLCONST     

        CLASS   MEDIUMCONST    

        CLASS   COMRAM         

        CLASS   ABS1           

        CLASS   BIGRAM         

        CLASS   RAM            

        CLASS   BANK5          

        CLASS   BANK6          

        CLASS   BANK7          

        CLASS   BANK8          

        CLASS   BANK9          

        CLASS   BANK10         

        CLASS   BANK11         

        CLASS   BANK12         

        CLASS   BANK13         

        CLASS   BANK14         

        CLASS   BANK15         

        CLASS   BANK16         

        CLASS   BANK17         

        CLASS   BANK18         

        CLASS   BANK19         

        CLASS   BANK20         

        CLASS   SFR            

        CLASS   BIGSFR         

        CLASS   IDLOC          

        CLASS   EEDATA         

        CLASS   CONFIG         
                config                           300000   300000       1A         4

        CLASS   UNCLASSED
                RESETVEC                              0        0      68C         0


SEGMENTS        Name                           Load    Length   Top    Selector   Space  Class



UNUSED ADDRESS RANGES

        Name                Unused          Largest block    Delta
        BANK10           000A00-000AFF              100
        BANK11           000B00-000BFF              100
        BANK12           000C00-000CFF              100
        BANK13           000D00-000DFF              100
        BANK14           000E00-000EFF              100
        BANK15           000F00-000FFF              100
        BANK16           001000-0010FF              100
        BANK17           001100-0011FF              100
        BANK18           001200-0012FF              100
        BANK19           001300-0013FF              100
        BANK20           001400-0014FF              100
        BANK5            000560-0005FF               A0
        BANK6            000600-0006FF              100
        BANK7            000700-0007FF              100
        BANK8            000800-0008FF              100
        BANK9            000900-0009FF              100
        BIGRAM           00068C-0014FF              E74
        BIGSFR           001500-0015FF              100
        CODE             00068C-00FFFF             F974
        COMRAM           000500-00055F               60
        CONST            00068C-00FFFF             F974
        EEDATA           380000-3800FF              100
        IDLOC            200000-20003F               40
        MEDIUMCONST      001500-00FFFF             EB00
        RAM              000560-0014FF              100
        SFR              001500-0015FF              100
        SMALLCONST       001500-00FFFF              100

                                  Symbol Table

AFSR0                    (abs)        0004E9
AFSR0_H                  (abs)        0004EA
ASC                      (abs)        00050B
BASPROGRAMEND            RESETVEC     00017E
BASPROGRAMSTART          RESETVEC     00000C
COMPORT                  (abs)        00050C
DELAYTEMP                (abs)        000500
DELAYTEMP2               (abs)        000501
DELAY_MS                 RESETVEC     0001B0
DELAY_S                  RESETVEC     0001CC
DMS_INNER                RESETVEC     0001BA
DMS_OUTER                RESETVEC     0001B6
DMS_START                RESETVEC     0001B2
DS_START                 RESETVEC     0001CC
ELSE1_1                  RESETVEC     000138
ELSE21_1                 RESETVEC     000450
ELSE25_1                 RESETVEC     0004F4
ENDIF1                   RESETVEC     00017C
ENDIF12                  RESETVEC     00021C
ENDIF13                  RESETVEC     00021C
ENDIF14                  RESETVEC     000344
ENDIF15                  RESETVEC     000350
ENDIF16                  RESETVEC     000368
ENDIF18                  RESETVEC     0003CC
ENDIF20                  RESETVEC     00041C
ENDIF21                  RESETVEC     000472
ENDIF22                  RESETVEC     000496
ENDIF23                  RESETVEC     00044E
ENDIF24                  RESETVEC     000472
ENDIF25                  RESETVEC     0004F8
ENDIF26                  RESETVEC     0004CE
ENDIF3                   RESETVEC     0002F2
ENDIF4                   RESETVEC     00030A
ENDIF5                   RESETVEC     00032C
ENDIF7                   RESETVEC     00065E
ENDIF8                   RESETVEC     00068A
ENDIF9                   RESETVEC     00065E
FN_ASC                   RESETVEC     000182
FN_LTRIM                 RESETVEC     00029A
FN_MID                   RESETVEC     00032E
FN_RTRIM                 RESETVEC     0003D4
FN_TRIM                  RESETVEC     0005FE
FN_UCASE                 RESETVEC     00061C
FOUNDNONSPACECHAR1       RESETVEC     00030A
FOUNDNONSPACECHAR2       RESETVEC     000472
HSERPRINT314             RESETVEC     0001DC
HSERPRINTCRLF            RESETVEC     00021E
HSERPRINTCRLFCOUNT       (abs)        00050D
HSERSEND304              RESETVEC     00023A
HSERSENDUSART1HANDLER    RESETVEC     00023A
INITPPS                  RESETVEC     000244
INITSYS                  RESETVEC     000250
INITUSART                RESETVEC     00027E
LTRIM                    (abs)        001496
MID                      (abs)        00146D
PRINTLEN                 (abs)        00050E
RTRIM                    (abs)        001444
SCESTRTRUE               RESETVEC     0004BC
SCLTINTTRUE              RESETVEC     00050E
SERDATA                  (abs)        00050F
STRINGPOINTER            (abs)        000510
STRINGTABLE1             RESETVEC     000558
STRINGTABLE2             RESETVEC     000566
STRINGTABLE3             RESETVEC     000570
STRINGTABLE4             RESETVEC     00059C
STRINGTABLE5             RESETVEC     0005B6
STRINGTABLE50            RESETVEC     0005F2
STRINGTABLE97            RESETVEC     0005F4
SYSARRAYTEMP1            (abs)        000511
SYSARRAYTEMP2            (abs)        000512
SYSBYTETEMPA             (abs)        000505
SYSBYTETEMPB             (abs)        000509
SYSBYTETEMPX             (abs)        000500
SYSCALCTEMPA             (abs)        000505
SYSCHAR                  (abs)        000513
SYSCHARCOUNT             (abs)        000514
SYSCHARLT                (abs)        000515
SYSCHARLTCOUNT           (abs)        000516
SYSCHARRT                (abs)        000517
SYSCHARRTCOUNT           (abs)        000518
SYSCHARSTART             (abs)        000519
SYSCOMPEQUAL             RESETVEC     000498
SYSCOMPEQUALSTRING       RESETVEC     0004A2
SYSCOMPLESSTHANINT       RESETVEC     0004C0
SYSCOPYSTRING            RESETVEC     000512
SYSCOPYSTRINGCHECK       RESETVEC     000522
SYSCOPYSTRINGPART        RESETVEC     00051C
SYSDIVMULTA              (abs)        000507
SYSDIVMULTA_H            (abs)        000508
SYSFORLOOP1              RESETVEC     0002C4
SYSFORLOOP2              RESETVEC     00063A
SYSFORLOOP3              RESETVEC     0001F2
SYSFORLOOP4              RESETVEC     000388
SYSFORLOOP5              RESETVEC     0003FE
SYSFORLOOPEND1           RESETVEC     00030A
SYSFORLOOPEND2           RESETVEC     00068A
SYSFORLOOPEND3           RESETVEC     00021C
SYSFORLOOPEND4           RESETVEC     0003CC
SYSFORLOOPEND5           RESETVEC     000472
SYSFORLOOPSTEP4          (abs)        00051A
SYSFORLOOPSTEP4_H        (abs)        00051B
SYSINTEGERTEMPA          (abs)        000505
SYSINTEGERTEMPA_H        (abs)        000506
SYSINTEGERTEMPB          (abs)        000509
SYSINTEGERTEMPB_H        (abs)        00050A
SYSMID_0                 (abs)        00146D
SYSPRINTDATAHANDLER      (abs)        00051C
SYSPRINTDATAHANDLER_H    (abs)        00051D
SYSPRINTTEMP             (abs)        00051E
SYSREADSTRING            RESETVEC     000532
SYSREADSTRINGPART        RESETVEC     00053E
SYSREPEATLOOP1           RESETVEC     000228
SYSREPEATLOOPEND1        RESETVEC     000238
SYSREPEATTEMP1           (abs)        00051F
SYSSTRDATA               (abs)        000520
SYSSTRINGA               (abs)        000507
SYSSTRINGA_H             (abs)        000508
SYSSTRINGCOMP            RESETVEC     0004B2
SYSSTRINGCOPY            RESETVEC     000528
SYSSTRINGLENGTH          (abs)        000506
SYSSTRINGPARAM1          (abs)        0014BF
SYSSTRINGREAD            RESETVEC     00054C
SYSSTRINGREADCHECK       RESETVEC     000546
SYSSTRINGTABLES          RESETVEC     000558
SYSSTRINGTEMP            (abs)        000521
SYSSYSINSTRING2HANDLER   (abs)        000522
SYSSYSINSTRING2HANDLER_H (abs)        000523
SYSSYSINSTRING3HANDLER   (abs)        000524
SYSSYSINSTRING3HANDLER_H (abs)        000525
SYSSYSINSTRINGAHANDLER   (abs)        000526
SYSSYSINSTRINGAHANDLER_H (abs)        000527
SYSSYSINSTRINGHANDLER    (abs)        000528
SYSSYSINSTRINGHANDLER_H  (abs)        000529
SYSTEMP1                 (abs)        00052A
SYSTEMP2                 (abs)        00052B
SYSTEMP2_H               (abs)        00052C
SYSTEMP3                 (abs)        00052D
SYSTEMPARRAY             (abs)        00141B
SYSTEMPLT                (abs)        00052E
SYSTEMPRT                (abs)        00052F
SYSUCASE_0               (abs)        0013A0
SYSWAITLOOP1             RESETVEC     000134
SYSWAITLOOP2             RESETVEC     00017A
SYSWAITLOOP3             RESETVEC     00023A
SYSWAITTEMPMS            (abs)        000502
SYSWAITTEMPMS_H          (abs)        000503
SYSWAITTEMPS             (abs)        000504
TARGETCHIP               (abs)        0013F2
TRIM                     (abs)        0013C9
UCASE                    (abs)        0013A0
__HRESETVEC              RESETVEC     00068C
__H__absolute__          __absolute__ 000000
__Hcode                  code         000000
__Hconfig                config       30001A
__Hdata                  data         000000
__Hedata                 edata        000000
__Hspace_0               (abs)        00068C
__Hspace_1               (abs)        000000
__Hspace_3               (abs)        000000
__Hspace_4               (abs)        60001A
__Hudata                 udata        000000
__Hudata_acs             udata_acs    000000
__Hudata_bank10          udata_bank10 000000
__Hudata_bank11          udata_bank11 000000
__Hudata_bank12          udata_bank12 000000
__Hudata_bank13          udata_bank13 000000
__Hudata_bank14          udata_bank14 000000
__Hudata_bank15          udata_bank15 000000
__Hudata_bank16          udata_bank16 000000
__Hudata_bank17          udata_bank17 000000
__Hudata_bank18          udata_bank18 000000
__Hudata_bank19          udata_bank19 000000
__Hudata_bank20          udata_bank20 000000
__Hudata_bank5           udata_bank5  000000
__Hudata_bank6           udata_bank6  000000
__Hudata_bank7           udata_bank7  000000
__Hudata_bank8           udata_bank8  000000
__Hudata_bank9           udata_bank9  000000
__LRESETVEC              RESETVEC     000000
__L__absolute__          __absolute__ 000000
__Lcode                  code         000000
__Lconfig                config       000000
__Ldata                  data         000000
__Ledata                 edata        000000
__Lspace_0               (abs)        000000
__Lspace_1               (abs)        000000
__Lspace_3               (abs)        000000
__Lspace_4               (abs)        000000
__Ludata                 udata        000000
__Ludata_acs             udata_acs    000000
__Ludata_bank10          udata_bank10 000000
__Ludata_bank11          udata_bank11 000000
__Ludata_bank12          udata_bank12 000000
__Ludata_bank13          udata_bank13 000000
__Ludata_bank14          udata_bank14 000000
__Ludata_bank15          udata_bank15 000000
__Ludata_bank16          udata_bank16 000000
__Ludata_bank17          udata_bank17 000000
__Ludata_bank18          udata_bank18 000000
__Ludata_bank19          udata_bank19 000000
__Ludata_bank20          udata_bank20 000000
__Ludata_bank5           udata_bank5  000000
__Ludata_bank6           udata_bank6  000000
__Ludata_bank7           udata_bank7  000000
__Ludata_bank8           udata_bank8  000000
__Ludata_bank9           udata_bank9  000000
__S0                     (abs)        000000
__S1                     (abs)        000000
__S3                     (abs)        000000
isa$std                  (abs)        000001
isa$xinst                (abs)        000000
