Microchip MPLAB XC8 PIC(R) Assembler V2.46

Linker command line:

-W-3 \
  --edf=C:\Program Files\Microchip\xc8\v2.46\pic\dat\20240104201356_en.msgs \
  -cs \
  -h+D:\GreatCowBASICGits\Demonstration_Sources.git\Vendor_Boards\Great_Cow_Basic_Demo_Board\18Fx6q20_ChipRange_Demonstrations\170_show_i2c_devices_to_serial_terminal.sym \
  --cmf=D:\GreatCowBASICGits\Demonstration_Sources.git\Vendor_Boards\Great_Cow_Basic_Demo_Board\18Fx6q20_ChipRange_Demonstrations\170_show_i2c_devices_to_serial_terminal.cmf \
  -z -Q18F16Q20 -oC:\Users\admin\AppData\Local\Temp\xcAsgd8.\driver_tmp_3.o \
  --fixupoverflow=error -ver=XC8 PIC(R) Assembler --fixupoverflow=lstwarn \
  -MD:\GreatCowBASICGits\Demonstration_Sources.git\Vendor_Boards\Great_Cow_Basic_Demo_Board\18Fx6q20_ChipRange_Demonstrations\170_show_i2c_devices_to_serial_terminal.map \
  -E1 --acfsm=1493 -ACODE=00h-0FFFFh -ACONST=00h-0FFFFh \
  -ASMALLCONST=01500h-015FFhx235 -AMEDIUMCONST=01500h-0FFFFh \
  -ACOMRAM=0500h-055Fh -AABS1=0500h-014FFh -ABIGRAM=0500h-014FFh \
  -ARAM=0560h-05FFh,0600h-06FFhx15 -ABANK5=0560h-05FFh -ABANK6=0600h-06FFh \
  -ABANK7=0700h-07FFh -ABANK8=0800h-08FFh -ABANK9=0900h-09FFh \
  -ABANK10=0A00h-0AFFh -ABANK11=0B00h-0BFFh -ABANK12=0C00h-0CFFh \
  -ABANK13=0D00h-0DFFh -ABANK14=0E00h-0EFFh -ABANK15=0F00h-0FFFh \
  -ABANK16=01000h-010FFh -ABANK17=01100h-011FFh -ABANK18=01200h-012FFh \
  -ABANK19=01300h-013FFh -ABANK20=01400h-014FFh \
  -ASFR=00h-0FFhx4,0400h-045Fh,0460h-04FFh,01500h-015FFh \
  -ABIGSFR=00h-04FFh,01500h-015FFh -AIDLOC=0200000h-020003Fh \
  -AEEDATA=0380000h-03800FFh \
  D:\GreatCowBASICGits\Demonstration_Sources.git\Vendor_Boards\Great_Cow_Basic_Demo_Board\18Fx6q20_ChipRange_Demonstrations\170_show_i2c_devices_to_serial_terminal.o 

Object code version is 3.11

Machine type is 18F16Q20



                Name                               Link     Load   Length Selector   Space Scale
D:\GreatCowBASICGits\Demonstration_Sources.git\Vendor_Boards\Great_Cow_Basic_Demo_Board\18Fx6q20_ChipRange_Demonstrations\170_show_i2c_devices_to_serial_terminal.o
                config                           300000   300000       1A        0       4
                RESETVEC                              0        0      5D6        0       0

TOTAL           Name                               Link     Load   Length     Space
        CLASS   CODE           

        CLASS   CONST          

        CLASS   SMALLCONST     

        CLASS   MEDIUMCONST    

        CLASS   COMRAM         

        CLASS   ABS1           

        CLASS   BIGRAM         

        CLASS   RAM            

        CLASS   BANK5          

        CLASS   BANK6          

        CLASS   BANK7          

        CLASS   BANK8          

        CLASS   BANK9          

        CLASS   BANK10         

        CLASS   BANK11         

        CLASS   BANK12         

        CLASS   BANK13         

        CLASS   BANK14         

        CLASS   BANK15         

        CLASS   BANK16         

        CLASS   BANK17         

        CLASS   BANK18         

        CLASS   BANK19         

        CLASS   BANK20         

        CLASS   SFR            

        CLASS   BIGSFR         

        CLASS   IDLOC          

        CLASS   EEDATA         

        CLASS   CONFIG         
                config                           300000   300000       1A         4

        CLASS   UNCLASSED
                RESETVEC                              0        0      5D6         0


SEGMENTS        Name                           Load    Length   Top    Selector   Space  Class



UNUSED ADDRESS RANGES

        Name                Unused          Largest block    Delta
        BANK10           000A00-000AFF              100
        BANK11           000B00-000BFF              100
        BANK12           000C00-000CFF              100
        BANK13           000D00-000DFF              100
        BANK14           000E00-000EFF              100
        BANK15           000F00-000FFF              100
        BANK16           001000-0010FF              100
        BANK17           001100-0011FF              100
        BANK18           001200-0012FF              100
        BANK19           001300-0013FF              100
        BANK20           001400-0014FF              100
        BANK5            000560-0005FF               A0
        BANK6            000600-0006FF              100
        BANK7            000700-0007FF              100
        BANK8            000800-0008FF              100
        BANK9            000900-0009FF              100
        BIGRAM           0005D6-0014FF              F2A
        BIGSFR           001500-0015FF              100
        CODE             0005D6-00FFFF             FA2A
        COMRAM           000500-00055F               60
        CONST            0005D6-00FFFF             FA2A
        EEDATA           380000-3800FF              100
        IDLOC            200000-20003F               40
        MEDIUMCONST      001500-00FFFF             EB00
        RAM              000560-0014FF              100
        SFR              001500-0015FF              100
        SMALLCONST       001500-00FFFF              100

                                  Symbol Table

AFSR0                 (abs)        0004E9
AFSR0_H               (abs)        0004EA
BASPROGRAMEND         RESETVEC     0001FC
BASPROGRAMSTART       RESETVEC     00000C
COMPORT               (abs)        000502
DELAYTEMP             (abs)        000500
DELAYTEMP2            (abs)        000501
DELAYUS1              RESETVEC     000442
DELAYUS10             RESETVEC     0003B6
DELAYUS11             RESETVEC     000406
DELAYUS12             RESETVEC     000494
DELAYUS13             RESETVEC     0004C4
DELAYUS14             RESETVEC     0004F4
DELAYUS2              RESETVEC     00044E
DELAYUS3              RESETVEC     00045A
DELAYUS4              RESETVEC     000332
DELAYUS5              RESETVEC     00035C
DELAYUS6              RESETVEC     000368
DELAYUS7              RESETVEC     000384
DELAYUS8              RESETVEC     000390
DELAYUS9              RESETVEC     0003AA
DELAYUSO1             RESETVEC     000440
DELAYUSO5             RESETVEC     00035A
DELAYUSO7             RESETVEC     000382
DELAYUSO9             RESETVEC     0003A8
DEVICEID              (abs)        000503
DISPLAYNEWLINE        (abs)        00050A
DIV8NOTNEG            RESETVEC     000534
DUMPI2CREAD           (abs)        00050B
ELSE13_1              RESETVEC     000456
ELSE15_1              RESETVEC     00032E
ELSE17_1              RESETVEC     0003A4
ELSE19_1              RESETVEC     0003FE
ELSE23_1              RESETVEC     000490
ELSE26_1              RESETVEC     0004C0
ELSE28_1              RESETVEC     0004F0
ELSE3_1               RESETVEC     000198
ELSE6_1               RESETVEC     00016C
ENDIF10               RESETVEC     0005CA
ENDIF11               RESETVEC     000246
ENDIF12               RESETVEC     000246
ENDIF13               RESETVEC     00045E
ENDIF14               RESETVEC     00046A
ENDIF15               RESETVEC     000336
ENDIF16               RESETVEC     000342
ENDIF17               RESETVEC     0003BA
ENDIF18               RESETVEC     0003C6
ENDIF19               RESETVEC     00040A
ENDIF2                RESETVEC     000122
ENDIF20               RESETVEC     000416
ENDIF23               RESETVEC     000498
ENDIF24               RESETVEC     0004A4
ENDIF26               RESETVEC     0004C8
ENDIF27               RESETVEC     0004D4
ENDIF28               RESETVEC     0004F8
ENDIF29               RESETVEC     000504
ENDIF3                RESETVEC     0001B8
ENDIF5                RESETVEC     000122
ENDIF6                RESETVEC     00018C
ENDIF7                RESETVEC     000196
ENDIF8                RESETVEC     0005A2
FN__HEXPICAS          RESETVEC     00058A
HI2C1LASTERROR        (abs)        00050C
HI2C1STATEMACHINE     (abs)        00050D
HI2CACKPOLLSTATE      (abs)        00050E
HI2CCURRENTMODE       (abs)        00050F
HI2CINIT              RESETVEC     000200
HI2CMODE              RESETVEC     000204
HI2CWAITMSSPTIMEOUT   (abs)        000510
HSERPRINT314          RESETVEC     000206
HSERPRINTCRLF         RESETVEC     000248
HSERPRINTCRLFCOUNT    (abs)        000511
HSERSEND304           RESETVEC     000264
HSERSENDUSART1HANDLER RESETVEC     000264
I2CBYTE               (abs)        000512
INITPPS               RESETVEC     00026E
INITSYS               RESETVEC     00028A
INITUSART             RESETVEC     0002B8
PRINTLEN              (abs)        000513
SERDATA               (abs)        000514
SI2CINIT              RESETVEC     0002D2
SI2CSEND              RESETVEC     000302
SI2CSTART             RESETVEC     00041A
SI2CSTOP              RESETVEC     000424
SI2CWAIT4ACK          RESETVEC     00046E
SI2CWAIT4MDR          RESETVEC     0004A8
SI2CWAIT4STOP         RESETVEC     0004D8
STRINGPOINTER         (abs)        000515
STRINGTABLE1          RESETVEC     000560
STRINGTABLE2          RESETVEC     00056E
STRINGTABLE3          RESETVEC     000572
STRINGTABLE4          RESETVEC     000574
STRINGTABLE5          RESETVEC     000578
STRINGTABLE6          RESETVEC     00057C
SYSBYTETEMPA          (abs)        000505
SYSBYTETEMPB          (abs)        000509
SYSBYTETEMPX          (abs)        000500
SYSCALCTEMPA          (abs)        000505
SYSCOMPEQUAL          RESETVEC     000508
SYSDIV8START          RESETVEC     00051E
SYSDIVLOOP            (abs)        000504
SYSDIVSUB             RESETVEC     000512
SYSDOLOOP_E1          RESETVEC     0001FC
SYSDOLOOP_E2          RESETVEC     000460
SYSDOLOOP_E3          RESETVEC     000338
SYSDOLOOP_E4          RESETVEC     0003BC
SYSDOLOOP_E5          RESETVEC     00040C
SYSDOLOOP_E6          RESETVEC     00049A
SYSDOLOOP_E7          RESETVEC     0004CA
SYSDOLOOP_E8          RESETVEC     0004FA
SYSDOLOOP_S1          RESETVEC     000026
SYSDOLOOP_S2          RESETVEC     000428
SYSDOLOOP_S3          RESETVEC     00030C
SYSDOLOOP_S4          RESETVEC     000370
SYSDOLOOP_S5          RESETVEC     0003E0
SYSDOLOOP_S6          RESETVEC     000470
SYSDOLOOP_S7          RESETVEC     0004AA
SYSDOLOOP_S8          RESETVEC     0004DA
SYSFORLOOP1           RESETVEC     000086
SYSFORLOOP2           RESETVEC     0000C6
SYSFORLOOP3           RESETVEC     0005AE
SYSFORLOOP4           RESETVEC     00021C
SYSFORLOOPEND1        RESETVEC     0000C4
SYSFORLOOPEND2        RESETVEC     0001C2
SYSFORLOOPEND3        RESETVEC     0005BA
SYSFORLOOPEND4        RESETVEC     000246
SYSPRINTDATAHANDLER   (abs)        000516
SYSPRINTDATAHANDLER_H (abs)        000517
SYSPRINTTEMP          (abs)        000518
SYSREADSTRING         RESETVEC     00053A
SYSREADSTRINGPART     RESETVEC     000546
SYSREPEATLOOP1        RESETVEC     000252
SYSREPEATLOOPEND1     RESETVEC     000262
SYSREPEATTEMP1        (abs)        000519
SYSSELECT1CASE1       RESETVEC     000302
SYSSELECT1CASE2       RESETVEC     000344
SYSSELECT1CASE3       RESETVEC     0003C8
SYSSELECTEND1         RESETVEC     000416
SYSSTRINGA            (abs)        000507
SYSSTRINGA_H          (abs)        000508
SYSSTRINGLENGTH       (abs)        000506
SYSSTRINGPARAM1       (abs)        0014F2
SYSSTRINGREAD         RESETVEC     000554
SYSSTRINGREADCHECK    RESETVEC     00054E
SYSSTRINGTABLES       RESETVEC     000560
SYSSTRINGTEMP         (abs)        00051A
SYSTEMP1              (abs)        00051B
SYSTEMP2              (abs)        00051C
SYSVALTEMP            (abs)        00051D
SYSWAITLOOP1          RESETVEC     0001F6
SYSWAITLOOP2          RESETVEC     0003D0
SYSWAITLOOP3          RESETVEC     000264
SYSWAITTEMPUS         (abs)        000505
SYSWAITTEMPUS_H       (abs)        000506
SYS_HEXPICAS_0        (abs)        0014EE
SYS_HEXPICAS_1        (abs)        0014EF
SYS_HEXPICAS_2        (abs)        0014F0
_HEXPICAS             (abs)        0014EE
__HRESETVEC           RESETVEC     0005D6
__H__absolute__       __absolute__ 000000
__Hcode               code         000000
__Hconfig             config       30001A
__Hdata               data         000000
__Hedata              edata        000000
__Hspace_0            (abs)        0005D6
__Hspace_1            (abs)        000000
__Hspace_3            (abs)        000000
__Hspace_4            (abs)        60001A
__Hudata              udata        000000
__Hudata_acs          udata_acs    000000
__Hudata_bank10       udata_bank10 000000
__Hudata_bank11       udata_bank11 000000
__Hudata_bank12       udata_bank12 000000
__Hudata_bank13       udata_bank13 000000
__Hudata_bank14       udata_bank14 000000
__Hudata_bank15       udata_bank15 000000
__Hudata_bank16       udata_bank16 000000
__Hudata_bank17       udata_bank17 000000
__Hudata_bank18       udata_bank18 000000
__Hudata_bank19       udata_bank19 000000
__Hudata_bank20       udata_bank20 000000
__Hudata_bank5        udata_bank5  000000
__Hudata_bank6        udata_bank6  000000
__Hudata_bank7        udata_bank7  000000
__Hudata_bank8        udata_bank8  000000
__Hudata_bank9        udata_bank9  000000
__LRESETVEC           RESETVEC     000000
__L__absolute__       __absolute__ 000000
__Lcode               code         000000
__Lconfig             config       000000
__Ldata               data         000000
__Ledata              edata        000000
__Lspace_0            (abs)        000000
__Lspace_1            (abs)        000000
__Lspace_3            (abs)        000000
__Lspace_4            (abs)        000000
__Ludata              udata        000000
__Ludata_acs          udata_acs    000000
__Ludata_bank10       udata_bank10 000000
__Ludata_bank11       udata_bank11 000000
__Ludata_bank12       udata_bank12 000000
__Ludata_bank13       udata_bank13 000000
__Ludata_bank14       udata_bank14 000000
__Ludata_bank15       udata_bank15 000000
__Ludata_bank16       udata_bank16 000000
__Ludata_bank17       udata_bank17 000000
__Ludata_bank18       udata_bank18 000000
__Ludata_bank19       udata_bank19 000000
__Ludata_bank20       udata_bank20 000000
__Ludata_bank5        udata_bank5  000000
__Ludata_bank6        udata_bank6  000000
__Ludata_bank7        udata_bank7  000000
__Ludata_bank8        udata_bank8  000000
__Ludata_bank9        udata_bank9  000000
__S0                  (abs)        000000
__S1                  (abs)        000000
__S3                  (abs)        000000
isa$std               (abs)        000001
isa$xinst             (abs)        000000
