Microchip MPLAB XC8 PIC(R) Assembler V2.46

Linker command line:

-W-3 \
  --edf=C:\Program Files\Microchip\xc8\v2.46\pic\dat\20240104201356_en.msgs \
  -cs \
  -h+D:\GreatCowBASICGits\Demonstration_Sources.git\Vendor_Boards\Great_Cow_Basic_Demo_Board\18Fx6q20_ChipRange_Demonstrations\190_i2c_glcd_using_ssd1306_128_64.sym \
  --cmf=D:\GreatCowBASICGits\Demonstration_Sources.git\Vendor_Boards\Great_Cow_Basic_Demo_Board\18Fx6q20_ChipRange_Demonstrations\190_i2c_glcd_using_ssd1306_128_64.cmf \
  -z -Q18F16Q20 -oC:\Users\admin\AppData\Local\Temp\xcAs5uo.\driver_tmp_3.o \
  --fixupoverflow=error -ver=XC8 PIC(R) Assembler --fixupoverflow=lstwarn \
  -MD:\GreatCowBASICGits\Demonstration_Sources.git\Vendor_Boards\Great_Cow_Basic_Demo_Board\18Fx6q20_ChipRange_Demonstrations\190_i2c_glcd_using_ssd1306_128_64.map \
  -E1 --acfsm=1493 -ACODE=00h-0FFFFh -ACONST=00h-0FFFFh \
  -ASMALLCONST=01500h-015FFhx235 -AMEDIUMCONST=01500h-0FFFFh \
  -ACOMRAM=0500h-055Fh -AABS1=0500h-014FFh -ABIGRAM=0500h-014FFh \
  -ARAM=0560h-05FFh,0600h-06FFhx15 -ABANK5=0560h-05FFh -ABANK6=0600h-06FFh \
  -ABANK7=0700h-07FFh -ABANK8=0800h-08FFh -ABANK9=0900h-09FFh \
  -ABANK10=0A00h-0AFFh -ABANK11=0B00h-0BFFh -ABANK12=0C00h-0CFFh \
  -ABANK13=0D00h-0DFFh -ABANK14=0E00h-0EFFh -ABANK15=0F00h-0FFFh \
  -ABANK16=01000h-010FFh -ABANK17=01100h-011FFh -ABANK18=01200h-012FFh \
  -ABANK19=01300h-013FFh -ABANK20=01400h-014FFh \
  -ASFR=00h-0FFhx4,0400h-045Fh,0460h-04FFh,01500h-015FFh \
  -ABIGSFR=00h-04FFh,01500h-015FFh -AIDLOC=0200000h-020003Fh \
  -AEEDATA=0380000h-03800FFh \
  D:\GreatCowBASICGits\Demonstration_Sources.git\Vendor_Boards\Great_Cow_Basic_Demo_Board\18Fx6q20_ChipRange_Demonstrations\190_i2c_glcd_using_ssd1306_128_64.o 

Object code version is 3.11

Machine type is 18F16Q20



                Name                               Link     Load   Length Selector   Space Scale
D:\GreatCowBASICGits\Demonstration_Sources.git\Vendor_Boards\Great_Cow_Basic_Demo_Board\18Fx6q20_ChipRange_Demonstrations\190_i2c_glcd_using_ssd1306_128_64.o
                config                           300000   300000       1A        0       4
                RESETVEC                              0        0     227E        0       0

TOTAL           Name                               Link     Load   Length     Space
        CLASS   CODE           

        CLASS   CONST          

        CLASS   SMALLCONST     

        CLASS   MEDIUMCONST    

        CLASS   COMRAM         

        CLASS   ABS1           

        CLASS   BIGRAM         

        CLASS   RAM            

        CLASS   BANK5          

        CLASS   BANK6          

        CLASS   BANK7          

        CLASS   BANK8          

        CLASS   BANK9          

        CLASS   BANK10         

        CLASS   BANK11         

        CLASS   BANK12         

        CLASS   BANK13         

        CLASS   BANK14         

        CLASS   BANK15         

        CLASS   BANK16         

        CLASS   BANK17         

        CLASS   BANK18         

        CLASS   BANK19         

        CLASS   BANK20         

        CLASS   SFR            

        CLASS   BIGSFR         

        CLASS   IDLOC          

        CLASS   EEDATA         

        CLASS   CONFIG         
                config                           300000   300000       1A         4

        CLASS   UNCLASSED
                RESETVEC                              0        0     227E         0


SEGMENTS        Name                           Load    Length   Top    Selector   Space  Class



UNUSED ADDRESS RANGES

        Name                Unused          Largest block    Delta
        BANK10           000A00-000AFF              100
        BANK11           000B00-000BFF              100
        BANK12           000C00-000CFF              100
        BANK13           000D00-000DFF              100
        BANK14           000E00-000EFF              100
        BANK15           000F00-000FFF              100
        BANK16           001000-0010FF              100
        BANK17           001100-0011FF              100
        BANK18           001200-0012FF              100
        BANK19           001300-0013FF              100
        BANK20           001400-0014FF              100
        BANK5            000560-0005FF               A0
        BANK6            000600-0006FF              100
        BANK7            000700-0007FF              100
        BANK8            000800-0008FF              100
        BANK9            000900-0009FF              100
        CODE             00227E-00FFFF             DD82
        COMRAM           000500-00055F               60
        CONST            00227E-00FFFF             DD82
        EEDATA           380000-3800FF              100
        IDLOC            200000-20003F               40
        MEDIUMCONST      00227E-00FFFF             DD82
        RAM              000560-0014FF              100
        SMALLCONST       00227E-00FFFF              100

                                  Symbol Table

AFSR0                        (abs)        0004E9
AFSR0_H                      (abs)        0004EA
BASPROGRAMEND                RESETVEC     0005A4
BASPROGRAMSTART              RESETVEC     00000C
BOX17                        RESETVEC     0005A8
BYTENUMBER                   (abs)        00050E
CCOUNT                       (abs)        00050F
CHARCODE                     (abs)        000510
CHARCOL                      (abs)        000511
CHARCOLS                     (abs)        000513
CHARCOL_H                    (abs)        000512
CHARLOCX                     (abs)        000514
CHARLOCX_H                   (abs)        000515
CHARLOCY                     (abs)        000516
CHARLOCY_H                   (abs)        000517
CHARROW                      (abs)        000518
CHARROWS                     (abs)        00051A
CHARROW_H                    (abs)        000519
CIRCLE20                     RESETVEC     0006C6
COL                          (abs)        00051B
CURRCHARCOL                  (abs)        00051C
CURRCHARROW                  (abs)        00051D
CURRCHARVAL                  (abs)        00051E
CURSOR_POSITION_SSD1306      RESETVEC     000872
DDF_X                        (abs)        00051F
DDF_X_H                      (abs)        000520
DDF_Y                        (abs)        000521
DDF_Y_H                      (abs)        000522
DELAYTEMP                    (abs)        000500
DELAYTEMP2                   (abs)        000501
DELAYUS1                     RESETVEC     00189A
DELAYUS10                    RESETVEC     00180C
DELAYUS11                    RESETVEC     00185E
DELAYUS12                    RESETVEC     0018F6
DELAYUS13                    RESETVEC     001926
DELAYUS14                    RESETVEC     001956
DELAYUS2                     RESETVEC     0018A6
DELAYUS3                     RESETVEC     0018B2
DELAYUS4                     RESETVEC     00178A
DELAYUS5                     RESETVEC     0017B4
DELAYUS6                     RESETVEC     0017C0
DELAYUS7                     RESETVEC     0017DA
DELAYUS8                     RESETVEC     0017E6
DELAYUS9                     RESETVEC     001800
DELAYUSO1                    RESETVEC     001898
DELAYUSO5                    RESETVEC     0017B2
DELAYUSO7                    RESETVEC     0017D8
DELAYUSO9                    RESETVEC     0017FE
DELAY_MS                     RESETVEC     0008D8
DELAY_S                      RESETVEC     0008F4
DMS_INNER                    RESETVEC     0008E2
DMS_OUTER                    RESETVEC     0008DE
DMS_START                    RESETVEC     0008DA
DRAWLINE                     (abs)        000523
DRAWLINE_H                   (abs)        000524
DS_START                     RESETVEC     0008F4
ELSE12_1                     RESETVEC     00082C
ELSE17_1                     RESETVEC     001E98
ELSE18_1                     RESETVEC     001EB6
ELSE19_1                     RESETVEC     001FCA
ELSE20_1                     RESETVEC     001F94
ELSE21_1                     RESETVEC     00202C
ELSE22_1                     RESETVEC     0020B4
ELSE23_1                     RESETVEC     0020D2
ELSE24_1                     RESETVEC     0021E6
ELSE25_1                     RESETVEC     0021B0
ELSE26_1                     RESETVEC     002248
ELSE35_1                     RESETVEC     001B60
ELSE42_1                     RESETVEC     0015C4
ELSE48_1                     RESETVEC     000EF2
ELSE4_1                      RESETVEC     001312
ELSE53_1                     RESETVEC     00104A
ELSE64_1                     RESETVEC     0016C6
ELSE65_1                     RESETVEC     0016E8
ELSE69_1                     RESETVEC     0018AE
ELSE71_1                     RESETVEC     001786
ELSE73_1                     RESETVEC     0017FA
ELSE75_1                     RESETVEC     001856
ELSE79_1                     RESETVEC     0018F2
ELSE82_1                     RESETVEC     001922
ELSE84_1                     RESETVEC     001952
ENDIF10                      RESETVEC     000666
ENDIF11                      RESETVEC     0006C4
ENDIF12                      RESETVEC     00086E
ENDIF13                      RESETVEC     000A32
ENDIF14                      RESETVEC     001E12
ENDIF16                      RESETVEC     001E3A
ENDIF17                      RESETVEC     001E9C
ENDIF18                      RESETVEC     001EBA
ENDIF19                      RESETVEC     002060
ENDIF20                      RESETVEC     001FB2
ENDIF21                      RESETVEC     00204A
ENDIF22                      RESETVEC     0020B8
ENDIF23                      RESETVEC     0020D6
ENDIF24                      RESETVEC     00227C
ENDIF25                      RESETVEC     0021CE
ENDIF26                      RESETVEC     002266
ENDIF27                      RESETVEC     001D36
ENDIF28                      RESETVEC     001D44
ENDIF29                      RESETVEC     001D54
ENDIF3                       RESETVEC     001202
ENDIF30                      RESETVEC     001CD6
ENDIF31                      RESETVEC     001CE4
ENDIF32                      RESETVEC     001CFE
ENDIF33                      RESETVEC     001C5A
ENDIF34                      RESETVEC     001C9A
ENDIF35                      RESETVEC     001B64
ENDIF36                      RESETVEC     001B3A
ENDIF38                      RESETVEC     0019BE
ENDIF39                      RESETVEC     001A0E
ENDIF4                       RESETVEC     00133A
ENDIF40                      RESETVEC     001A5A
ENDIF41                      RESETVEC     001AA4
ENDIF42                      RESETVEC     001622
ENDIF43                      RESETVEC     001576
ENDIF44                      RESETVEC     0015BC
ENDIF45                      RESETVEC     001610
ENDIF46                      RESETVEC     000E5A
ENDIF48                      RESETVEC     000F28
ENDIF49                      RESETVEC     000EF0
ENDIF5                       RESETVEC     001310
ENDIF50                      RESETVEC     000F28
ENDIF51                      RESETVEC     000F60
ENDIF52                      RESETVEC     000FA6
ENDIF53                      RESETVEC     00106E
ENDIF54                      RESETVEC     0010B8
ENDIF55                      RESETVEC     0010D8
ENDIF58                      RESETVEC     00091A
ENDIF59                      RESETVEC     00092E
ENDIF6                       RESETVEC     00133A
ENDIF60                      RESETVEC     00096A
ENDIF61                      RESETVEC     000988
ENDIF62                      RESETVEC     001650
ENDIF64                      RESETVEC     0016CC
ENDIF65                      RESETVEC     0016EE
ENDIF66                      RESETVEC     001726
ENDIF67                      RESETVEC     001BCA
ENDIF68                      RESETVEC     001BF0
ENDIF69                      RESETVEC     0018B6
ENDIF7                       RESETVEC     001176
ENDIF70                      RESETVEC     0018C2
ENDIF71                      RESETVEC     00178E
ENDIF72                      RESETVEC     00179A
ENDIF73                      RESETVEC     001812
ENDIF74                      RESETVEC     00181E
ENDIF75                      RESETVEC     001862
ENDIF76                      RESETVEC     00186E
ENDIF79                      RESETVEC     0018FA
ENDIF8                       RESETVEC     0005D8
ENDIF80                      RESETVEC     001906
ENDIF81                      RESETVEC     0018E6
ENDIF82                      RESETVEC     00192A
ENDIF83                      RESETVEC     001936
ENDIF84                      RESETVEC     00195A
ENDIF85                      RESETVEC     001966
ENDIF9                       RESETVEC     000608
FF                           (abs)        000525
FF_H                         (abs)        000526
FILLCIRCLEXX                 (abs)        000527
FILLCIRCLEYY                 (abs)        000528
FILLEDBOX_SSD1306            RESETVEC     000904
FILLEDCIRCLE23               RESETVEC     00098A
FN_PAD                       RESETVEC     0014FC
FN_STR                       RESETVEC     00196A
FN__HEXPICAS                 RESETVEC     001DFA
GLCDBACKGROUND               (abs)        000529
GLCDBACKGROUND_H             (abs)        00052A
GLCDBITNO                    (abs)        00052B
GLCDCHANGE                   (abs)        00052C
GLCDCHARCOL3                 RESETVEC     000B2A
GLCDCHARCOL4                 RESETVEC     000BBE
GLCDCHARCOL5                 RESETVEC     000C52
GLCDCHARCOL6                 RESETVEC     000CE6
GLCDCHARCOL7                 RESETVEC     000D7A
GLCDCLS_SSD1306              RESETVEC     000E0E
GLCDCOLOUR                   (abs)        00052D
GLCDCOLOUR_H                 (abs)        00052E
GLCDDATATEMP                 (abs)        00052F
GLCDDRAWCHAR_SSD1306         RESETVEC     000F3C
GLCDDRAWSTRING               RESETVEC     001106
GLCDFNTDEFAULT               (abs)        000530
GLCDFNTDEFAULTHEIGHT         (abs)        000531
GLCDFNTDEFAULTSIZE           (abs)        000532
GLCDFONTWIDTH                (abs)        000533
GLCDFOREGROUND               (abs)        000534
GLCDFOREGROUND_H             (abs)        000535
GLCDPRINT5                   RESETVEC     001178
GLCDPRINT8                   RESETVEC     00120C
GLCDPRINTLEN                 (abs)        000536
GLCDPRINTLOC                 (abs)        000537
GLCDPRINTLOC_H               (abs)        000538
GLCDPRINT_STRING_COUNTER     (abs)        000539
GLCDTEMP                     (abs)        00053A
GLCDTEMP_H                   (abs)        00053B
GLCDX                        (abs)        00053C
GLCDY                        (abs)        00053D
GLCD_YORDINATE               (abs)        00053E
GLCD_YORDINATE_H             (abs)        00053F
HI2C1LASTERROR               (abs)        000540
HI2C1STATEMACHINE            (abs)        000541
HI2CACKPOLLSTATE             (abs)        000542
HI2CCURRENTMODE              (abs)        000543
HI2CINIT                     RESETVEC     001344
HI2CMODE                     RESETVEC     001348
HI2CWAITMSSPTIMEOUT          (abs)        000544
I2CBYTE                      (abs)        000545
INITGLCD_SSD1306             RESETVEC     00134A
INITPPS                      RESETVEC     0014B2
INITSYS                      RESETVEC     0014CE
INXRADIUS                    (abs)        000546
INXRADIUS_H                  (abs)        000547
LCDVALUE                     (abs)        000548
LCDVALUE_E                   (abs)        00054B
LCDVALUE_H                   (abs)        000549
LCDVALUE_U                   (abs)        00054A
LINECOLOUR                   (abs)        00054C
LINECOLOUR_E                 (abs)        00054F
LINECOLOUR_H                 (abs)        00054D
LINECOLOUR_U                 (abs)        00054E
LINEDIFFX                    (abs)        000550
LINEDIFFX_H                  (abs)        000551
LINEDIFFX_X2                 (abs)        000552
LINEDIFFX_X2_H               (abs)        000553
LINEDIFFY                    (abs)        000554
LINEDIFFY_H                  (abs)        000555
LINEDIFFY_X2                 (abs)        000556
LINEDIFFY_X2_H               (abs)        000557
LINEERR                      (abs)        000558
LINEERR_H                    (abs)        000559
LINESTEPX                    (abs)        00055A
LINESTEPX_H                  (abs)        00055B
LINESTEPY                    (abs)        00055C
LINESTEPY_H                  (abs)        00055D
LINEX1                       (abs)        00055E
LINEX1_H                     (abs)        00055F
LINEX2                       (abs)        000560
LINEX2_H                     (abs)        000561
LINEY1                       (abs)        000562
LINEY1_H                     (abs)        000563
LINEY2                       (abs)        000564
LINEY2_H                     (abs)        000565
LOCX                         (abs)        000566
LOCY                         (abs)        000567
LONGNUMBER                   (abs)        000568
LONGNUMBER_E                 (abs)        00056B
LONGNUMBER_H                 (abs)        000569
LONGNUMBER_U                 (abs)        00056A
OUTSTRING                    (abs)        0010D6
PAD                          (abs)        0010AD
POSCHARX                     (abs)        00056C
POSCHARX_H                   (abs)        00056D
POSCHARY                     (abs)        00056E
PRINTLOCX                    (abs)        00056F
PRINTLOCX_H                  (abs)        000570
PRINTLOCY                    (abs)        000571
PRINTLOCY_H                  (abs)        000572
PSET_SSD1306                 RESETVEC     001624
RADIUSERR                    (abs)        000573
RADIUSERR_H                  (abs)        000574
ROW                          (abs)        000575
SCLT16TRUE                   RESETVEC     001B28
SCLTINTTRUE                  RESETVEC     001B7A
SI2CINIT                     RESETVEC     00172A
SI2CSEND                     RESETVEC     00175A
SI2CSTART                    RESETVEC     001872
SI2CSTOP                     RESETVEC     00187C
SI2CWAIT4ACK                 RESETVEC     0018C6
SI2CWAIT4MDR                 RESETVEC     00190A
SI2CWAIT4STOP                RESETVEC     00193A
SSD1306SENDBYTE              (abs)        000576
SSD1306_BUFFERALIAS          (abs)        0010FF
SSD1306_BUFFERLOCATIONCALC   (abs)        000577
SSD1306_BUFFERLOCATIONCALC_H (abs)        000578
STR                          (abs)        001086
STRINGLOCX                   (abs)        000579
STRINGPOINTER                (abs)        00057A
STRINGTABLE1                 RESETVEC     001D7C
STRINGTABLE134               RESETVEC     001DC6
STRINGTABLE2                 RESETVEC     001D84
STRINGTABLE3                 RESETVEC     001D92
STRINGTABLE4                 RESETVEC     001DA8
STRINGTABLE5                 RESETVEC     001DB2
STRINGTABLE52                RESETVEC     001DC2
STRINGTABLE6                 RESETVEC     001DB4
STRINGTABLE7                 RESETVEC     001DB8
STRINGTABLE8                 RESETVEC     001DC0
STRINGTABLE81                RESETVEC     001DC4
SYSARRAYTEMP1                (abs)        00057B
SYSARRAYTEMP2                (abs)        00057C
SYSBYTETEMPA                 (abs)        000505
SYSBYTETEMPB                 (abs)        000509
SYSBYTETEMPX                 (abs)        000500
SYSCALCTEMPA                 (abs)        000505
SYSCALCTEMPA_E               (abs)        000508
SYSCALCTEMPA_H               (abs)        000506
SYSCALCTEMPA_U               (abs)        000507
SYSCALCTEMPX                 (abs)        000500
SYSCALCTEMPX_H               (abs)        000501
SYSCHARCOUNT                 (abs)        00057D
SYSCHARSHANDLER              (abs)        00057E
SYSCHARSHANDLER_H            (abs)        00057F
SYSCOMPEQUAL                 RESETVEC     001ACC
SYSCOMPEQUAL16               RESETVEC     001AD6
SYSCOMPEQUAL32               RESETVEC     001AE8
SYSCOMPLESSTHAN              RESETVEC     001B06
SYSCOMPLESSTHAN16            RESETVEC     001B10
SYSCOMPLESSTHANINT           RESETVEC     001B2C
SYSCOPYSTRING                RESETVEC     001B7E
SYSCOPYSTRINGCHECK           RESETVEC     001B8E
SYSCOPYSTRINGPART            RESETVEC     001B88
SYSDIV16START                RESETVEC     001BCE
SYSDIV32START                RESETVEC     001C5E
SYSDIVLOOP                   (abs)        000504
SYSDIVMULTA                  (abs)        000507
SYSDIVMULTA_H                (abs)        000508
SYSDIVMULTB                  (abs)        00050B
SYSDIVMULTB_H                (abs)        00050C
SYSDIVMULTX                  (abs)        000502
SYSDIVMULTX_H                (abs)        000503
SYSDIVSUB16                  RESETVEC     001B9E
SYSDIVSUB32                  RESETVEC     001C06
SYSDIVSUBINT                 RESETVEC     001CC2
SYSDOLOOP_E1                 RESETVEC     0005A2
SYSDOLOOP_E10                RESETVEC     001790
SYSDOLOOP_E11                RESETVEC     001814
SYSDOLOOP_E12                RESETVEC     001864
SYSDOLOOP_E13                RESETVEC     0018FC
SYSDOLOOP_E14                RESETVEC     00192C
SYSDOLOOP_E15                RESETVEC     00195C
SYSDOLOOP_E2                 RESETVEC     001276
SYSDOLOOP_E3                 RESETVEC     000870
SYSDOLOOP_E4                 RESETVEC     000B28
SYSDOLOOP_E5                 RESETVEC     001FB4
SYSDOLOOP_E6                 RESETVEC     00204C
SYSDOLOOP_E7                 RESETVEC     0021D0
SYSDOLOOP_E8                 RESETVEC     002268
SYSDOLOOP_E9                 RESETVEC     0018B8
SYSDOLOOP_S1                 RESETVEC     0002C6
SYSDOLOOP_S10                RESETVEC     001764
SYSDOLOOP_S11                RESETVEC     0017C6
SYSDOLOOP_S12                RESETVEC     001838
SYSDOLOOP_S13                RESETVEC     0018C8
SYSDOLOOP_S14                RESETVEC     00190C
SYSDOLOOP_S15                RESETVEC     00193C
SYSDOLOOP_S2                 RESETVEC     001210
SYSDOLOOP_S3                 RESETVEC     0006F8
SYSDOLOOP_S4                 RESETVEC     000A02
SYSDOLOOP_S5                 RESETVEC     001F42
SYSDOLOOP_S6                 RESETVEC     001FD6
SYSDOLOOP_S7                 RESETVEC     00215E
SYSDOLOOP_S8                 RESETVEC     0021F2
SYSDOLOOP_S9                 RESETVEC     001880
SYSFORLOOP1                  RESETVEC     0002CA
SYSFORLOOP10                 RESETVEC     0015C8
SYSFORLOOP11                 RESETVEC     000E1A
SYSFORLOOP12                 RESETVEC     000E60
SYSFORLOOP13                 RESETVEC     000E86
SYSFORLOOP14                 RESETVEC     000FA8
SYSFORLOOP15                 RESETVEC     001010
SYSFORLOOP16                 RESETVEC     001018
SYSFORLOOP17                 RESETVEC     001020
SYSFORLOOP18                 RESETVEC     000932
SYSFORLOOP19                 RESETVEC     000936
SYSFORLOOP2                  RESETVEC     001196
SYSFORLOOP3                  RESETVEC     001282
SYSFORLOOP4                  RESETVEC     001112
SYSFORLOOP5                  RESETVEC     000610
SYSFORLOOP6                  RESETVEC     00066E
SYSFORLOOP7                  RESETVEC     001E1E
SYSFORLOOP8                  RESETVEC     001536
SYSFORLOOP9                  RESETVEC     00157C
SYSFORLOOPABSVALUE12         (abs)        000580
SYSFORLOOPABSVALUE12_H       (abs)        000581
SYSFORLOOPEND1               RESETVEC     0005A0
SYSFORLOOPEND10              RESETVEC     001610
SYSFORLOOPEND11              RESETVEC     000E5A
SYSFORLOOPEND12              RESETVEC     000F28
SYSFORLOOPEND13              RESETVEC     000E98
SYSFORLOOPEND14              RESETVEC     0010FA
SYSFORLOOPEND15              RESETVEC     0010EA
SYSFORLOOPEND16              RESETVEC     0010D8
SYSFORLOOPEND17              RESETVEC     0010B8
SYSFORLOOPEND18              RESETVEC     000988
SYSFORLOOPEND19              RESETVEC     00096A
SYSFORLOOPEND2               RESETVEC     001202
SYSFORLOOPEND3               RESETVEC     00133A
SYSFORLOOPEND4               RESETVEC     001176
SYSFORLOOPEND5               RESETVEC     000666
SYSFORLOOPEND6               RESETVEC     0006C4
SYSFORLOOPEND7               RESETVEC     001E2A
SYSFORLOOPEND8               RESETVEC     001576
SYSFORLOOPEND9               RESETVEC     0015BC
SYSFORLOOPSTEP11             (abs)        000582
SYSFORLOOPSTEP11_H           (abs)        000583
SYSFORLOOPSTEP2              (abs)        000584
SYSFORLOOPSTEP2_H            (abs)        000585
SYSINTEGERTEMPA              (abs)        000505
SYSINTEGERTEMPA_H            (abs)        000506
SYSINTEGERTEMPB              (abs)        000509
SYSINTEGERTEMPB_H            (abs)        00050A
SYSINTEGERTEMPX              (abs)        000500
SYSINTEGERTEMPX_H            (abs)        000501
SYSLCDPRINTDATAHANDLER       (abs)        000586
SYSLCDPRINTDATAHANDLER_H     (abs)        000587
SYSLONGDIVMULTA              (abs)        000588
SYSLONGDIVMULTA_E            (abs)        00058B
SYSLONGDIVMULTA_H            (abs)        000589
SYSLONGDIVMULTA_U            (abs)        00058A
SYSLONGDIVMULTB              (abs)        00058C
SYSLONGDIVMULTB_E            (abs)        00058F
SYSLONGDIVMULTB_H            (abs)        00058D
SYSLONGDIVMULTB_U            (abs)        00058E
SYSLONGDIVMULTX              (abs)        000590
SYSLONGDIVMULTX_E            (abs)        000593
SYSLONGDIVMULTX_H            (abs)        000591
SYSLONGDIVMULTX_U            (abs)        000592
SYSLONGTEMPA                 (abs)        000505
SYSLONGTEMPA_E               (abs)        000508
SYSLONGTEMPA_H               (abs)        000506
SYSLONGTEMPA_U               (abs)        000507
SYSLONGTEMPB                 (abs)        000509
SYSLONGTEMPB_E               (abs)        00050C
SYSLONGTEMPB_H               (abs)        00050A
SYSLONGTEMPB_U               (abs)        00050B
SYSLONGTEMPX                 (abs)        000500
SYSLONGTEMPX_E               (abs)        000503
SYSLONGTEMPX_H               (abs)        000501
SYSLONGTEMPX_U               (abs)        000502
SYSMULTSUB16                 RESETVEC     001D00
SYSMULTSUBINT                RESETVEC     001D22
SYSPAD_0                     (abs)        0010AD
SYSPRINTBUFFER               (abs)        00108C
SYSPRINTBUFFLEN              (abs)        000594
SYSREADSTRING                RESETVEC     001D56
SYSREADSTRINGPART            RESETVEC     001D62
SYSREPEATLOOP1               RESETVEC     00165A
SYSREPEATLOOP2               RESETVEC     00166A
SYSREPEATLOOP3               RESETVEC     0016D6
SYSREPEATLOOP4               RESETVEC     00087C
SYSREPEATLOOP5               RESETVEC     0008B0
SYSREPEATLOOPEND1            RESETVEC     001664
SYSREPEATLOOPEND2            RESETVEC     001672
SYSREPEATLOOPEND3            RESETVEC     0016DC
SYSREPEATLOOPEND4            RESETVEC     000884
SYSREPEATLOOPEND5            RESETVEC     0008BA
SYSREPEATTEMP1               (abs)        000595
SYSREPEATTEMP4               (abs)        000596
SYSSELECT1CASE1              RESETVEC     000FAA
SYSSELECT1CASE2              RESETVEC     000FBC
SYSSELECT1CASE3              RESETVEC     000FD0
SYSSELECT1CASE4              RESETVEC     000FE4
SYSSELECT1CASE5              RESETVEC     000FF8
SYSSELECT2CASE1              RESETVEC     00175A
SYSSELECT2CASE2              RESETVEC     00179C
SYSSELECT2CASE3              RESETVEC     001820
SYSSELECTEND1                RESETVEC     00100A
SYSSELECTEND2                RESETVEC     00186E
SYSSIGNBYTE                  (abs)        00050D
SYSSTRDATA                   (abs)        000597
SYSSTRINGA                   (abs)        000507
SYSSTRINGA_H                 (abs)        000508
SYSSTRINGCOPY                RESETVEC     001B94
SYSSTRINGLENGTH              (abs)        000506
SYSSTRINGPARAM1              (abs)        001097
SYSSTRINGREAD                RESETVEC     001D70
SYSSTRINGREADCHECK           RESETVEC     001D6A
SYSSTRINGTABLES              RESETVEC     001D7C
SYSSTRINGTEMP                (abs)        000598
SYSSTRLEN                    (abs)        000599
SYSSTR_0                     (abs)        001086
SYSSYSINSTRING3HANDLER       (abs)        00059A
SYSSYSINSTRING3HANDLER_H     (abs)        00059B
SYSSYSINSTRINGHANDLER        (abs)        00059C
SYSSYSINSTRINGHANDLER_H      (abs)        00059D
SYSTEMP1                     (abs)        00059E
SYSTEMP1_E                   (abs)        0005A1
SYSTEMP1_H                   (abs)        00059F
SYSTEMP1_U                   (abs)        0005A0
SYSTEMP2                     (abs)        0005A2
SYSTEMP2_H                   (abs)        0005A3
SYSTEMP3                     (abs)        0005A4
SYSVALHUNDREDS               RESETVEC     001A24
SYSVALTEMP                   (abs)        0005A5
SYSVALTEMP_H                 (abs)        0005A6
SYSVALTENS                   RESETVEC     001A70
SYSVALTHOUSANDS              RESETVEC     0019D6
SYSWAITLOOP1                 RESETVEC     001828
SYSWAITTEMPMS                (abs)        000502
SYSWAITTEMPMS_H              (abs)        000503
SYSWAITTEMPS                 (abs)        000504
SYSWAITTEMPUS                (abs)        000505
SYSWAITTEMPUS_H              (abs)        000506
SYSWORDTEMPA                 (abs)        000505
SYSWORDTEMPA_H               (abs)        000506
SYSWORDTEMPB                 (abs)        000509
SYSWORDTEMPB_H               (abs)        00050A
SYSWORDTEMPX                 (abs)        000500
SYSWORDTEMPX_H               (abs)        000501
SYS_HEXPICAS_0               (abs)        001082
SYS_HEXPICAS_1               (abs)        001083
SYS_HEXPICAS_2               (abs)        001084
TABLEGLCDCHARCOL3            RESETVEC     000B4C
TABLEGLCDCHARCOL4            RESETVEC     000BE0
TABLEGLCDCHARCOL5            RESETVEC     000C74
TABLEGLCDCHARCOL6            RESETVEC     000D08
TABLEGLCDCHARCOL7            RESETVEC     000D9C
WORDNUMBER                   (abs)        0005A7
WORDNUMBER_H                 (abs)        0005A8
WRITE_COMMAND_SSD1306        RESETVEC     001DD0
WRITE_DATA_SSD1306           RESETVEC     001DE4
XCHAR                        (abs)        0005A9
XOFFSET                      (abs)        0005AA
XOFFSET_H                    (abs)        0005AB
XRADIUS                      (abs)        0005AC
XRADIUS_H                    (abs)        0005AD
YCALC1                       (abs)        0005AE
YCALC1_H                     (abs)        0005AF
YCALC2                       (abs)        0005B0
YCALC2_H                     (abs)        0005B1
YOFFSET                      (abs)        0005B2
YOFFSET_H                    (abs)        0005B3
YORDINATE                    (abs)        0005B4
_HEXPICAS                    (abs)        001082
_LINE69                      RESETVEC     001E46
_LINE70                      RESETVEC     002062
__HRESETVEC                  RESETVEC     00227E
__H__absolute__              __absolute__ 000000
__Hcode                      code         000000
__Hconfig                    config       30001A
__Hdata                      data         000000
__Hedata                     edata        000000
__Hspace_0                   (abs)        00227E
__Hspace_1                   (abs)        000000
__Hspace_3                   (abs)        000000
__Hspace_4                   (abs)        60001A
__Hudata                     udata        000000
__Hudata_acs                 udata_acs    000000
__Hudata_bank10              udata_bank10 000000
__Hudata_bank11              udata_bank11 000000
__Hudata_bank12              udata_bank12 000000
__Hudata_bank13              udata_bank13 000000
__Hudata_bank14              udata_bank14 000000
__Hudata_bank15              udata_bank15 000000
__Hudata_bank16              udata_bank16 000000
__Hudata_bank17              udata_bank17 000000
__Hudata_bank18              udata_bank18 000000
__Hudata_bank19              udata_bank19 000000
__Hudata_bank20              udata_bank20 000000
__Hudata_bank5               udata_bank5  000000
__Hudata_bank6               udata_bank6  000000
__Hudata_bank7               udata_bank7  000000
__Hudata_bank8               udata_bank8  000000
__Hudata_bank9               udata_bank9  000000
__LRESETVEC                  RESETVEC     000000
__L__absolute__              __absolute__ 000000
__Lcode                      code         000000
__Lconfig                    config       000000
__Ldata                      data         000000
__Ledata                     edata        000000
__Lspace_0                   (abs)        000000
__Lspace_1                   (abs)        000000
__Lspace_3                   (abs)        000000
__Lspace_4                   (abs)        000000
__Ludata                     udata        000000
__Ludata_acs                 udata_acs    000000
__Ludata_bank10              udata_bank10 000000
__Ludata_bank11              udata_bank11 000000
__Ludata_bank12              udata_bank12 000000
__Ludata_bank13              udata_bank13 000000
__Ludata_bank14              udata_bank14 000000
__Ludata_bank15              udata_bank15 000000
__Ludata_bank16              udata_bank16 000000
__Ludata_bank17              udata_bank17 000000
__Ludata_bank18              udata_bank18 000000
__Ludata_bank19              udata_bank19 000000
__Ludata_bank20              udata_bank20 000000
__Ludata_bank5               udata_bank5  000000
__Ludata_bank6               udata_bank6  000000
__Ludata_bank7               udata_bank7  000000
__Ludata_bank8               udata_bank8  000000
__Ludata_bank9               udata_bank9  000000
__S0                         (abs)        000000
__S1                         (abs)        000000
__S3                         (abs)        000000
isa$std                      (abs)        000001
isa$xinst                    (abs)        000000
