Microchip MPLAB XC8 PIC(R) Assembler V2.46

Linker command line:

-W-3 \
  --edf=C:\Program Files\Microchip\xc8\v2.46\pic\dat\20240104201356_en.msgs \
  -cs \
  -h+D:\GreatCowBASICGits\Demonstration_Sources.git\Vendor_Boards\Great_Cow_Basic_Demo_Board\18Fx6q20_ChipRange_Demonstrations\210_i2c_glcd_sprites_using_ssd1306.sym \
  --cmf=D:\GreatCowBASICGits\Demonstration_Sources.git\Vendor_Boards\Great_Cow_Basic_Demo_Board\18Fx6q20_ChipRange_Demonstrations\210_i2c_glcd_sprites_using_ssd1306.cmf \
  -z -Q18F16Q20 -oC:\Users\admin\AppData\Local\Temp\xcAs994.\driver_tmp_3.o \
  --fixupoverflow=error -ver=XC8 PIC(R) Assembler --fixupoverflow=lstwarn \
  -MD:\GreatCowBASICGits\Demonstration_Sources.git\Vendor_Boards\Great_Cow_Basic_Demo_Board\18Fx6q20_ChipRange_Demonstrations\210_i2c_glcd_sprites_using_ssd1306.map \
  -E1 --acfsm=1493 -ACODE=00h-0FFFFh -ACONST=00h-0FFFFh \
  -ASMALLCONST=01500h-015FFhx235 -AMEDIUMCONST=01500h-0FFFFh \
  -ACOMRAM=0500h-055Fh -AABS1=0500h-014FFh -ABIGRAM=0500h-014FFh \
  -ARAM=0560h-05FFh,0600h-06FFhx15 -ABANK5=0560h-05FFh -ABANK6=0600h-06FFh \
  -ABANK7=0700h-07FFh -ABANK8=0800h-08FFh -ABANK9=0900h-09FFh \
  -ABANK10=0A00h-0AFFh -ABANK11=0B00h-0BFFh -ABANK12=0C00h-0CFFh \
  -ABANK13=0D00h-0DFFh -ABANK14=0E00h-0EFFh -ABANK15=0F00h-0FFFh \
  -ABANK16=01000h-010FFh -ABANK17=01100h-011FFh -ABANK18=01200h-012FFh \
  -ABANK19=01300h-013FFh -ABANK20=01400h-014FFh \
  -ASFR=00h-0FFhx4,0400h-045Fh,0460h-04FFh,01500h-015FFh \
  -ABIGSFR=00h-04FFh,01500h-015FFh -AIDLOC=0200000h-020003Fh \
  -AEEDATA=0380000h-03800FFh \
  D:\GreatCowBASICGits\Demonstration_Sources.git\Vendor_Boards\Great_Cow_Basic_Demo_Board\18Fx6q20_ChipRange_Demonstrations\210_i2c_glcd_sprites_using_ssd1306.o 

Object code version is 3.11

Machine type is 18F16Q20



                Name                               Link     Load   Length Selector   Space Scale
D:\GreatCowBASICGits\Demonstration_Sources.git\Vendor_Boards\Great_Cow_Basic_Demo_Board\18Fx6q20_ChipRange_Demonstrations\210_i2c_glcd_sprites_using_ssd1306.o
                config                           300000   300000       1A        0       4
                RESETVEC                              0        0     1532        0       0

TOTAL           Name                               Link     Load   Length     Space
        CLASS   CODE           

        CLASS   CONST          

        CLASS   SMALLCONST     

        CLASS   MEDIUMCONST    

        CLASS   COMRAM         

        CLASS   ABS1           

        CLASS   BIGRAM         

        CLASS   RAM            

        CLASS   BANK5          

        CLASS   BANK6          

        CLASS   BANK7          

        CLASS   BANK8          

        CLASS   BANK9          

        CLASS   BANK10         

        CLASS   BANK11         

        CLASS   BANK12         

        CLASS   BANK13         

        CLASS   BANK14         

        CLASS   BANK15         

        CLASS   BANK16         

        CLASS   BANK17         

        CLASS   BANK18         

        CLASS   BANK19         

        CLASS   BANK20         

        CLASS   SFR            

        CLASS   BIGSFR         

        CLASS   IDLOC          

        CLASS   EEDATA         

        CLASS   CONFIG         
                config                           300000   300000       1A         4

        CLASS   UNCLASSED
                RESETVEC                              0        0     1532         0


SEGMENTS        Name                           Load    Length   Top    Selector   Space  Class



UNUSED ADDRESS RANGES

        Name                Unused          Largest block    Delta
        BANK10           000A00-000AFF              100
        BANK11           000B00-000BFF              100
        BANK12           000C00-000CFF              100
        BANK13           000D00-000DFF              100
        BANK14           000E00-000EFF              100
        BANK15           000F00-000FFF              100
        BANK16           001000-0010FF              100
        BANK17           001100-0011FF              100
        BANK18           001200-0012FF              100
        BANK19           001300-0013FF              100
        BANK20           001400-0014FF              100
        BANK5            000560-0005FF               A0
        BANK6            000600-0006FF              100
        BANK7            000700-0007FF              100
        BANK8            000800-0008FF              100
        BANK9            000900-0009FF              100
        BIGSFR           001532-0015FF               CE
        CODE             001532-00FFFF             EACE
        COMRAM           000500-00055F               60
        CONST            001532-00FFFF             EACE
        EEDATA           380000-3800FF              100
        IDLOC            200000-20003F               40
        MEDIUMCONST      001532-00FFFF             EACE
        RAM              000560-0014FF              100
        SFR              001532-0015FF               CE
        SMALLCONST       001532-00FFFF              100

                                  Symbol Table

AFSR0                        (abs)        0004E9
AFSR0_H                      (abs)        0004EA
BASPROGRAMEND                RESETVEC     00020A
BASPROGRAMSTART              RESETVEC     00000C
BOX19                        RESETVEC     00020E
CHARCODE                     (abs)        00050B
CHARCOL                      (abs)        00050C
CHARCOLS                     (abs)        00050E
CHARCOL_H                    (abs)        00050D
CHARLOCX                     (abs)        00050F
CHARLOCX_H                   (abs)        000510
CHARLOCY                     (abs)        000511
CHARLOCY_H                   (abs)        000512
CHARROW                      (abs)        000513
CHARROWS                     (abs)        000515
CHARROW_H                    (abs)        000514
COL                          (abs)        000516
CURRCHARCOL                  (abs)        000517
CURRCHARROW                  (abs)        000518
CURRCHARVAL                  (abs)        000519
CURSOR_POSITION_SSD1306      RESETVEC     00032C
CURX                         (abs)        00051A
CURY                         (abs)        00051B
DELAYTEMP                    (abs)        000500
DELAYTEMP2                   (abs)        000501
DELAYUS1                     RESETVEC     001214
DELAYUS10                    RESETVEC     0012A0
DELAYUS11                    RESETVEC     0012D0
DELAYUS2                     RESETVEC     001220
DELAYUS3                     RESETVEC     00122C
DELAYUS4                     RESETVEC     001128
DELAYUS5                     RESETVEC     001164
DELAYUS6                     RESETVEC     001170
DELAYUS7                     RESETVEC     001188
DELAYUS8                     RESETVEC     0011D8
DELAYUS9                     RESETVEC     001270
DELAYUSO1                    RESETVEC     001212
DELAYUSO5                    RESETVEC     001162
DELAY_MS                     RESETVEC     00038E
DELAY_S                      RESETVEC     0003AA
DIRX                         (abs)        00051C
DIRY                         (abs)        00051D
DIV8NOTNEG                   RESETVEC     0014B2
DMS_INNER                    RESETVEC     000398
DMS_OUTER                    RESETVEC     000394
DMS_START                    RESETVEC     000390
DRAWLINE                     (abs)        00051E
DRAWLINE_H                   (abs)        00051F
DS_START                     RESETVEC     0003AA
ELSE17_1                     RESETVEC     001228
ELSE19_1                     RESETVEC     001124
ELSE1_1                      RESETVEC     00013A
ELSE21_1                     RESETVEC     001184
ELSE23_1                     RESETVEC     0011D0
ELSE27_1                     RESETVEC     00126C
ELSE2_1                      RESETVEC     00014E
ELSE30_1                     RESETVEC     00129C
ELSE32_1                     RESETVEC     0012CC
ELSE36_1                     RESETVEC     000780
ELSE3_1                      RESETVEC     000180
ELSE41_1                     RESETVEC     0008D0
ELSE48_1                     RESETVEC     001010
ELSE49_1                     RESETVEC     001034
ELSE4_1                      RESETVEC     0001CA
ELSE5_1                      RESETVEC     00018A
ELSE6_1                      RESETVEC     0001D4
ELSE7_1                      RESETVEC     000B20
ENDIF1                       RESETVEC     00013C
ENDIF12                      RESETVEC     000E3E
ENDIF13                      RESETVEC     00023E
ENDIF14                      RESETVEC     00026E
ENDIF15                      RESETVEC     0002CC
ENDIF16                      RESETVEC     00032A
ENDIF17                      RESETVEC     001230
ENDIF18                      RESETVEC     00123C
ENDIF19                      RESETVEC     00112C
ENDIF2                       RESETVEC     000150
ENDIF20                      RESETVEC     001138
ENDIF21                      RESETVEC     00118C
ENDIF22                      RESETVEC     001198
ENDIF23                      RESETVEC     0011DC
ENDIF24                      RESETVEC     0011E8
ENDIF27                      RESETVEC     001274
ENDIF28                      RESETVEC     001280
ENDIF29                      RESETVEC     001260
ENDIF3                       RESETVEC     000196
ENDIF30                      RESETVEC     0012A4
ENDIF31                      RESETVEC     0012B0
ENDIF32                      RESETVEC     0012D4
ENDIF33                      RESETVEC     0012E0
ENDIF34                      RESETVEC     0006E8
ENDIF36                      RESETVEC     0007B6
ENDIF37                      RESETVEC     00077E
ENDIF38                      RESETVEC     0007B6
ENDIF39                      RESETVEC     0007E6
ENDIF4                       RESETVEC     0001E0
ENDIF40                      RESETVEC     00082C
ENDIF41                      RESETVEC     0008F6
ENDIF42                      RESETVEC     00093E
ENDIF43                      RESETVEC     00095E
ENDIF46                      RESETVEC     000F9C
ENDIF48                      RESETVEC     001016
ENDIF49                      RESETVEC     00103A
ENDIF5                       RESETVEC     00018E
ENDIF50                      RESETVEC     001072
ENDIF6                       RESETVEC     0001D8
ENDIF7                       RESETVEC     000DB4
FN_RANDOM                    RESETVEC     001076
FN_SWAP4                     RESETVEC     001444
GLCDBACKGROUND               (abs)        000520
GLCDBACKGROUND_H             (abs)        000521
GLCDBITNO                    (abs)        000522
GLCDCHANGE                   (abs)        000523
GLCDCHARCOL3                 RESETVEC     0003BA
GLCDCHARCOL4                 RESETVEC     00044E
GLCDCHARCOL5                 RESETVEC     0004E2
GLCDCHARCOL6                 RESETVEC     000576
GLCDCHARCOL7                 RESETVEC     00060A
GLCDCLS_SSD1306              RESETVEC     00069E
GLCDCOLOUR                   (abs)        000524
GLCDCOLOUR_H                 (abs)        000525
GLCDDATATEMP                 (abs)        000526
GLCDDRAWCHAR_SSD1306         RESETVEC     0007C2
GLCDDRAWSPRITE_SSD1306       RESETVEC     00098C
GLCDFNTDEFAULT               (abs)        000527
GLCDFNTDEFAULTHEIGHT         (abs)        000528
GLCDFNTDEFAULTSIZE           (abs)        000529
GLCDFONTWIDTH                (abs)        00052A
GLCDFOREGROUND               (abs)        00052B
GLCDFOREGROUND_H             (abs)        00052C
GLCDHICHANGE                 (abs)        00052D
GLCDLOCHANGE                 (abs)        00052E
GLCDPRINT7                   RESETVEC     000DB6
GLCDPRINTLEN                 (abs)        00052F
GLCDPRINTLOC                 (abs)        000530
GLCDPRINTLOC_H               (abs)        000531
GLCDPRINT_STRING_COUNTER     (abs)        000532
GLCDROTATEBITS               (abs)        000533
GLCDTEMP                     (abs)        000534
GLCDTEMP_H                   (abs)        000535
GLCDX                        (abs)        000536
GLCDY                        (abs)        000537
GLCD_YORDINATE               (abs)        000538
GLCD_YORDINATE_H             (abs)        000539
HI2C1LASTERROR               (abs)        00053A
HI2C1STATEMACHINE            (abs)        00053B
HI2CACKPOLLSTATE             (abs)        00053C
HI2CCURRENTMODE              (abs)        00053D
HI2CINIT                     RESETVEC     000E48
HI2CMODE                     RESETVEC     000E4C
HI2CWAITMSSPTIMEOUT          (abs)        00053E
I2CBYTE                      (abs)        00053F
INITGLCD_SSD1306             RESETVEC     000E4E
INITPPS                      RESETVEC     000F1C
INITRANDOM                   RESETVEC     000F38
INITSYS                      RESETVEC     000F42
LINECOLOUR                   (abs)        000540
LINECOLOUR_H                 (abs)        000541
LINEX1                       (abs)        000542
LINEX1_H                     (abs)        000543
LINEX2                       (abs)        000544
LINEX2_H                     (abs)        000545
LINEY1                       (abs)        000546
LINEY1_H                     (abs)        000547
LINEY2                       (abs)        000548
LINEY2_H                     (abs)        000549
LOCX                         (abs)        00054A
LOCY                         (abs)        00054B
OLDX                         (abs)        00054C
OLDY                         (abs)        00054D
POSCHARX                     (abs)        00054E
POSCHARX_H                   (abs)        00054F
POSCHARY                     (abs)        000550
PRINTLOCX                    (abs)        000551
PRINTLOCX_H                  (abs)        000552
PRINTLOCY                    (abs)        000553
PRINTLOCY_H                  (abs)        000554
PSET_SSD1306                 RESETVEC     000F70
RANDOM                       (abs)        000555
RANDOMSEED                   (abs)        000556
RANDOMSEED_H                 (abs)        000557
RANDOMTEMP                   (abs)        000558
RANDOMTEMP_H                 (abs)        000559
ROW                          (abs)        00055A
SCLT16TRUE                   RESETVEC     00148C
SI2CINIT                     RESETVEC     0010C8
SI2CSEND                     RESETVEC     0010F8
SI2CSTART                    RESETVEC     0011EC
SI2CSTOP                     RESETVEC     0011F6
SI2CWAIT4ACK                 RESETVEC     001240
SI2CWAIT4MDR                 RESETVEC     001284
SI2CWAIT4STOP                RESETVEC     0012B4
SPRITE1                      RESETVEC     0012E4
SPRITE2                      RESETVEC     001310
SPRITE3                      RESETVEC     00133C
SPRITE4                      RESETVEC     001368
SPRITE5                      RESETVEC     001394
SPRITE6                      RESETVEC     0013C0
SPRITE7                      RESETVEC     0013EC
SPRITE8                      RESETVEC     001418
SSD1306SENDBYTE              (abs)        00055B
SSD1306_BUFFERALIAS          (abs)        0010FF
SSD1306_BUFFERLOCATIONCALC   (abs)        00055C
SSD1306_BUFFERLOCATIONCALC_H (abs)        00055D
SSD1306_PAGE                 (abs)        00055E
STRINGPOINTER                (abs)        00055F
STRINGTABLE1                 RESETVEC     0014DE
STRINGTABLE2                 RESETVEC     0014E6
STRINGTABLE3                 RESETVEC     0014F8
SWAP4                        (abs)        000560
SWAP4IN                      (abs)        000561
SYSBYTETEMPA                 (abs)        000505
SYSBYTETEMPB                 (abs)        000509
SYSBYTETEMPX                 (abs)        000500
SYSCALCTEMPA                 (abs)        000505
SYSCOMPEQUAL                 RESETVEC     00144E
SYSCOMPEQUAL16               RESETVEC     001458
SYSCOMPLESSTHAN              RESETVEC     00146A
SYSCOMPLESSTHAN16            RESETVEC     001474
SYSDIV8START                 RESETVEC     00149C
SYSDIVLOOP                   (abs)        000504
SYSDIVSUB                    RESETVEC     001490
SYSDOLOOP_E1                 RESETVEC     000208
SYSDOLOOP_E2                 RESETVEC     001232
SYSDOLOOP_E3                 RESETVEC     00112E
SYSDOLOOP_E4                 RESETVEC     00118E
SYSDOLOOP_E5                 RESETVEC     0011DE
SYSDOLOOP_E6                 RESETVEC     001276
SYSDOLOOP_E7                 RESETVEC     0012A6
SYSDOLOOP_E8                 RESETVEC     0012D6
SYSDOLOOP_S1                 RESETVEC     000150
SYSDOLOOP_S2                 RESETVEC     0011FA
SYSDOLOOP_S3                 RESETVEC     001102
SYSDOLOOP_S4                 RESETVEC     001150
SYSDOLOOP_S5                 RESETVEC     0011B2
SYSDOLOOP_S6                 RESETVEC     001242
SYSDOLOOP_S7                 RESETVEC     001286
SYSDOLOOP_S8                 RESETVEC     0012B6
SYSFORLOOP1                  RESETVEC     000A48
SYSFORLOOP10                 RESETVEC     00082E
SYSFORLOOP11                 RESETVEC     000896
SYSFORLOOP12                 RESETVEC     00089E
SYSFORLOOP13                 RESETVEC     0008A4
SYSFORLOOP2                  RESETVEC     000B84
SYSFORLOOP3                  RESETVEC     000CD4
SYSFORLOOP4                  RESETVEC     000DD4
SYSFORLOOP5                  RESETVEC     000276
SYSFORLOOP6                  RESETVEC     0002D4
SYSFORLOOP7                  RESETVEC     0006A8
SYSFORLOOP8                  RESETVEC     0006EC
SYSFORLOOP9                  RESETVEC     000714
SYSFORLOOPABSVALUE8          (abs)        000562
SYSFORLOOPABSVALUE8_H        (abs)        000563
SYSFORLOOPEND1               RESETVEC     000B1C
SYSFORLOOPEND10              RESETVEC     000980
SYSFORLOOPEND11              RESETVEC     000970
SYSFORLOOPEND12              RESETVEC     00095E
SYSFORLOOPEND13              RESETVEC     00093E
SYSFORLOOPEND2               RESETVEC     000C66
SYSFORLOOPEND3               RESETVEC     000DB2
SYSFORLOOPEND4               RESETVEC     000E3E
SYSFORLOOPEND5               RESETVEC     0002CC
SYSFORLOOPEND6               RESETVEC     00032A
SYSFORLOOPEND7               RESETVEC     0006E8
SYSFORLOOPEND8               RESETVEC     0007B6
SYSFORLOOPEND9               RESETVEC     000726
SYSFORLOOPSTEP7              (abs)        000564
SYSFORLOOPSTEP7_H            (abs)        000565
SYSLCDPRINTDATAHANDLER       (abs)        000566
SYSLCDPRINTDATAHANDLER_H     (abs)        000567
SYSREADSTRING                RESETVEC     0014B8
SYSREADSTRINGPART            RESETVEC     0014C4
SYSREPEATLOOP1               RESETVEC     000996
SYSREPEATLOOP10              RESETVEC     000366
SYSREPEATLOOP2               RESETVEC     0009AA
SYSREPEATLOOP3               RESETVEC     000C26
SYSREPEATLOOP4               RESETVEC     000D70
SYSREPEATLOOP5               RESETVEC     00107C
SYSREPEATLOOP6               RESETVEC     000FA6
SYSREPEATLOOP7               RESETVEC     000FB6
SYSREPEATLOOP8               RESETVEC     001022
SYSREPEATLOOP9               RESETVEC     000336
SYSREPEATLOOPEND1            RESETVEC     00099E
SYSREPEATLOOPEND10           RESETVEC     000370
SYSREPEATLOOPEND2            RESETVEC     0009B4
SYSREPEATLOOPEND3            RESETVEC     000C2E
SYSREPEATLOOPEND4            RESETVEC     000D7A
SYSREPEATLOOPEND5            RESETVEC     0010C4
SYSREPEATLOOPEND6            RESETVEC     000FB0
SYSREPEATLOOPEND7            RESETVEC     000FBE
SYSREPEATLOOPEND8            RESETVEC     001028
SYSREPEATLOOPEND9            RESETVEC     00033E
SYSREPEATTEMP1               (abs)        000568
SYSREPEATTEMP5               (abs)        000569
SYSREPEATTEMP6               (abs)        00056A
SYSREPEATTEMP9               (abs)        00056B
SYSSELECT1CASE1              RESETVEC     000A4A
SYSSELECT1CASE2              RESETVEC     000A5C
SYSSELECT1CASE3              RESETVEC     000A70
SYSSELECT1CASE4              RESETVEC     000A84
SYSSELECT1CASE5              RESETVEC     000A98
SYSSELECT1CASE6              RESETVEC     000AAC
SYSSELECT1CASE7              RESETVEC     000AC0
SYSSELECT1CASE8              RESETVEC     000AD4
SYSSELECT2CASE1              RESETVEC     000B86
SYSSELECT2CASE2              RESETVEC     000B96
SYSSELECT2CASE3              RESETVEC     000BA8
SYSSELECT2CASE4              RESETVEC     000BBA
SYSSELECT2CASE5              RESETVEC     000BCC
SYSSELECT2CASE6              RESETVEC     000BDE
SYSSELECT2CASE7              RESETVEC     000BF0
SYSSELECT2CASE8              RESETVEC     000C02
SYSSELECT3CASE1              RESETVEC     000CD6
SYSSELECT3CASE2              RESETVEC     000CE6
SYSSELECT3CASE3              RESETVEC     000CF8
SYSSELECT3CASE4              RESETVEC     000D0A
SYSSELECT3CASE5              RESETVEC     000D1C
SYSSELECT3CASE6              RESETVEC     000D2E
SYSSELECT3CASE7              RESETVEC     000D40
SYSSELECT3CASE8              RESETVEC     000D52
SYSSELECT4CASE1              RESETVEC     0010F8
SYSSELECT4CASE2              RESETVEC     00113A
SYSSELECT4CASE3              RESETVEC     00119A
SYSSELECT5CASE1              RESETVEC     000830
SYSSELECT5CASE2              RESETVEC     000842
SYSSELECT5CASE3              RESETVEC     000856
SYSSELECT5CASE4              RESETVEC     00086A
SYSSELECT5CASE5              RESETVEC     00087E
SYSSELECTEND1                RESETVEC     000AE6
SYSSELECTEND2                RESETVEC     000C14
SYSSELECTEND3                RESETVEC     000D62
SYSSELECTEND4                RESETVEC     0011E8
SYSSELECTEND5                RESETVEC     000890
SYSSTRINGA                   (abs)        000507
SYSSTRINGA_H                 (abs)        000508
SYSSTRINGLENGTH              (abs)        000506
SYSSTRINGPARAM1              (abs)        0010ED
SYSSTRINGREAD                RESETVEC     0014D2
SYSSTRINGREADCHECK           RESETVEC     0014CC
SYSSTRINGTABLES              RESETVEC     0014DE
SYSTEMP1                     (abs)        00056C
SYSTEMP1_H                   (abs)        00056D
SYSTEMP2                     (abs)        00056E
SYSTEMP2_H                   (abs)        00056F
SYSTEMP3                     (abs)        000570
SYSWAITLOOP1                 RESETVEC     0011A2
SYSWAITTEMPMS                (abs)        000502
SYSWAITTEMPMS_H              (abs)        000503
SYSWAITTEMPS                 (abs)        000504
SYSWAITTEMPUS                (abs)        000505
SYSWAITTEMPUS_H              (abs)        000506
SYSWORDTEMPA                 (abs)        000505
SYSWORDTEMPA_H               (abs)        000506
SYSWORDTEMPB                 (abs)        000509
SYSWORDTEMPB_H               (abs)        00050A
TABLEGLCDCHARCOL3            RESETVEC     0003DC
TABLEGLCDCHARCOL4            RESETVEC     000470
TABLEGLCDCHARCOL5            RESETVEC     000504
TABLEGLCDCHARCOL6            RESETVEC     000598
TABLEGLCDCHARCOL7            RESETVEC     00062C
TABLESPRITE1                 RESETVEC     001306
TABLESPRITE2                 RESETVEC     001332
TABLESPRITE3                 RESETVEC     00135E
TABLESPRITE4                 RESETVEC     00138A
TABLESPRITE5                 RESETVEC     0013B6
TABLESPRITE6                 RESETVEC     0013E2
TABLESPRITE7                 RESETVEC     00140E
TABLESPRITE8                 RESETVEC     00143A
WRITE_COMMAND_SSD1306        RESETVEC     001508
WRITE_DATA_SSD1306           RESETVEC     00151C
__HRESETVEC                  RESETVEC     001532
__H__absolute__              __absolute__ 000000
__Hcode                      code         000000
__Hconfig                    config       30001A
__Hdata                      data         000000
__Hedata                     edata        000000
__Hspace_0                   (abs)        001532
__Hspace_1                   (abs)        000000
__Hspace_3                   (abs)        000000
__Hspace_4                   (abs)        60001A
__Hudata                     udata        000000
__Hudata_acs                 udata_acs    000000
__Hudata_bank10              udata_bank10 000000
__Hudata_bank11              udata_bank11 000000
__Hudata_bank12              udata_bank12 000000
__Hudata_bank13              udata_bank13 000000
__Hudata_bank14              udata_bank14 000000
__Hudata_bank15              udata_bank15 000000
__Hudata_bank16              udata_bank16 000000
__Hudata_bank17              udata_bank17 000000
__Hudata_bank18              udata_bank18 000000
__Hudata_bank19              udata_bank19 000000
__Hudata_bank20              udata_bank20 000000
__Hudata_bank5               udata_bank5  000000
__Hudata_bank6               udata_bank6  000000
__Hudata_bank7               udata_bank7  000000
__Hudata_bank8               udata_bank8  000000
__Hudata_bank9               udata_bank9  000000
__LRESETVEC                  RESETVEC     000000
__L__absolute__              __absolute__ 000000
__Lcode                      code         000000
__Lconfig                    config       000000
__Ldata                      data         000000
__Ledata                     edata        000000
__Lspace_0                   (abs)        000000
__Lspace_1                   (abs)        000000
__Lspace_3                   (abs)        000000
__Lspace_4                   (abs)        000000
__Ludata                     udata        000000
__Ludata_acs                 udata_acs    000000
__Ludata_bank10              udata_bank10 000000
__Ludata_bank11              udata_bank11 000000
__Ludata_bank12              udata_bank12 000000
__Ludata_bank13              udata_bank13 000000
__Ludata_bank14              udata_bank14 000000
__Ludata_bank15              udata_bank15 000000
__Ludata_bank16              udata_bank16 000000
__Ludata_bank17              udata_bank17 000000
__Ludata_bank18              udata_bank18 000000
__Ludata_bank19              udata_bank19 000000
__Ludata_bank20              udata_bank20 000000
__Ludata_bank5               udata_bank5  000000
__Ludata_bank6               udata_bank6  000000
__Ludata_bank7               udata_bank7  000000
__Ludata_bank8               udata_bank8  000000
__Ludata_bank9               udata_bank9  000000
__S0                         (abs)        000000
__S1                         (abs)        000000
__S3                         (abs)        000000
isa$std                      (abs)        000001
isa$xinst                    (abs)        000000
