GCASM List File (GCBASIC 2025.11.12 (Windows 64 bit) : Build 1527)

Symbols:
A 	EQU 	0
ABDEN 	EQU 	0
ABDOVF 	EQU 	7
ACC0 	EQU 	0
ACC1 	EQU 	1
ACC10 	EQU 	2
ACC11 	EQU 	3
ACC12 	EQU 	4
ACC13 	EQU 	5
ACC14 	EQU 	6
ACC15 	EQU 	7
ACC16 	EQU 	0
ACC17 	EQU 	1
ACC18 	EQU 	2
ACC19 	EQU 	3
ACC2 	EQU 	2
ACC3 	EQU 	3
ACC4 	EQU 	4
ACC5 	EQU 	5
ACC6 	EQU 	6
ACC7 	EQU 	7
ACC8 	EQU 	0
ACC9 	EQU 	1
ACCESS 	EQU 	0
ACCM 	EQU 	4
ACCMOD 	EQU 	4
ACKDT 	EQU 	5
ACKDT1 	EQU 	5
ACKDT2 	EQU 	5
ACKEN 	EQU 	4
ACKEN1 	EQU 	4
ACKEN2 	EQU 	4
ACKSTAT 	EQU 	6
ACKSTAT1 	EQU 	6
ACKSTAT2 	EQU 	6
ACKTIM 	EQU 	7
ACLR 	EQU 	3
ACQ0 	EQU 	0
ACQ1 	EQU 	1
ACQ10 	EQU 	2
ACQ11 	EQU 	3
ACQ12 	EQU 	4
ACQ2 	EQU 	2
ACQ3 	EQU 	3
ACQ4 	EQU 	4
ACQ5 	EQU 	5
ACQ6 	EQU 	6
ACQ7 	EQU 	7
ACQ8 	EQU 	0
ACQ9 	EQU 	1
ACT0 	EQU 	0
ACT1 	EQU 	1
ACT2 	EQU 	2
ACT3 	EQU 	3
ACT4 	EQU 	4
ACT5 	EQU 	5
ACTCON 	EQU 	660
ACTEN 	EQU 	7
ACTIE 	EQU 	3
ACTIF 	EQU 	3
ACTLOCK 	EQU 	3
ACTMD 	EQU 	4
ACTORS 	EQU 	1
ACTUD 	EQU 	6
ADACC 	EQU 	7446
ADACC0 	EQU 	0
ADACC1 	EQU 	1
ADACC10 	EQU 	2
ADACC11 	EQU 	3
ADACC12 	EQU 	4
ADACC13 	EQU 	5
ADACC14 	EQU 	6
ADACC15 	EQU 	7
ADACC16 	EQU 	0
ADACC17 	EQU 	1
ADACC2 	EQU 	2
ADACC3 	EQU 	3
ADACC4 	EQU 	4
ADACC5 	EQU 	5
ADACC6 	EQU 	6
ADACC7 	EQU 	7
ADACC8 	EQU 	0
ADACC9 	EQU 	1
ADACCH 	EQU 	7447
ADACCH_ACC10 	EQU 	2
ADACCH_ACC11 	EQU 	3
ADACCH_ACC12 	EQU 	4
ADACCH_ACC13 	EQU 	5
ADACCH_ACC14 	EQU 	6
ADACCH_ACC15 	EQU 	7
ADACCH_ACC8 	EQU 	0
ADACCH_ACC9 	EQU 	1
ADACCL 	EQU 	7446
ADACCU 	EQU 	7448
ADACCU_ACC16 	EQU 	0
ADACCU_ACC17 	EQU 	1
ADACC_ACC0 	EQU 	0
ADACC_ACC1 	EQU 	1
ADACC_ACC2 	EQU 	2
ADACC_ACC3 	EQU 	3
ADACC_ACC4 	EQU 	4
ADACC_ACC5 	EQU 	5
ADACC_ACC6 	EQU 	6
ADACC_ACC7 	EQU 	7
ADACLR 	EQU 	3
ADACQ 	EQU 	7457
ADACQ0 	EQU 	0
ADACQ1 	EQU 	1
ADACQ10 	EQU 	2
ADACQ11 	EQU 	3
ADACQ12 	EQU 	4
ADACQ2 	EQU 	2
ADACQ3 	EQU 	3
ADACQ4 	EQU 	4
ADACQ5 	EQU 	5
ADACQ6 	EQU 	6
ADACQ7 	EQU 	7
ADACQ8 	EQU 	0
ADACQ9 	EQU 	1
ADACQH 	EQU 	7458
ADACQL 	EQU 	7457
ADACT 	EQU 	7468
ADACT0 	EQU 	0
ADACT1 	EQU 	1
ADACT2 	EQU 	2
ADACT3 	EQU 	3
ADACT4 	EQU 	4
ADACT5 	EQU 	5
ADACTPPS 	EQU 	7760
ADAOV 	EQU 	7
ADCA 	EQU 	6
ADCALC0 	EQU 	4
ADCALC1 	EQU 	5
ADCALC2 	EQU 	6
ADCAP 	EQU 	7459
ADCAP0 	EQU 	0
ADCAP1 	EQU 	1
ADCAP2 	EQU 	2
ADCAP3 	EQU 	3
ADCAP4 	EQU 	4
ADCD 	EQU 	5
ADCG1A 	EQU 	7470
ADCG1B 	EQU 	7471
ADCG1C 	EQU 	7472
ADCLK 	EQU 	7469
ADCLK_CS3 	EQU 	3
ADCLK_CS4 	EQU 	4
ADCMD 	EQU 	0
ADCNT 	EQU 	7449
ADCNT0 	EQU 	0
ADCNT1 	EQU 	1
ADCNT2 	EQU 	2
ADCNT3 	EQU 	3
ADCNT4 	EQU 	4
ADCNT5 	EQU 	5
ADCNT6 	EQU 	6
ADCNT7 	EQU 	7
ADCON0 	EQU 	7462
ADCON1 	EQU 	7463
ADCON2 	EQU 	7464
ADCON2_MODE0 	EQU 	0
ADCON2_MODE1 	EQU 	1
ADCON2_MODE2 	EQU 	2
ADCON3 	EQU 	7465
ADCONT 	EQU 	6
ADCRS0 	EQU 	4
ADCRS1 	EQU 	5
ADCRS2 	EQU 	6
ADCS0 	EQU 	0
ADCS1 	EQU 	1
ADCS2 	EQU 	2
ADCS3 	EQU 	3
ADCS4 	EQU 	4
ADCS5 	EQU 	5
ADDEN 	EQU 	3
ADDSEN 	EQU 	0
ADERR 	EQU 	7440
ADERR0 	EQU 	0
ADERR1 	EQU 	1
ADERR10 	EQU 	2
ADERR11 	EQU 	3
ADERR12 	EQU 	4
ADERR13 	EQU 	5
ADERR14 	EQU 	6
ADERR15 	EQU 	7
ADERR2 	EQU 	2
ADERR3 	EQU 	3
ADERR4 	EQU 	4
ADERR5 	EQU 	5
ADERR6 	EQU 	6
ADERR7 	EQU 	7
ADERR8 	EQU 	0
ADERR9 	EQU 	1
ADERRH 	EQU 	7441
ADERRL 	EQU 	7440
ADFLTR 	EQU 	7444
ADFLTR0 	EQU 	0
ADFLTR1 	EQU 	1
ADFLTR10 	EQU 	2
ADFLTR11 	EQU 	3
ADFLTR12 	EQU 	4
ADFLTR13 	EQU 	5
ADFLTR14 	EQU 	6
ADFLTR15 	EQU 	7
ADFLTR2 	EQU 	2
ADFLTR3 	EQU 	3
ADFLTR4 	EQU 	4
ADFLTR5 	EQU 	5
ADFLTR6 	EQU 	6
ADFLTR7 	EQU 	7
ADFLTR8 	EQU 	0
ADFLTR9 	EQU 	1
ADFLTRH 	EQU 	7445
ADFLTRL 	EQU 	7444
ADFM0 	EQU 	2
ADFM1 	EQU 	3
ADFVR0 	EQU 	0
ADFVR1 	EQU 	1
ADGO 	EQU 	0
ADGPOL 	EQU 	5
ADIC 	EQU 	1
ADIE 	EQU 	0
ADIF 	EQU 	0
ADIPEN 	EQU 	6
ADLTH 	EQU 	7436
ADLTH0 	EQU 	0
ADLTH1 	EQU 	1
ADLTH10 	EQU 	2
ADLTH11 	EQU 	3
ADLTH12 	EQU 	4
ADLTH13 	EQU 	5
ADLTH14 	EQU 	6
ADLTH15 	EQU 	7
ADLTH2 	EQU 	2
ADLTH3 	EQU 	3
ADLTH4 	EQU 	4
ADLTH5 	EQU 	5
ADLTH6 	EQU 	6
ADLTH7 	EQU 	7
ADLTH8 	EQU 	0
ADLTH9 	EQU 	1
ADLTHH 	EQU 	7437
ADLTHL 	EQU 	7436
ADLTHR 	EQU 	5
ADMATH 	EQU 	4
ADMD0 	EQU 	0
ADMD1 	EQU 	1
ADMD2 	EQU 	2
ADMSK1 	EQU 	1
ADMSK11 	EQU 	1
ADMSK12 	EQU 	1
ADMSK2 	EQU 	2
ADMSK21 	EQU 	2
ADMSK22 	EQU 	2
ADMSK3 	EQU 	3
ADMSK31 	EQU 	3
ADMSK32 	EQU 	3
ADMSK4 	EQU 	4
ADMSK41 	EQU 	4
ADMSK42 	EQU 	4
ADMSK5 	EQU 	5
ADMSK51 	EQU 	5
ADMSK52 	EQU 	5
ADNCH 	EQU 	7456
ADNCH_NCH0 	EQU 	0
ADNCH_NCH1 	EQU 	1
ADNCH_NCH2 	EQU 	2
ADNCH_NCH3 	EQU 	3
ADNREF0 	EQU 	4
ADOEN 	EQU 	2
ADON 	EQU 	7
ADOR 	EQU 	2
ADOSC0 	EQU 	6
ADOSC1 	EQU 	7
ADOV 	EQU 	7
ADPCH 	EQU 	7455
ADPCH_PCH0 	EQU 	0
ADPCH_PCH1 	EQU 	1
ADPCH_PCH2 	EQU 	2
ADPCH_PCH3 	EQU 	3
ADPCSC 	EQU 	1
ADPPOL 	EQU 	7
ADPRE 	EQU 	7460
ADPRE0 	EQU 	0
ADPRE1 	EQU 	1
ADPRE10 	EQU 	2
ADPRE11 	EQU 	3
ADPRE12 	EQU 	4
ADPRE2 	EQU 	2
ADPRE3 	EQU 	3
ADPRE4 	EQU 	4
ADPRE5 	EQU 	5
ADPRE6 	EQU 	6
ADPRE7 	EQU 	7
ADPRE8 	EQU 	0
ADPRE9 	EQU 	1
ADPREF0 	EQU 	0
ADPREF1 	EQU 	1
ADPREH 	EQU 	7461
ADPREL 	EQU 	7460
ADPREV 	EQU 	7451
ADPREV0 	EQU 	0
ADPREV1 	EQU 	1
ADPREV10 	EQU 	2
ADPREV11 	EQU 	3
ADPREV12 	EQU 	4
ADPREV13 	EQU 	5
ADPREV14 	EQU 	6
ADPREV15 	EQU 	7
ADPREV2 	EQU 	2
ADPREV3 	EQU 	3
ADPREV4 	EQU 	4
ADPREV5 	EQU 	5
ADPREV6 	EQU 	6
ADPREV7 	EQU 	7
ADPREV8 	EQU 	0
ADPREV9 	EQU 	1
ADPREVH 	EQU 	7452
ADPREVL 	EQU 	7451
ADPSIS 	EQU 	7
ADREF 	EQU 	7467
ADRES 	EQU 	7453
ADRES0 	EQU 	0
ADRES1 	EQU 	1
ADRES10 	EQU 	2
ADRES11 	EQU 	3
ADRES12 	EQU 	4
ADRES13 	EQU 	5
ADRES14 	EQU 	6
ADRES15 	EQU 	7
ADRES2 	EQU 	2
ADRES3 	EQU 	3
ADRES4 	EQU 	4
ADRES5 	EQU 	5
ADRES6 	EQU 	6
ADRES7 	EQU 	7
ADRES8 	EQU 	0
ADRES9 	EQU 	1
ADRESH 	EQU 	7454
ADRESL 	EQU 	7453
ADRPT 	EQU 	7450
ADRPT0 	EQU 	0
ADRPT1 	EQU 	1
ADRPT2 	EQU 	2
ADRPT3 	EQU 	3
ADRPT4 	EQU 	4
ADRPT5 	EQU 	5
ADRPT6 	EQU 	6
ADRPT7 	EQU 	7
ADSOI 	EQU 	3
ADSTAT 	EQU 	7466
ADSTAT0 	EQU 	0
ADSTAT1 	EQU 	1
ADSTAT2 	EQU 	2
ADSTPT 	EQU 	7442
ADSTPT0 	EQU 	0
ADSTPT1 	EQU 	1
ADSTPT10 	EQU 	2
ADSTPT11 	EQU 	3
ADSTPT12 	EQU 	4
ADSTPT13 	EQU 	5
ADSTPT14 	EQU 	6
ADSTPT15 	EQU 	7
ADSTPT2 	EQU 	2
ADSTPT3 	EQU 	3
ADSTPT4 	EQU 	4
ADSTPT5 	EQU 	5
ADSTPT6 	EQU 	6
ADSTPT7 	EQU 	7
ADSTPT8 	EQU 	0
ADSTPT9 	EQU 	1
ADSTPTH 	EQU 	7443
ADSTPTL 	EQU 	7442
ADTIE 	EQU 	1
ADTIF 	EQU 	1
ADTMD0 	EQU 	0
ADTMD1 	EQU 	1
ADTMD2 	EQU 	2
ADUTH 	EQU 	7438
ADUTH0 	EQU 	0
ADUTH1 	EQU 	1
ADUTH10 	EQU 	2
ADUTH11 	EQU 	3
ADUTH12 	EQU 	4
ADUTH13 	EQU 	5
ADUTH14 	EQU 	6
ADUTH15 	EQU 	7
ADUTH2 	EQU 	2
ADUTH3 	EQU 	3
ADUTH4 	EQU 	4
ADUTH5 	EQU 	5
ADUTH6 	EQU 	6
ADUTH7 	EQU 	7
ADUTH8 	EQU 	0
ADUTH9 	EQU 	1
ADUTHH 	EQU 	7439
ADUTHL 	EQU 	7438
ADUTHR 	EQU 	6
AHEN 	EQU 	1
ANSA0 	EQU 	0
ANSA1 	EQU 	1
ANSA2 	EQU 	2
ANSA3 	EQU 	3
ANSA4 	EQU 	4
ANSA5 	EQU 	5
ANSA6 	EQU 	6
ANSA7 	EQU 	7
ANSB0 	EQU 	0
ANSB1 	EQU 	1
ANSB2 	EQU 	2
ANSB3 	EQU 	3
ANSB4 	EQU 	4
ANSB5 	EQU 	5
ANSB6 	EQU 	6
ANSB7 	EQU 	7
ANSC0 	EQU 	0
ANSC1 	EQU 	1
ANSC2 	EQU 	2
ANSC3 	EQU 	3
ANSC4 	EQU 	4
ANSC5 	EQU 	5
ANSC6 	EQU 	6
ANSC7 	EQU 	7
ANSELA 	EQU 	7820
ANSELA0 	EQU 	0
ANSELA1 	EQU 	1
ANSELA2 	EQU 	2
ANSELA3 	EQU 	3
ANSELA4 	EQU 	4
ANSELA5 	EQU 	5
ANSELA6 	EQU 	6
ANSELA7 	EQU 	7
ANSELB 	EQU 	7830
ANSELB0 	EQU 	0
ANSELB1 	EQU 	1
ANSELB2 	EQU 	2
ANSELB3 	EQU 	3
ANSELB4 	EQU 	4
ANSELB5 	EQU 	5
ANSELB6 	EQU 	6
ANSELB7 	EQU 	7
ANSELC 	EQU 	7840
ANSELC0 	EQU 	0
ANSELC1 	EQU 	1
ANSELC2 	EQU 	2
ANSELC3 	EQU 	3
ANSELC4 	EQU 	4
ANSELC5 	EQU 	5
ANSELC6 	EQU 	6
ANSELC7 	EQU 	7
AOV 	EQU 	7
APMCLK 	EQU 	8040
APMCLK0 	EQU 	0
APMCLK1 	EQU 	1
APMCLK2 	EQU 	2
APMCLK3 	EQU 	3
APMCLK4 	EQU 	4
APMCLK5 	EQU 	5
APMCLK6 	EQU 	6
APMCLK7 	EQU 	7
APMCLKPPS 	EQU 	7767
APMCLK_CLK0 	EQU 	0
APMCLK_CLK1 	EQU 	1
APMCLK_CLK2 	EQU 	2
APMCLK_CLK3 	EQU 	3
APMCLK_CLK4 	EQU 	4
APMCLK_CLK5 	EQU 	5
APMCLK_CLK6 	EQU 	6
APMCLK_CLK7 	EQU 	7
APMCON 	EQU 	8012
APMCON_EN 	EQU 	7
APMEN 	EQU 	7
APMEND1 	EQU 	8028
APMEND1H 	EQU 	8029
APMEND1L 	EQU 	8028
APMEND1U 	EQU 	8030
APMEND2 	EQU 	8034
APMEND2H 	EQU 	8035
APMEND2L 	EQU 	8034
APMEND2U 	EQU 	8036
APMMD 	EQU 	2
APMPER 	EQU 	8015
APMPER0 	EQU 	0
APMPER1 	EQU 	1
APMPER10 	EQU 	2
APMPER11 	EQU 	3
APMPER12 	EQU 	4
APMPER13 	EQU 	5
APMPER14 	EQU 	6
APMPER15 	EQU 	7
APMPER2 	EQU 	2
APMPER3 	EQU 	3
APMPER4 	EQU 	4
APMPER5 	EQU 	5
APMPER6 	EQU 	6
APMPER7 	EQU 	7
APMPER8 	EQU 	0
APMPER9 	EQU 	1
APMPERE1 	EQU 	8031
APMPERE1H 	EQU 	8032
APMPERE1H_CMP1 	EQU 	5
APMPERE1H_CMPLP1 	EQU 	6
APMPERE1H_DAC1 	EQU 	2
APMPERE1H_DAC2 	EQU 	3
APMPERE1H_OPA1 	EQU 	0
APMPERE1H_OPA2 	EQU 	1
APMPERE1H_ZCD 	EQU 	7
APMPERE1L 	EQU 	8031
APMPERE1U 	EQU 	8033
APMPERE1U_OPA3 	EQU 	0
APMPERE1U_VREFLP 	EQU 	7
APMPERE1U_VREFLPDAC 	EQU 	6
APMPERE1_10 	EQU 	2
APMPERE1_11 	EQU 	3
APMPERE1_13 	EQU 	5
APMPERE1_14 	EQU 	6
APMPERE1_15 	EQU 	7
APMPERE1_2 	EQU 	2
APMPERE1_3 	EQU 	3
APMPERE1_4 	EQU 	4
APMPERE1_5 	EQU 	5
APMPERE1_6 	EQU 	6
APMPERE1_7 	EQU 	7
APMPERE1_8 	EQU 	0
APMPERE1_9 	EQU 	1
APMPERE1_ADCA 	EQU 	6
APMPERE1_ADCD 	EQU 	5
APMPERE1_BG 	EQU 	2
APMPERE1_FVR1 	EQU 	3
APMPERE1_FVR2 	EQU 	4
APMPERE1_POSC 	EQU 	1
APMPERE1_SOSC 	EQU 	0
APMPERE1_TEMP 	EQU 	7
APMPERE2 	EQU 	8037
APMPERE2H 	EQU 	8038
APMPERE2H_CMP1 	EQU 	5
APMPERE2H_CMPLP1 	EQU 	6
APMPERE2H_DAC1 	EQU 	2
APMPERE2H_DAC2 	EQU 	3
APMPERE2H_OPA1 	EQU 	0
APMPERE2H_OPA2 	EQU 	1
APMPERE2H_ZCD 	EQU 	7
APMPERE2L 	EQU 	8037
APMPERE2U 	EQU 	8039
APMPERE2U_OPA3 	EQU 	0
APMPERE2U_VREFLP 	EQU 	7
APMPERE2U_VREFLPDAC 	EQU 	6
APMPERE2_10 	EQU 	2
APMPERE2_11 	EQU 	3
APMPERE2_13 	EQU 	5
APMPERE2_14 	EQU 	6
APMPERE2_15 	EQU 	7
APMPERE2_2 	EQU 	2
APMPERE2_3 	EQU 	3
APMPERE2_4 	EQU 	4
APMPERE2_5 	EQU 	5
APMPERE2_6 	EQU 	6
APMPERE2_7 	EQU 	7
APMPERE2_8 	EQU 	0
APMPERE2_9 	EQU 	1
APMPERE2_ADCA 	EQU 	6
APMPERE2_ADCD 	EQU 	5
APMPERE2_BG 	EQU 	2
APMPERE2_FVR1 	EQU 	3
APMPERE2_FVR2 	EQU 	4
APMPERE2_POSC 	EQU 	1
APMPERE2_SOSC 	EQU 	0
APMPERE2_TEMP 	EQU 	7
APMPERH 	EQU 	8016
APMPERL 	EQU 	8015
APMPERS1 	EQU 	8019
APMPERS1H 	EQU 	8020
APMPERS1L 	EQU 	8019
APMPERS1U 	EQU 	8021
APMPERS2 	EQU 	8025
APMPERS2H 	EQU 	8026
APMPERS2H_CMP1 	EQU 	5
APMPERS2H_CMPLP1 	EQU 	6
APMPERS2H_DAC1 	EQU 	2
APMPERS2H_DAC2 	EQU 	3
APMPERS2H_OPA1 	EQU 	0
APMPERS2H_OPA2 	EQU 	1
APMPERS2H_ZCD 	EQU 	7
APMPERS2L 	EQU 	8025
APMPERS2U 	EQU 	8027
APMPERS2U_OPA3 	EQU 	0
APMPERS2U_VREFLP 	EQU 	7
APMPERS2U_VREFLPDAC 	EQU 	6
APMPERS2_ADCA 	EQU 	6
APMPERS2_ADCD 	EQU 	5
APMPERS2_BG 	EQU 	2
APMPERS2_FVR1 	EQU 	3
APMPERS2_FVR2 	EQU 	4
APMPERS2_POSC 	EQU 	1
APMPERS2_SOSC 	EQU 	0
APMPERS2_TEMP 	EQU 	7
APMPRE 	EQU 	8013
APMPRE0 	EQU 	0
APMPRE1 	EQU 	1
APMPRE10 	EQU 	2
APMPRE11 	EQU 	3
APMPRE12 	EQU 	4
APMPRE13 	EQU 	5
APMPRE14 	EQU 	6
APMPRE15 	EQU 	7
APMPRE2 	EQU 	2
APMPRE3 	EQU 	3
APMPRE4 	EQU 	4
APMPRE5 	EQU 	5
APMPRE6 	EQU 	6
APMPRE7 	EQU 	7
APMPRE8 	EQU 	0
APMPRE9 	EQU 	1
APMPREH 	EQU 	8014
APMPREH_PRE10 	EQU 	2
APMPREH_PRE11 	EQU 	3
APMPREH_PRE12 	EQU 	4
APMPREH_PRE8 	EQU 	0
APMPREH_PRE9 	EQU 	1
APMPREL 	EQU 	8013
APMPRE_PRE0 	EQU 	0
APMPRE_PRE1 	EQU 	1
APMPRE_PRE2 	EQU 	2
APMPRE_PRE3 	EQU 	3
APMPRE_PRE4 	EQU 	4
APMPRE_PRE5 	EQU 	5
APMPRE_PRE6 	EQU 	6
APMPRE_PRE7 	EQU 	7
APMSTART1 	EQU 	8017
APMSTART1H 	EQU 	8018
APMSTART1L 	EQU 	8017
APMSTART2 	EQU 	8022
APMSTART2H 	EQU 	8023
APMSTART2L 	EQU 	8022
APMSTART2U 	EQU 	8024
APMSTATUS 	EQU 	8041
APMSTATUSH 	EQU 	8042
APMSTATUSH_CMP1 	EQU 	5
APMSTATUSH_CMPLP1 	EQU 	6
APMSTATUSH_DAC1 	EQU 	2
APMSTATUSH_DAC2 	EQU 	3
APMSTATUSH_OPA1 	EQU 	0
APMSTATUSH_OPA2 	EQU 	1
APMSTATUSH_ZCD 	EQU 	7
APMSTATUSL 	EQU 	8041
APMSTATUSU 	EQU 	8043
APMSTATUSU_OPA3 	EQU 	0
APMSTATUSU_VREFLP 	EQU 	7
APMSTATUSU_VREFLPDAC 	EQU 	6
APMSTATUS_10 	EQU 	2
APMSTATUS_11 	EQU 	3
APMSTATUS_13 	EQU 	5
APMSTATUS_14 	EQU 	6
APMSTATUS_15 	EQU 	7
APMSTATUS_2 	EQU 	2
APMSTATUS_3 	EQU 	3
APMSTATUS_4 	EQU 	4
APMSTATUS_5 	EQU 	5
APMSTATUS_6 	EQU 	6
APMSTATUS_7 	EQU 	7
APMSTATUS_8 	EQU 	0
APMSTATUS_9 	EQU 	1
APMSTATUS_ADCA 	EQU 	6
APMSTATUS_ADCD 	EQU 	5
APMSTATUS_BG 	EQU 	2
APMSTATUS_FVR1 	EQU 	3
APMSTATUS_FVR2 	EQU 	4
APMSTATUS_POSC 	EQU 	1
APMSTATUS_SOSC 	EQU 	0
APMSTATUS_TEMP 	EQU 	7
AS0E 	EQU 	0
AS1E 	EQU 	1
AS2E 	EQU 	2
AS3E 	EQU 	3
AS4E 	EQU 	4
AS5E 	EQU 	5
AS6E 	EQU 	6
AS7E 	EQU 	7
ASYNC 	EQU 	4
B 	EQU 	1
BANKED 	EQU 	1
BASPROGRAMEND 	EQU 	8
BASPROGRAMSTART 	EQU 	5
BAUD1CON 	EQU 	1810
BAUD2CON 	EQU 	1820
BAUD2CON_ABDEN 	EQU 	0
BAUD2CON_ABDOVF 	EQU 	7
BAUD2CON_BRG16 	EQU 	3
BAUD2CON_RCIDL 	EQU 	6
BAUD2CON_SCKP 	EQU 	4
BAUD2CON_WUE 	EQU 	1
BCL1IE 	EQU 	3
BCL1IF 	EQU 	3
BCL2IE 	EQU 	5
BCL2IF 	EQU 	5
BF 	EQU 	0
BF1 	EQU 	0
BF2 	EQU 	0
BG 	EQU 	2
BOEN 	EQU 	4
BORCON 	EQU 	401
BORRDY 	EQU 	0
BRG16 	EQU 	3
BRGH 	EQU 	2
BSR 	EQU 	8
BSR0 	EQU 	0
BSR1 	EQU 	1
BSR2 	EQU 	2
BSR3 	EQU 	3
BSR4 	EQU 	4
BSR5 	EQU 	5
BSR_SHAD 	EQU 	8166
BUSY 	EQU 	5
C 	EQU 	0
C1EN 	EQU 	7
C1HYS0 	EQU 	1
C1HYS1 	EQU 	2
C1INTN 	EQU 	0
C1INTP 	EQU 	1
C1NCH0 	EQU 	0
C1NCH1 	EQU 	1
C1NCH2 	EQU 	2
C1OUT_CM1CON0 	EQU 	6
C1OUT_CMOUT 	EQU 	0
C1PCH0 	EQU 	0
C1PCH1 	EQU 	1
C1PCH2 	EQU 	2
C1POL 	EQU 	4
C1RDY 	EQU 	7
C1SP0 	EQU 	2
C1SYNC 	EQU 	0
CAL01 	EQU 	0
CAL03 	EQU 	0
CAL11 	EQU 	1
CAL13 	EQU 	1
CAL21 	EQU 	2
CAL23 	EQU 	2
CAL31 	EQU 	3
CAL33 	EQU 	3
CAL41 	EQU 	4
CAL43 	EQU 	4
CAL51 	EQU 	5
CAL53 	EQU 	5
CAL61 	EQU 	6
CAL63 	EQU 	6
CAL71 	EQU 	7
CAL73 	EQU 	7
CALC0 	EQU 	4
CALC1 	EQU 	5
CALC2 	EQU 	6
CARRY 	EQU 	0
CCP1CAP 	EQU 	1039
CCP1CON 	EQU 	1038
CCP1CTS0 	EQU 	0
CCP1CTS1 	EQU 	1
CCP1CTS2 	EQU 	2
CCP1CTS3 	EQU 	3
CCP1EN 	EQU 	7
CCP1FMT 	EQU 	4
CCP1IE 	EQU 	5
CCP1IF 	EQU 	5
CCP1MD 	EQU 	5
CCP1MODE0 	EQU 	0
CCP1MODE1 	EQU 	1
CCP1MODE2 	EQU 	2
CCP1MODE3 	EQU 	3
CCP1OUT 	EQU 	5
CCP1PPS 	EQU 	7710
CCP1PPS0 	EQU 	0
CCP1PPS1 	EQU 	1
CCP1PPS2 	EQU 	2
CCP1PPS3 	EQU 	3
CCP1PPS4 	EQU 	4
CCP1PPS5 	EQU 	5
CCP2CAP 	EQU 	1043
CCP2CAP_CTS0 	EQU 	0
CCP2CAP_CTS1 	EQU 	1
CCP2CAP_CTS2 	EQU 	2
CCP2CAP_CTS3 	EQU 	3
CCP2CON 	EQU 	1042
CCP2CON_EN 	EQU 	7
CCP2CON_FMT 	EQU 	4
CCP2CON_MODE0 	EQU 	0
CCP2CON_MODE1 	EQU 	1
CCP2CON_MODE2 	EQU 	2
CCP2CON_MODE3 	EQU 	3
CCP2CTS0 	EQU 	0
CCP2CTS1 	EQU 	1
CCP2CTS2 	EQU 	2
CCP2CTS3 	EQU 	3
CCP2EN 	EQU 	7
CCP2FMT 	EQU 	4
CCP2IE 	EQU 	6
CCP2IF 	EQU 	6
CCP2MD 	EQU 	6
CCP2MODE0 	EQU 	0
CCP2MODE1 	EQU 	1
CCP2MODE2 	EQU 	2
CCP2MODE3 	EQU 	3
CCP2OUT 	EQU 	5
CCP2PPS 	EQU 	7711
CCP2PPS0 	EQU 	0
CCP2PPS1 	EQU 	1
CCP2PPS2 	EQU 	2
CCP2PPS3 	EQU 	3
CCP2PPS4 	EQU 	4
CCP2PPS5 	EQU 	5
CCPR1 	EQU 	1036
CCPR1H 	EQU 	1037
CCPR1L 	EQU 	1036
CCPR2 	EQU 	1040
CCPR2H 	EQU 	1041
CCPR2L 	EQU 	1040
CCPTMRS0 	EQU 	1055
CDAFVR0 	EQU 	2
CDAFVR1 	EQU 	3
CDIV0 	EQU 	0
CDIV1 	EQU 	1
CDIV2 	EQU 	2
CDIV3 	EQU 	3
CGA0 	EQU 	0
CGA1 	EQU 	1
CGA2 	EQU 	2
CGA3 	EQU 	3
CGA4 	EQU 	4
CGA5 	EQU 	5
CGA6 	EQU 	6
CGA7 	EQU 	7
CGB0 	EQU 	0
CGB1 	EQU 	1
CGB2 	EQU 	2
CGB3 	EQU 	3
CGB4 	EQU 	4
CGB5 	EQU 	5
CGB6 	EQU 	6
CGB7 	EQU 	7
CGC0 	EQU 	0
CGC1 	EQU 	1
CGC2 	EQU 	2
CGC3 	EQU 	3
CGC4 	EQU 	4
CGC5 	EQU 	5
CGC6 	EQU 	6
CGC7 	EQU 	7
CHS0 	EQU 	2
CHS1 	EQU 	3
CHS2 	EQU 	4
CHS3 	EQU 	5
CHS4 	EQU 	6
CK1PPS 	EQU 	7745
CK2PPS 	EQU 	7747
CKE 	EQU 	6
CKE1 	EQU 	6
CKE2 	EQU 	6
CKP 	EQU 	4
CKP1 	EQU 	4
CKP2 	EQU 	4
CKPOL 	EQU 	6
CKPS0_T0CON1 	EQU 	0
CKPS0_T1CON 	EQU 	4
CKPS0_T2CON 	EQU 	4
CKPS0_T3CON 	EQU 	4
CKPS0_T4CON 	EQU 	4
CKPS0_T6CON 	EQU 	4
CKPS1_T0CON1 	EQU 	1
CKPS1_T1CON 	EQU 	5
CKPS1_T2CON 	EQU 	5
CKPS1_T3CON 	EQU 	5
CKPS1_T4CON 	EQU 	5
CKPS1_T6CON 	EQU 	5
CKPS2_T0CON1 	EQU 	2
CKPS2_T2CON 	EQU 	6
CKPS2_T4CON 	EQU 	6
CKPS2_T6CON 	EQU 	6
CKPS3 	EQU 	3
CKS0 	EQU 	0
CKS1 	EQU 	1
CKS2 	EQU 	2
CKS3 	EQU 	3
CKSYNC 	EQU 	5
CLC1IE 	EQU 	2
CLC1IF 	EQU 	2
CLC1MD 	EQU 	3
CLC1OUT 	EQU 	0
CLC2IE 	EQU 	3
CLC2IF 	EQU 	3
CLC2MD 	EQU 	4
CLC2OUT 	EQU 	1
CLC3IE 	EQU 	4
CLC3IF 	EQU 	4
CLC3MD 	EQU 	5
CLC3OUT 	EQU 	2
CLC4IE 	EQU 	5
CLC4IF 	EQU 	5
CLC4MD 	EQU 	6
CLC4OUT 	EQU 	3
CLCDATA 	EQU 	1687
CLCIN0PPS 	EQU 	7741
CLCIN0PPS0 	EQU 	0
CLCIN0PPS1 	EQU 	1
CLCIN0PPS2 	EQU 	2
CLCIN0PPS3 	EQU 	3
CLCIN0PPS4 	EQU 	4
CLCIN0PPS5 	EQU 	5
CLCIN1PPS 	EQU 	7742
CLCIN1PPS0 	EQU 	0
CLCIN1PPS1 	EQU 	1
CLCIN1PPS2 	EQU 	2
CLCIN1PPS3 	EQU 	3
CLCIN1PPS4 	EQU 	4
CLCIN1PPS5 	EQU 	5
CLCIN2PPS 	EQU 	7743
CLCIN2PPS0 	EQU 	0
CLCIN2PPS1 	EQU 	1
CLCIN2PPS2 	EQU 	2
CLCIN2PPS3 	EQU 	3
CLCIN2PPS4 	EQU 	4
CLCIN2PPS5 	EQU 	5
CLCIN3PPS 	EQU 	7744
CLCIN3PPS0 	EQU 	0
CLCIN3PPS1 	EQU 	1
CLCIN3PPS2 	EQU 	2
CLCIN3PPS3 	EQU 	3
CLCIN3PPS4 	EQU 	4
CLCIN3PPS5 	EQU 	5
CLCNCON 	EQU 	1676
CLCNCON_EN 	EQU 	7
CLCNCON_MODE0 	EQU 	0
CLCNCON_MODE1 	EQU 	1
CLCNCON_MODE2 	EQU 	2
CLCNGLS0 	EQU 	1682
CLCNGLS1 	EQU 	1683
CLCNGLS2 	EQU 	1684
CLCNGLS3 	EQU 	1685
CLCNPOL 	EQU 	1677
CLCNSEL0 	EQU 	1678
CLCNSEL1 	EQU 	1679
CLCNSEL2 	EQU 	1680
CLCNSEL3 	EQU 	1681
CLCSELECT 	EQU 	1686
CLK0 	EQU 	0
CLK1 	EQU 	1
CLK2 	EQU 	2
CLK3 	EQU 	3
CLK4 	EQU 	4
CLK5 	EQU 	5
CLK6 	EQU 	6
CLK7 	EQU 	7
CLKEN 	EQU 	0
CLKRCLK 	EQU 	663
CLKRCLK0 	EQU 	0
CLKRCLK1 	EQU 	1
CLKRCLK2 	EQU 	2
CLKRCLK3 	EQU 	3
CLKRCLK_CLK0 	EQU 	0
CLKRCLK_CLK1 	EQU 	1
CLKRCLK_CLK2 	EQU 	2
CLKRCLK_CLK3 	EQU 	3
CLKRCON 	EQU 	662
CLKRCON_EN 	EQU 	7
CLKRDC0 	EQU 	3
CLKRDC1 	EQU 	4
CLKRDIV0 	EQU 	0
CLKRDIV1 	EQU 	1
CLKRDIV2 	EQU 	2
CLKREN 	EQU 	7
CLKRMD 	EQU 	6
CLP1CMR0 	EQU 	4
CLP1CMR1 	EQU 	5
CLP1EN 	EQU 	7
CLP1INTN 	EQU 	0
CLP1INTP 	EQU 	1
CLP1NCH0 	EQU 	0
CLP1NCH1 	EQU 	1
CLP1NCH2 	EQU 	2
CLP1OUT 	EQU 	1
CLP1PCH0 	EQU 	0
CLP1PCH1 	EQU 	1
CLP1PCH2 	EQU 	2
CLP1POL 	EQU 	4
CLP1SYNC 	EQU 	0
CM1CON0 	EQU 	2060
CM1CON0_EN 	EQU 	7
CM1CON1 	EQU 	2061
CM1IE 	EQU 	6
CM1IF 	EQU 	6
CM1MD 	EQU 	6
CM1NCH 	EQU 	2062
CM1NCH_NCH0 	EQU 	0
CM1NCH_NCH1 	EQU 	1
CM1NCH_NCH2 	EQU 	2
CM1PCH 	EQU 	2063
CM1PCH_PCH0 	EQU 	0
CM1PCH_PCH1 	EQU 	1
CM1PCH_PCH2 	EQU 	2
CMLP1CON0 	EQU 	2064
CMLP1CON0_CLP1OUT 	EQU 	6
CMLP1CON0_EN 	EQU 	7
CMLP1CON1 	EQU 	2065
CMLP1IE 	EQU 	7
CMLP1IF 	EQU 	7
CMLP1MD 	EQU 	7
CMLP1NCH 	EQU 	2066
CMLP1NCH_NCH0 	EQU 	0
CMLP1NCH_NCH1 	EQU 	1
CMLP1NCH_NCH2 	EQU 	2
CMLP1PCH 	EQU 	2067
CMLP1PCH_PCH0 	EQU 	0
CMLP1PCH_PCH1 	EQU 	1
CMLP1PCH_PCH2 	EQU 	2
CMOUT 	EQU 	2079
CMP1 	EQU 	5
CMPLP1 	EQU 	6
CMR0 	EQU 	4
CMR1 	EQU 	5
CMSTAT 	EQU 	2079
CNT0 	EQU 	0
CNT1 	EQU 	1
CNT2 	EQU 	2
CNT3 	EQU 	3
CNT4 	EQU 	4
CNT5 	EQU 	5
CNT6 	EQU 	6
CNT7 	EQU 	7
CONT 	EQU 	6
COSC0 	EQU 	4
COSC1 	EQU 	5
COSC2 	EQU 	6
CPCON 	EQU 	525
CPOL 	EQU 	4
CPOS 	EQU 	5
CPRDY 	EQU 	0
CPREQ 	EQU 	2
CPT 	EQU 	1
CPUDOZE 	EQU 	652
CRCBUSY 	EQU 	5
CRCCON0 	EQU 	7330
CRCCON0_BUSY 	EQU 	5
CRCCON0_EN 	EQU 	7
CRCCON1 	EQU 	7331
CRCCON2 	EQU 	7332
CRCDATA 	EQU 	7322
CRCDATAH 	EQU 	7323
CRCDATAL 	EQU 	7322
CRCDATAT 	EQU 	7325
CRCDATAU 	EQU 	7324
CRCEN 	EQU 	7
CRCGO 	EQU 	6
CRCIE 	EQU 	1
CRCIF 	EQU 	1
CRCMD 	EQU 	1
CRCOUT 	EQU 	7326
CRCOUTH 	EQU 	7327
CRCOUTL 	EQU 	7326
CRCOUTT 	EQU 	7329
CRCOUTU 	EQU 	7328
CRCSHFT 	EQU 	7326
CRCSHFTH 	EQU 	7327
CRCSHFTL 	EQU 	7326
CRCSHFTT 	EQU 	7329
CRCSHFTU 	EQU 	7328
CRCSHIFTH 	EQU 	7327
CRCSHIFTL 	EQU 	7326
CRCSHIFTT 	EQU 	7329
CRCSHIFTU 	EQU 	7328
CRCXOR 	EQU 	7326
CRCXORH 	EQU 	7327
CRCXORL 	EQU 	7326
CRCXORT 	EQU 	7329
CRCXORU 	EQU 	7328
CREN 	EQU 	4
CRS0 	EQU 	4
CRS1 	EQU 	5
CRS2 	EQU 	6
CS 	EQU 	0
CS0_ADCLK 	EQU 	0
CS0_T0CON1 	EQU 	5
CS0_T1CLK 	EQU 	0
CS0_T2CLKCON 	EQU 	0
CS0_T3CLK 	EQU 	0
CS0_T4CLKCON 	EQU 	0
CS0_T6CLKCON 	EQU 	0
CS0_WDTCON1 	EQU 	4
CS1_ADCLK 	EQU 	1
CS1_T0CON1 	EQU 	6
CS1_T1CLK 	EQU 	1
CS1_T2CLKCON 	EQU 	1
CS1_T3CLK 	EQU 	1
CS1_T4CLKCON 	EQU 	1
CS1_T6CLKCON 	EQU 	1
CS1_WDTCON1 	EQU 	5
CS2_ADCLK 	EQU 	2
CS2_T0CON1 	EQU 	7
CS2_T1CLK 	EQU 	2
CS2_T2CLKCON 	EQU 	2
CS2_T3CLK 	EQU 	2
CS2_T4CLKCON 	EQU 	2
CS2_T6CLKCON 	EQU 	2
CS2_WDTCON1 	EQU 	6
CS3 	EQU 	3
CS4 	EQU 	4
CS5 	EQU 	5
CSRC 	EQU 	7
CSWHOLD 	EQU 	7
CSWIE 	EQU 	4
CSWIF 	EQU 	4
CSYNC 	EQU 	5
CTS0 	EQU 	0
CTS1 	EQU 	1
CTS2 	EQU 	2
CTS3 	EQU 	3
CWG1AS0 	EQU 	1554
CWG1AS1 	EQU 	1555
CWG1CLK 	EQU 	1548
CWG1CLKCON 	EQU 	1548
CWG1CON0 	EQU 	1552
CWG1CON0_EN 	EQU 	7
CWG1CON0_MODE0 	EQU 	0
CWG1CON0_MODE1 	EQU 	1
CWG1CON0_MODE2 	EQU 	2
CWG1CON1 	EQU 	1553
CWG1CS 	EQU 	0
CWG1DAT 	EQU 	1549
CWG1DBF 	EQU 	1551
CWG1DBF0 	EQU 	0
CWG1DBF1 	EQU 	1
CWG1DBF2 	EQU 	2
CWG1DBF3 	EQU 	3
CWG1DBF4 	EQU 	4
CWG1DBF5 	EQU 	5
CWG1DBR 	EQU 	1550
CWG1DBR0 	EQU 	0
CWG1DBR1 	EQU 	1
CWG1DBR2 	EQU 	2
CWG1DBR3 	EQU 	3
CWG1DBR4 	EQU 	4
CWG1DBR5 	EQU 	5
CWG1EN 	EQU 	7
CWG1IE 	EQU 	1
CWG1IF 	EQU 	1
CWG1IN 	EQU 	5
CWG1ISM 	EQU 	1549
CWG1LD 	EQU 	6
CWG1LSAC0 	EQU 	2
CWG1LSAC1 	EQU 	3
CWG1LSBD0 	EQU 	4
CWG1LSBD1 	EQU 	5
CWG1MD 	EQU 	2
CWG1MODE0 	EQU 	0
CWG1MODE1 	EQU 	1
CWG1MODE2 	EQU 	2
CWG1OVRA 	EQU 	4
CWG1OVRB 	EQU 	5
CWG1OVRC 	EQU 	6
CWG1OVRD 	EQU 	7
CWG1POLA 	EQU 	0
CWG1POLB 	EQU 	1
CWG1POLC 	EQU 	2
CWG1POLD 	EQU 	3
CWG1PPS 	EQU 	7737
CWG1PPS0 	EQU 	0
CWG1PPS1 	EQU 	1
CWG1PPS2 	EQU 	2
CWG1PPS3 	EQU 	3
CWG1PPS4 	EQU 	4
CWG1PPS5 	EQU 	5
CWG1STR 	EQU 	1556
CWG1STRA 	EQU 	0
CWG1STRB 	EQU 	1
CWG1STRC 	EQU 	2
CWG1STRD 	EQU 	3
D 	EQU 	5
D1S0 	EQU 	0
D1S1 	EQU 	1
D1S2 	EQU 	2
D1S3 	EQU 	3
D1S4 	EQU 	4
D1S5 	EQU 	5
D1S6 	EQU 	6
D2S0 	EQU 	0
D2S1 	EQU 	1
D2S2 	EQU 	2
D2S3 	EQU 	3
D2S4 	EQU 	4
D2S5 	EQU 	5
D2S6 	EQU 	6
D3S0 	EQU 	0
D3S1 	EQU 	1
D3S2 	EQU 	2
D3S3 	EQU 	3
D3S4 	EQU 	4
D3S5 	EQU 	5
D3S6 	EQU 	6
D4S0 	EQU 	0
D4S1 	EQU 	1
D4S2 	EQU 	2
D4S3 	EQU 	3
D4S4 	EQU 	4
D4S5 	EQU 	5
D4S6 	EQU 	6
DA 	EQU 	5
DA1 	EQU 	5
DA2 	EQU 	5
DABORT 	EQU 	4
DAC1 	EQU 	2
DAC1CON 	EQU 	2188
DAC1CON_EN 	EQU 	7
DAC1DATH 	EQU 	2190
DAC1DATL 	EQU 	2189
DAC1MD 	EQU 	1
DAC2 	EQU 	3
DAC2CON 	EQU 	2192
DAC2CON_EN 	EQU 	7
DAC2CON_NSS 	EQU 	0
DAC2CON_OE0 	EQU 	4
DAC2CON_OE1 	EQU 	5
DAC2CON_PSS0 	EQU 	2
DAC2CON_PSS1 	EQU 	3
DAC2CON_REFRNG 	EQU 	6
DAC2DATH 	EQU 	2194
DAC2DATL 	EQU 	2193
DAC2MD 	EQU 	2
DAT0 	EQU 	0
DAT1 	EQU 	1
DAT2 	EQU 	2
DAT3 	EQU 	3
DAT4 	EQU 	4
DATA0 	EQU 	0
DATA1 	EQU 	1
DATA10 	EQU 	2
DATA11 	EQU 	3
DATA12 	EQU 	4
DATA13 	EQU 	5
DATA14 	EQU 	6
DATA15 	EQU 	7
DATA16 	EQU 	0
DATA17 	EQU 	1
DATA18 	EQU 	2
DATA19 	EQU 	3
DATA2 	EQU 	2
DATA20 	EQU 	4
DATA21 	EQU 	5
DATA22 	EQU 	6
DATA23 	EQU 	7
DATA24 	EQU 	0
DATA25 	EQU 	1
DATA26 	EQU 	2
DATA27 	EQU 	3
DATA28 	EQU 	4
DATA29 	EQU 	5
DATA3 	EQU 	3
DATA30 	EQU 	6
DATA31 	EQU 	7
DATA4 	EQU 	4
DATA5 	EQU 	5
DATA6 	EQU 	6
DATA7 	EQU 	7
DATA8 	EQU 	0
DATA9 	EQU 	1
DATA_ADDRESS 	EQU 	5
DATA_ADDRESS1 	EQU 	5
DATA_ADDRESS2 	EQU 	5
DBF0 	EQU 	0
DBF1 	EQU 	1
DBF2 	EQU 	2
DBF3 	EQU 	3
DBF4 	EQU 	4
DBF5 	EQU 	5
DBR0 	EQU 	0
DBR1 	EQU 	1
DBR2 	EQU 	2
DBR3 	EQU 	3
DBR4 	EQU 	4
DBR5 	EQU 	5
DC 	EQU 	1
DC0 	EQU 	3
DC1 	EQU 	4
DF0 	EQU 	0
DF1 	EQU 	1
DF2 	EQU 	2
DF3 	EQU 	3
DF4 	EQU 	4
DF5 	EQU 	5
DF6 	EQU 	6
DF7 	EQU 	7
DHEN 	EQU 	0
DIV0 	EQU 	0
DIV1 	EQU 	1
DIV2 	EQU 	2
DLEN0 	EQU 	0
DLEN1 	EQU 	1
DLEN2 	EQU 	2
DLEN3 	EQU 	3
DLEN4 	EQU 	4
DOE 	EQU 	4
DONE 	EQU 	0
DOZE0 	EQU 	0
DOZE1 	EQU 	1
DOZE2 	EQU 	2
DOZEN 	EQU 	6
DSEN 	EQU 	0
D_A 	EQU 	5
D_A1 	EQU 	5
D_A2 	EQU 	5
D_NA 	EQU 	5
D_NA1 	EQU 	5
D_NA2 	EQU 	5
EN 	EQU 	7
ERR0 	EQU 	0
ERR1 	EQU 	1
ERR10 	EQU 	2
ERR11 	EQU 	3
ERR12 	EQU 	4
ERR13 	EQU 	5
ERR14 	EQU 	6
ERR15 	EQU 	7
ERR2 	EQU 	2
ERR3 	EQU 	3
ERR4 	EQU 	4
ERR5 	EQU 	5
ERR6 	EQU 	6
ERR7 	EQU 	7
ERR8 	EQU 	0
ERR9 	EQU 	1
ERS0 	EQU 	0
ERS1 	EQU 	1
ERS2 	EQU 	2
ERS3 	EQU 	3
ERSNOW 	EQU 	0
ERSPOL 	EQU 	1
EXTOEN 	EQU 	7
EXTOR 	EQU 	7
F 	EQU 	1
FERR 	EQU 	2
FLTR0 	EQU 	0
FLTR1 	EQU 	1
FLTR10 	EQU 	2
FLTR11 	EQU 	3
FLTR12 	EQU 	4
FLTR13 	EQU 	5
FLTR14 	EQU 	6
FLTR15 	EQU 	7
FLTR2 	EQU 	2
FLTR3 	EQU 	3
FLTR4 	EQU 	4
FLTR5 	EQU 	5
FLTR6 	EQU 	6
FLTR7 	EQU 	7
FLTR8 	EQU 	0
FLTR9 	EQU 	1
FM0 	EQU 	2
FM1 	EQU 	3
FMS0 	EQU 	6
FMS1 	EQU 	7
FMT 	EQU 	4
FREE 	EQU 	4
FRQ0 	EQU 	0
FRQ1 	EQU 	1
FRQ2 	EQU 	2
FSR0 	EQU 	4
FSR0H 	EQU 	5
FSR0H_SHAD 	EQU 	8169
FSR0L 	EQU 	4
FSR0L_SHAD 	EQU 	8168
FSR0_SHAD 	EQU 	8168
FSR1 	EQU 	6
FSR1H 	EQU 	7
FSR1H_SHAD 	EQU 	8171
FSR1L 	EQU 	6
FSR1L_SHAD 	EQU 	8170
FSR1_SHAD 	EQU 	8170
FULL 	EQU 	0
FVR1 	EQU 	3
FVR2 	EQU 	4
FVRCON 	EQU 	524
FVRCON_EN 	EQU 	7
FVRCON_RDY 	EQU 	6
FVREN 	EQU 	7
FVRMD 	EQU 	5
FVRRDY 	EQU 	6
G1D1N 	EQU 	0
G1D1T 	EQU 	1
G1D2N 	EQU 	2
G1D2T 	EQU 	3
G1D3N 	EQU 	4
G1D3T 	EQU 	5
G1D4N 	EQU 	6
G1D4T 	EQU 	7
G1EN 	EQU 	7
G1POL 	EQU 	0
G2D1N 	EQU 	0
G2D1T 	EQU 	1
G2D2N 	EQU 	2
G2D2T 	EQU 	3
G2D3N 	EQU 	4
G2D3T 	EQU 	5
G2D4N 	EQU 	6
G2D4T 	EQU 	7
G2POL 	EQU 	1
G3D1N 	EQU 	0
G3D1T 	EQU 	1
G3D2N 	EQU 	2
G3D2T 	EQU 	3
G3D3N 	EQU 	4
G3D3T 	EQU 	5
G3D4N 	EQU 	6
G3D4T 	EQU 	7
G3POL 	EQU 	2
G4D1N 	EQU 	0
G4D1T 	EQU 	1
G4D2N 	EQU 	2
G4D2T 	EQU 	3
G4D3N 	EQU 	4
G4D3T 	EQU 	5
G4D4N 	EQU 	6
G4D4T 	EQU 	7
G4POL 	EQU 	3
GCEN 	EQU 	7
GCEN1 	EQU 	7
GCEN2 	EQU 	7
GE 	EQU 	7
GGO_NDONE 	EQU 	3
GIE 	EQU 	7
GO_ADCON0 	EQU 	0
GO_CRCCON0 	EQU 	6
GO_NDONE 	EQU 	0
GPOL 	EQU 	5
GSEL0 	EQU 	4
GSEL1 	EQU 	5
GSEL2 	EQU 	6
GSPM 	EQU 	4
GSS0 	EQU 	0
GSS1 	EQU 	1
GSS2 	EQU 	2
GSS3 	EQU 	3
GSS4 	EQU 	4
GTM 	EQU 	5
GVAL 	EQU 	2
HFOEN 	EQU 	6
HFOR 	EQU 	6
HYS0 	EQU 	1
HYS1 	EQU 	2
I2C_DAT 	EQU 	5
I2C_DAT1 	EQU 	5
I2C_DAT2 	EQU 	5
I2C_READ 	EQU 	2
I2C_READ1 	EQU 	2
I2C_READ2 	EQU 	2
I2C_START 	EQU 	3
I2C_START1 	EQU 	3
I2C_START2 	EQU 	3
I2C_STOP 	EQU 	4
I2C_STOP2 	EQU 	4
IC 	EQU 	1
IDLEN 	EQU 	7
IN 	EQU 	5
IN0 	EQU 	0
IN1 	EQU 	1
IN2 	EQU 	2
IN3 	EQU 	3
INC0 	EQU 	0
INC1 	EQU 	1
INC10 	EQU 	2
INC11 	EQU 	3
INC12 	EQU 	4
INC13 	EQU 	5
INC14 	EQU 	6
INC15 	EQU 	7
INC16 	EQU 	0
INC17 	EQU 	1
INC18 	EQU 	2
INC19 	EQU 	3
INC2 	EQU 	2
INC3 	EQU 	3
INC4 	EQU 	4
INC5 	EQU 	5
INC6 	EQU 	6
INC7 	EQU 	7
INC8 	EQU 	0
INC9 	EQU 	1
INDF0 	EQU 	0
INDF1 	EQU 	1
INITSYS 	EQU 	10
INLVLA 	EQU 	7824
INLVLA0 	EQU 	0
INLVLA1 	EQU 	1
INLVLA2 	EQU 	2
INLVLA3 	EQU 	3
INLVLA4 	EQU 	4
INLVLA5 	EQU 	5
INLVLA6 	EQU 	6
INLVLA7 	EQU 	7
INLVLB 	EQU 	7834
INLVLB0 	EQU 	0
INLVLB1 	EQU 	1
INLVLB2 	EQU 	2
INLVLB3 	EQU 	3
INLVLB4 	EQU 	4
INLVLB5 	EQU 	5
INLVLB6 	EQU 	6
INLVLB7 	EQU 	7
INLVLC 	EQU 	7844
INLVLC0 	EQU 	0
INLVLC1 	EQU 	1
INLVLC2 	EQU 	2
INLVLC3 	EQU 	3
INLVLC4 	EQU 	4
INLVLC5 	EQU 	5
INLVLC6 	EQU 	6
INLVLC7 	EQU 	7
INLVLE 	EQU 	7864
INLVLE3 	EQU 	3
INTCON 	EQU 	11
INTE 	EQU 	0
INTEDG 	EQU 	0
INTF 	EQU 	0
INTM 	EQU 	3
INTN_CLCNCON 	EQU 	3
INTN_CM1CON1 	EQU 	0
INTN_CMLP1CON1 	EQU 	0
INTN_ZCDCON 	EQU 	0
INTPPS 	EQU 	7693
INTPPS0 	EQU 	0
INTPPS1 	EQU 	1
INTPPS2 	EQU 	2
INTPPS3 	EQU 	3
INTPPS4 	EQU 	4
INTPPS5 	EQU 	5
INTPPS6 	EQU 	6
INTP_CLCNCON 	EQU 	4
INTP_CM1CON1 	EQU 	1
INTP_CMLP1CON1 	EQU 	1
INTP_ZCDCON 	EQU 	1
IOCAF 	EQU 	7827
IOCAF0 	EQU 	0
IOCAF1 	EQU 	1
IOCAF2 	EQU 	2
IOCAF3 	EQU 	3
IOCAF4 	EQU 	4
IOCAF5 	EQU 	5
IOCAF6 	EQU 	6
IOCAF7 	EQU 	7
IOCAN 	EQU 	7826
IOCAN0 	EQU 	0
IOCAN1 	EQU 	1
IOCAN2 	EQU 	2
IOCAN3 	EQU 	3
IOCAN4 	EQU 	4
IOCAN5 	EQU 	5
IOCAN6 	EQU 	6
IOCAN7 	EQU 	7
IOCAP 	EQU 	7825
IOCAP0 	EQU 	0
IOCAP1 	EQU 	1
IOCAP2 	EQU 	2
IOCAP3 	EQU 	3
IOCAP4 	EQU 	4
IOCAP5 	EQU 	5
IOCAP6 	EQU 	6
IOCAP7 	EQU 	7
IOCBF 	EQU 	7837
IOCBF0 	EQU 	0
IOCBF1 	EQU 	1
IOCBF2 	EQU 	2
IOCBF3 	EQU 	3
IOCBF4 	EQU 	4
IOCBF5 	EQU 	5
IOCBF6 	EQU 	6
IOCBF7 	EQU 	7
IOCBN 	EQU 	7836
IOCBN0 	EQU 	0
IOCBN1 	EQU 	1
IOCBN2 	EQU 	2
IOCBN3 	EQU 	3
IOCBN4 	EQU 	4
IOCBN5 	EQU 	5
IOCBN6 	EQU 	6
IOCBN7 	EQU 	7
IOCBP 	EQU 	7835
IOCBP0 	EQU 	0
IOCBP1 	EQU 	1
IOCBP2 	EQU 	2
IOCBP3 	EQU 	3
IOCBP4 	EQU 	4
IOCBP5 	EQU 	5
IOCBP6 	EQU 	6
IOCBP7 	EQU 	7
IOCCF 	EQU 	7847
IOCCF0 	EQU 	0
IOCCF1 	EQU 	1
IOCCF2 	EQU 	2
IOCCF3 	EQU 	3
IOCCF4 	EQU 	4
IOCCF5 	EQU 	5
IOCCF6 	EQU 	6
IOCCF7 	EQU 	7
IOCCN 	EQU 	7846
IOCCN0 	EQU 	0
IOCCN1 	EQU 	1
IOCCN2 	EQU 	2
IOCCN3 	EQU 	3
IOCCN4 	EQU 	4
IOCCN5 	EQU 	5
IOCCN6 	EQU 	6
IOCCN7 	EQU 	7
IOCCP 	EQU 	7845
IOCCP0 	EQU 	0
IOCCP1 	EQU 	1
IOCCP2 	EQU 	2
IOCCP3 	EQU 	3
IOCCP4 	EQU 	4
IOCCP5 	EQU 	5
IOCCP6 	EQU 	6
IOCCP7 	EQU 	7
IOCEF 	EQU 	7867
IOCEF3 	EQU 	3
IOCEN 	EQU 	7866
IOCEN3 	EQU 	3
IOCEP 	EQU 	7865
IOCEP3 	EQU 	3
IOCIE 	EQU 	4
IOCIF 	EQU 	4
IOCMD 	EQU 	5
IOCSRIE 	EQU 	7
IOCSRIF 	EQU 	7
IOCWF 	EQU 	7887
IOCWF0 	EQU 	0
IOCWF1 	EQU 	1
IOCWF2 	EQU 	2
IOCWF3 	EQU 	3
IOCWF4 	EQU 	4
IOCWF5 	EQU 	5
IOCWF6 	EQU 	6
IOCWF7 	EQU 	7
IOCWN 	EQU 	7886
IOCWN0 	EQU 	0
IOCWN1 	EQU 	1
IOCWN2 	EQU 	2
IOCWN3 	EQU 	3
IOCWN4 	EQU 	4
IOCWN5 	EQU 	5
IOCWN6 	EQU 	6
IOCWN7 	EQU 	7
IOCWP 	EQU 	7885
IOCWP0 	EQU 	0
IOCWP1 	EQU 	1
IOCWP2 	EQU 	2
IOCWP3 	EQU 	3
IOCWP4 	EQU 	4
IOCWP5 	EQU 	5
IOCWP6 	EQU 	6
IOCWP7 	EQU 	7
IPEN 	EQU 	6
ISM0 	EQU 	0
ISM1 	EQU 	1
ISM2 	EQU 	2
ISM3 	EQU 	3
ISM4 	EQU 	4
LATA 	EQU 	24
LATA0 	EQU 	0
LATA1 	EQU 	1
LATA2 	EQU 	2
LATA3 	EQU 	3
LATA4 	EQU 	4
LATA5 	EQU 	5
LATA6 	EQU 	6
LATA7 	EQU 	7
LATB 	EQU 	25
LATB0 	EQU 	0
LATB1 	EQU 	1
LATB2 	EQU 	2
LATB3 	EQU 	3
LATB4 	EQU 	4
LATB5 	EQU 	5
LATB6 	EQU 	6
LATB7 	EQU 	7
LATC 	EQU 	26
LATC0 	EQU 	0
LATC1 	EQU 	1
LATC2 	EQU 	2
LATC3 	EQU 	3
LATC4 	EQU 	4
LATC5 	EQU 	5
LATC6 	EQU 	6
LATC7 	EQU 	7
LATW 	EQU 	7971
LATW0 	EQU 	0
LATW1 	EQU 	1
LATW2 	EQU 	2
LATW3 	EQU 	3
LATW4 	EQU 	4
LATW5 	EQU 	5
LATW6 	EQU 	6
LATW7 	EQU 	7
LD 	EQU 	6
LDS0 	EQU 	0
LDS1 	EQU 	1
LDS2 	EQU 	2
LENDIAN 	EQU 	1
LFOEN 	EQU 	4
LFOR 	EQU 	4
LSAC0 	EQU 	2
LSBD0 	EQU 	4
LSBD1 	EQU 	5
LSCA1 	EQU 	3
LTH0 	EQU 	0
LTH1 	EQU 	1
LTH10 	EQU 	2
LTH11 	EQU 	3
LTH12 	EQU 	4
LTH13 	EQU 	5
LTH14 	EQU 	6
LTH15 	EQU 	7
LTH2 	EQU 	2
LTH3 	EQU 	3
LTH4 	EQU 	4
LTH5 	EQU 	5
LTH6 	EQU 	6
LTH7 	EQU 	7
LTH8 	EQU 	0
LTH9 	EQU 	1
LTHR 	EQU 	5
LWLO 	EQU 	5
MATH 	EQU 	4
MD0 	EQU 	0
MD1 	EQU 	1
MD16 	EQU 	4
MD2 	EQU 	2
MFOEN 	EQU 	5
MFOR 	EQU 	5
MODE0 	EQU 	0
MODE1 	EQU 	1
MODE2 	EQU 	2
MODE3 	EQU 	3
MODE4 	EQU 	4
MPWM1EN 	EQU 	0
MPWM1LD 	EQU 	0
MPWM2EN 	EQU 	1
MPWM2LD 	EQU 	1
MSK0 	EQU 	0
MSK01 	EQU 	0
MSK02 	EQU 	0
MSK1 	EQU 	1
MSK11 	EQU 	1
MSK12 	EQU 	1
MSK2 	EQU 	2
MSK21 	EQU 	2
MSK22 	EQU 	2
MSK3 	EQU 	3
MSK31 	EQU 	3
MSK32 	EQU 	3
MSK4 	EQU 	4
MSK41 	EQU 	4
MSK42 	EQU 	4
MSK5 	EQU 	5
MSK51 	EQU 	5
MSK52 	EQU 	5
MSK6 	EQU 	6
MSK61 	EQU 	6
MSK62 	EQU 	6
MSK7 	EQU 	7
MSK71 	EQU 	7
MSK72 	EQU 	7
MSSP1MD 	EQU 	3
MSSP2MD 	EQU 	4
NA 	EQU 	5
NA2 	EQU 	5
NADDRESS 	EQU 	5
NADDRESS1 	EQU 	5
NADDRESS2 	EQU 	5
NBOR 	EQU 	0
NCH0 	EQU 	0
NCH1 	EQU 	1
NCH2 	EQU 	2
NCH3 	EQU 	3
NCH4 	EQU 	4
NCH5 	EQU 	5
NCO1ACC 	EQU 	1420
NCO1ACC0 	EQU 	0
NCO1ACC1 	EQU 	1
NCO1ACC10 	EQU 	2
NCO1ACC11 	EQU 	3
NCO1ACC12 	EQU 	4
NCO1ACC13 	EQU 	5
NCO1ACC14 	EQU 	6
NCO1ACC15 	EQU 	7
NCO1ACC16 	EQU 	0
NCO1ACC17 	EQU 	1
NCO1ACC18 	EQU 	2
NCO1ACC19 	EQU 	3
NCO1ACC2 	EQU 	2
NCO1ACC3 	EQU 	3
NCO1ACC4 	EQU 	4
NCO1ACC5 	EQU 	5
NCO1ACC6 	EQU 	6
NCO1ACC7 	EQU 	7
NCO1ACC8 	EQU 	0
NCO1ACC9 	EQU 	1
NCO1ACCH 	EQU 	1421
NCO1ACCL 	EQU 	1420
NCO1ACCU 	EQU 	1422
NCO1CKS0 	EQU 	0
NCO1CKS1 	EQU 	1
NCO1CKS2 	EQU 	2
NCO1CKS3 	EQU 	3
NCO1CLK 	EQU 	1427
NCO1CON 	EQU 	1426
NCO1CON_EN 	EQU 	7
NCO1EN 	EQU 	7
NCO1IE 	EQU 	0
NCO1IF 	EQU 	0
NCO1INC 	EQU 	1423
NCO1INC0 	EQU 	0
NCO1INC1 	EQU 	1
NCO1INC10 	EQU 	2
NCO1INC11 	EQU 	3
NCO1INC12 	EQU 	4
NCO1INC13 	EQU 	5
NCO1INC14 	EQU 	6
NCO1INC15 	EQU 	7
NCO1INC16 	EQU 	0
NCO1INC17 	EQU 	1
NCO1INC18 	EQU 	2
NCO1INC19 	EQU 	3
NCO1INC2 	EQU 	2
NCO1INC3 	EQU 	3
NCO1INC4 	EQU 	4
NCO1INC5 	EQU 	5
NCO1INC6 	EQU 	6
NCO1INC7 	EQU 	7
NCO1INC8 	EQU 	0
NCO1INC9 	EQU 	1
NCO1INCH 	EQU 	1424
NCO1INCL 	EQU 	1423
NCO1INCU 	EQU 	1425
NCO1MD 	EQU 	1
NCO1OUT 	EQU 	5
NCO1PFM 	EQU 	0
NCO1POL 	EQU 	4
NCO1PWS0 	EQU 	5
NCO1PWS1 	EQU 	6
NCO1PWS2 	EQU 	7
NDIV0 	EQU 	0
NDIV1 	EQU 	1
NDIV2 	EQU 	2
NDIV3 	EQU 	3
NMEMV 	EQU 	1
NOSC0 	EQU 	4
NOSC1 	EQU 	5
NOSC2 	EQU 	6
NOSCR 	EQU 	3
NPD 	EQU 	3
NPOR 	EQU 	1
NREF0 	EQU 	4
NRI 	EQU 	2
NRMCLR 	EQU 	3
NRWDT 	EQU 	4
NSS 	EQU 	0
NSS0 	EQU 	0
NSS1 	EQU 	1
NSS2 	EQU 	2
NSYNC 	EQU 	2
NT1SYNC 	EQU 	2
NT3SYNC 	EQU 	2
NTO 	EQU 	4
NVMADR 	EQU 	7308
NVMADR0 	EQU 	0
NVMADR1 	EQU 	1
NVMADR10 	EQU 	2
NVMADR11 	EQU 	3
NVMADR12 	EQU 	4
NVMADR13 	EQU 	5
NVMADR14 	EQU 	6
NVMADR2 	EQU 	2
NVMADR3 	EQU 	3
NVMADR4 	EQU 	4
NVMADR5 	EQU 	5
NVMADR6 	EQU 	6
NVMADR7 	EQU 	7
NVMADR8 	EQU 	0
NVMADR9 	EQU 	1
NVMADRH 	EQU 	7309
NVMADRL 	EQU 	7308
NVMCON1 	EQU 	7312
NVMCON2 	EQU 	7313
NVMDAT 	EQU 	7310
NVMDAT0 	EQU 	0
NVMDAT1 	EQU 	1
NVMDAT10 	EQU 	2
NVMDAT11 	EQU 	3
NVMDAT12 	EQU 	4
NVMDAT13 	EQU 	5
NVMDAT2 	EQU 	2
NVMDAT3 	EQU 	3
NVMDAT4 	EQU 	4
NVMDAT5 	EQU 	5
NVMDAT6 	EQU 	6
NVMDAT7 	EQU 	7
NVMDAT8 	EQU 	0
NVMDAT9 	EQU 	1
NVMDATH 	EQU 	7311
NVMDATL 	EQU 	7310
NVMIE 	EQU 	0
NVMIF 	EQU 	0
NVMMD 	EQU 	0
NVMREGS 	EQU 	6
NW 	EQU 	2
NW2 	EQU 	2
NWDTWV 	EQU 	5
NWRITE 	EQU 	2
NWRITE1 	EQU 	2
NWRITE2 	EQU 	2
ODCA0 	EQU 	0
ODCA1 	EQU 	1
ODCA2 	EQU 	2
ODCA3 	EQU 	3
ODCA4 	EQU 	4
ODCA5 	EQU 	5
ODCA6 	EQU 	6
ODCA7 	EQU 	7
ODCB0 	EQU 	0
ODCB1 	EQU 	1
ODCB2 	EQU 	2
ODCB3 	EQU 	3
ODCB4 	EQU 	4
ODCB5 	EQU 	5
ODCB6 	EQU 	6
ODCB7 	EQU 	7
ODCC0 	EQU 	0
ODCC1 	EQU 	1
ODCC2 	EQU 	2
ODCC3 	EQU 	3
ODCC4 	EQU 	4
ODCC5 	EQU 	5
ODCC6 	EQU 	6
ODCC7 	EQU 	7
ODCONA 	EQU 	7822
ODCONB 	EQU 	7832
ODCONC 	EQU 	7842
OE0 	EQU 	4
OE1 	EQU 	5
OERR 	EQU 	1
OFCSEL0 	EQU 	0
OFCSEL1 	EQU 	1
OFCST 	EQU 	2
OFFSET0 	EQU 	0
OFFSET1 	EQU 	1
OFFSET2 	EQU 	2
OFFSET3 	EQU 	3
OFFSET4 	EQU 	4
OFFSET5 	EQU 	5
OFFSET6 	EQU 	6
OFFSET7 	EQU 	7
ON_ADCON0 	EQU 	7
ON_T1CON 	EQU 	0
ON_T2CON 	EQU 	7
ON_T3CON 	EQU 	0
ON_T4CON 	EQU 	7
ON_T6CON 	EQU 	7
OPA1 	EQU 	0
OPA1CIE 	EQU 	0
OPA1CIF 	EQU 	0
OPA1CON0 	EQU 	2316
OPA1CON0_EN 	EQU 	7
OPA1CON1 	EQU 	2317
OPA1CON2 	EQU 	2318
OPA1CON3 	EQU 	2319
OPA1CON4 	EQU 	2321
OPA1EN 	EQU 	7
OPA1FMS0 	EQU 	6
OPA1FMS1 	EQU 	7
OPA1GSEL0 	EQU 	4
OPA1GSEL1 	EQU 	5
OPA1GSEL2 	EQU 	6
OPA1MD 	EQU 	3
OPA1NCH0 	EQU 	0
OPA1NCH1 	EQU 	1
OPA1NCH2 	EQU 	2
OPA1NCH3 	EQU 	3
OPA1NSS0 	EQU 	0
OPA1NSS1 	EQU 	1
OPA1NSS2 	EQU 	2
OPA1OFCSEL0 	EQU 	0
OPA1OFCSEL1 	EQU 	1
OPA1OFCST 	EQU 	2
OPA1OFFSET 	EQU 	2320
OPA1OFFSET0 	EQU 	0
OPA1OFFSET1 	EQU 	1
OPA1OFFSET2 	EQU 	2
OPA1OFFSET3 	EQU 	3
OPA1OFFSET4 	EQU 	4
OPA1OFFSET5 	EQU 	5
OPA1OFFSET6 	EQU 	6
OPA1OFFSET7 	EQU 	7
OPA1PCH0 	EQU 	0
OPA1PCH1 	EQU 	1
OPA1PCH2 	EQU 	2
OPA1PCH3 	EQU 	3
OPA1RESON 	EQU 	3
OPA1UG 	EQU 	3
OPA2 	EQU 	1
OPA2CIE 	EQU 	1
OPA2CIF 	EQU 	1
OPA2CON0 	EQU 	2322
OPA2CON0_EN 	EQU 	7
OPA2CON0_UG 	EQU 	3
OPA2CON0_UG0 	EQU 	3
OPA2CON1 	EQU 	2323
OPA2CON1_GSEL0 	EQU 	4
OPA2CON1_GSEL1 	EQU 	5
OPA2CON1_GSEL2 	EQU 	6
OPA2CON1_NSS0 	EQU 	0
OPA2CON1_NSS1 	EQU 	1
OPA2CON1_NSS2 	EQU 	2
OPA2CON1_RESON 	EQU 	3
OPA2CON2 	EQU 	2324
OPA2CON2_FMS0 	EQU 	6
OPA2CON2_FMS1 	EQU 	7
OPA2CON2_PCH0 	EQU 	0
OPA2CON2_PCH1 	EQU 	1
OPA2CON2_PCH2 	EQU 	2
OPA2CON2_PCH3 	EQU 	3
OPA2CON3 	EQU 	2325
OPA2CON3_NCH0 	EQU 	0
OPA2CON3_NCH1 	EQU 	1
OPA2CON3_NCH2 	EQU 	2
OPA2CON3_NCH3 	EQU 	3
OPA2CON4 	EQU 	2327
OPA2CON4_OFCSEL0 	EQU 	0
OPA2CON4_OFCSEL1 	EQU 	1
OPA2CON4_OFCST 	EQU 	2
OPA2EN 	EQU 	7
OPA2FMS0 	EQU 	6
OPA2FMS1 	EQU 	7
OPA2GSEL0 	EQU 	4
OPA2GSEL1 	EQU 	5
OPA2GSEL2 	EQU 	6
OPA2MD 	EQU 	4
OPA2NCH0 	EQU 	0
OPA2NCH1 	EQU 	1
OPA2NCH2 	EQU 	2
OPA2NCH3 	EQU 	3
OPA2NSS0 	EQU 	0
OPA2NSS1 	EQU 	1
OPA2NSS2 	EQU 	2
OPA2OFCSEL0 	EQU 	0
OPA2OFCSEL1 	EQU 	1
OPA2OFCST 	EQU 	2
OPA2OFFSET 	EQU 	2326
OPA2OFFSET0 	EQU 	0
OPA2OFFSET1 	EQU 	1
OPA2OFFSET2 	EQU 	2
OPA2OFFSET3 	EQU 	3
OPA2OFFSET4 	EQU 	4
OPA2OFFSET5 	EQU 	5
OPA2OFFSET6 	EQU 	6
OPA2OFFSET7 	EQU 	7
OPA2OFFSET_OFFSET0 	EQU 	0
OPA2OFFSET_OFFSET1 	EQU 	1
OPA2OFFSET_OFFSET2 	EQU 	2
OPA2OFFSET_OFFSET3 	EQU 	3
OPA2OFFSET_OFFSET4 	EQU 	4
OPA2OFFSET_OFFSET5 	EQU 	5
OPA2OFFSET_OFFSET6 	EQU 	6
OPA2OFFSET_OFFSET7 	EQU 	7
OPA2PCH0 	EQU 	0
OPA2PCH1 	EQU 	1
OPA2PCH2 	EQU 	2
OPA2PCH3 	EQU 	3
OPA2RESON 	EQU 	3
OPA2UG 	EQU 	3
OPA3 	EQU 	0
OPA3CIE 	EQU 	2
OPA3CIF 	EQU 	2
OPA3CON0 	EQU 	2828
OPA3CON0_EN 	EQU 	7
OPA3CON0_UG 	EQU 	3
OPA3CON0_UG0 	EQU 	3
OPA3CON2 	EQU 	2829
OPA3CON2_PCH0 	EQU 	0
OPA3CON2_PCH1 	EQU 	1
OPA3CON2_PCH2 	EQU 	2
OPA3CON3 	EQU 	2830
OPA3CON3_NCH0 	EQU 	0
OPA3CON3_NCH1 	EQU 	1
OPA3CON3_NCH2 	EQU 	2
OPA3CON4 	EQU 	2832
OPA3CON4_OFCSEL0 	EQU 	0
OPA3CON4_OFCSEL1 	EQU 	1
OPA3CON4_OFCST 	EQU 	2
OPA3EN 	EQU 	7
OPA3MD 	EQU 	5
OPA3NCH0 	EQU 	0
OPA3NCH1 	EQU 	1
OPA3NCH2 	EQU 	2
OPA3OFCSEL0 	EQU 	0
OPA3OFCSEL1 	EQU 	1
OPA3OFCST 	EQU 	2
OPA3OFFSET 	EQU 	2831
OPA3OFFSET0 	EQU 	0
OPA3OFFSET1 	EQU 	1
OPA3OFFSET2 	EQU 	2
OPA3OFFSET3 	EQU 	3
OPA3OFFSET4 	EQU 	4
OPA3OFFSET5 	EQU 	5
OPA3OFFSET6 	EQU 	6
OPA3OFFSET7 	EQU 	7
OPA3OFFSET_OFFSET0 	EQU 	0
OPA3OFFSET_OFFSET1 	EQU 	1
OPA3OFFSET_OFFSET2 	EQU 	2
OPA3OFFSET_OFFSET3 	EQU 	3
OPA3OFFSET_OFFSET4 	EQU 	4
OPA3OFFSET_OFFSET5 	EQU 	5
OPA3OFFSET_OFFSET6 	EQU 	6
OPA3OFFSET_OFFSET7 	EQU 	7
OPA3PCH0 	EQU 	0
OPA3PCH1 	EQU 	1
OPA3PCH2 	EQU 	2
OPA3UG 	EQU 	3
ORDY 	EQU 	4
OSC0 	EQU 	6
OSC1 	EQU 	7
OSCCON1 	EQU 	653
OSCCON2 	EQU 	654
OSCCON3 	EQU 	655
OSCEN 	EQU 	657
OSCFRQ 	EQU 	659
OSCSTAT 	EQU 	656
OSCTUNE 	EQU 	658
OSFIE 	EQU 	5
OSFIF 	EQU 	5
OUT0 	EQU 	0
OUT1 	EQU 	1
OUT10 	EQU 	2
OUT11 	EQU 	3
OUT12 	EQU 	4
OUT13 	EQU 	5
OUT14 	EQU 	6
OUT15 	EQU 	7
OUT16 	EQU 	0
OUT17 	EQU 	1
OUT18 	EQU 	2
OUT19 	EQU 	3
OUT2 	EQU 	2
OUT20 	EQU 	4
OUT21 	EQU 	5
OUT22 	EQU 	6
OUT23 	EQU 	7
OUT24 	EQU 	0
OUT25 	EQU 	1
OUT26 	EQU 	2
OUT27 	EQU 	3
OUT28 	EQU 	4
OUT29 	EQU 	5
OUT3 	EQU 	3
OUT30 	EQU 	6
OUT31 	EQU 	7
OUT4 	EQU 	4
OUT5 	EQU 	5
OUT6 	EQU 	6
OUT7 	EQU 	7
OUT8 	EQU 	0
OUT9 	EQU 	1
OUTPS0 	EQU 	0
OUTPS1 	EQU 	1
OUTPS2 	EQU 	2
OUTPS3 	EQU 	3
OUT_CCP1CON 	EQU 	5
OUT_CCP2CON 	EQU 	5
OUT_CLCNCON 	EQU 	5
OUT_CM1CON0 	EQU 	6
OUT_CMLP1CON0 	EQU 	6
OUT_NCO1CON 	EQU 	5
OUT_T0CON0 	EQU 	5
OUT_ZCDCON 	EQU 	5
OVRA 	EQU 	4
OVRB 	EQU 	5
OVRC 	EQU 	6
OVRD 	EQU 	7
P 	EQU 	4
P1M1 	EQU 	7
P2 	EQU 	4
P2M1 	EQU 	7
PCH0 	EQU 	0
PCH1 	EQU 	1
PCH2 	EQU 	2
PCH3 	EQU 	3
PCH4 	EQU 	4
PCH5 	EQU 	5
PCIE 	EQU 	6
PCL 	EQU 	2
PCLATH 	EQU 	10
PCLATH_SHAD 	EQU 	8167
PCON0 	EQU 	402
PCON1 	EQU 	403
PCSC 	EQU 	1
PEIE 	EQU 	6
PEN 	EQU 	2
PEN1 	EQU 	2
PEN2 	EQU 	2
PER0 	EQU 	0
PER1 	EQU 	1
PER10 	EQU 	2
PER11 	EQU 	3
PER12 	EQU 	4
PER13 	EQU 	5
PER14 	EQU 	6
PER15 	EQU 	7
PER2 	EQU 	2
PER3 	EQU 	3
PER4 	EQU 	4
PER5 	EQU 	5
PER6 	EQU 	6
PER7 	EQU 	7
PER8 	EQU 	0
PER9 	EQU 	1
PFM 	EQU 	0
PIE0 	EQU 	150
PIE1 	EQU 	151
PIE2 	EQU 	152
PIE3 	EQU 	153
PIE4 	EQU 	154
PIE5 	EQU 	155
PIE6 	EQU 	156
PIE7 	EQU 	157
PIR0 	EQU 	140
PIR1 	EQU 	141
PIR2 	EQU 	142
PIR3 	EQU 	143
PIR4 	EQU 	144
PIR5 	EQU 	145
PIR6 	EQU 	146
PIR7 	EQU 	147
PLEN0 	EQU 	0
PLEN1 	EQU 	1
PLEN2 	EQU 	2
PLEN3 	EQU 	3
PLEN4 	EQU 	4
PLLEN 	EQU 	0
PLLR 	EQU 	0
PMD0 	EQU 	268
PMD1 	EQU 	269
PMD2 	EQU 	270
PMD3 	EQU 	271
PMD4 	EQU 	272
PMD5 	EQU 	273
POL1 	EQU 	6
POL2 	EQU 	7
POLA 	EQU 	0
POLB 	EQU 	1
POLC 	EQU 	2
POLD 	EQU 	3
POL_CLCNPOL 	EQU 	7
POL_CM1CON0 	EQU 	4
POL_CMLP1CON0 	EQU 	4
POL_NCO1CON 	EQU 	4
POL_ZCDCON 	EQU 	4
PORTA 	EQU 	12
PORTB 	EQU 	13
PORTC 	EQU 	14
PORTE 	EQU 	16
PORTW 	EQU 	7970
PORTWCLK 	EQU 	7980
PORTWCLKPPS 	EQU 	7770
PORTWCLK_CLK0 	EQU 	0
PORTWCLK_CLK1 	EQU 	1
PORTWCLK_CLK2 	EQU 	2
PORTWCLK_CLK3 	EQU 	3
PORTWCON 	EQU 	7982
PORTWDF 	EQU 	7981
PORTWIN0 	EQU 	7972
PORTWIN0PPS 	EQU 	7768
PORTWIN0_IN0 	EQU 	0
PORTWIN0_IN1 	EQU 	1
PORTWIN0_IN2 	EQU 	2
PORTWIN0_IN3 	EQU 	3
PORTWIN1 	EQU 	7973
PORTWIN1PPS 	EQU 	7769
PORTWIN2 	EQU 	7974
PORTWIN2_IN0 	EQU 	0
PORTWIN2_IN1 	EQU 	1
PORTWIN2_IN2 	EQU 	2
PORTWIN2_IN3 	EQU 	3
PORTWIN3 	EQU 	7975
PORTWIN3_IN0 	EQU 	0
PORTWIN3_IN1 	EQU 	1
PORTWIN3_IN2 	EQU 	2
PORTWIN3_IN3 	EQU 	3
PORTWIN4 	EQU 	7976
PORTWIN4_IN0 	EQU 	0
PORTWIN4_IN1 	EQU 	1
PORTWIN4_IN2 	EQU 	2
PORTWIN4_IN3 	EQU 	3
PORTWIN5 	EQU 	7977
PORTWIN5_IN0 	EQU 	0
PORTWIN5_IN1 	EQU 	1
PORTWIN5_IN2 	EQU 	2
PORTWIN5_IN3 	EQU 	3
PORTWIN6 	EQU 	7978
PORTWIN6_IN0 	EQU 	0
PORTWIN6_IN1 	EQU 	1
PORTWIN6_IN2 	EQU 	2
PORTWIN6_IN3 	EQU 	3
PORTWIN7 	EQU 	7979
PORTWIN7_IN0 	EQU 	0
PORTWIN7_IN1 	EQU 	1
PORTWIN7_IN2 	EQU 	2
PORTWIN7_IN3 	EQU 	3
PORTWMD 	EQU 	0
PORTW_RW2 	EQU 	2
POSC 	EQU 	1
PPEN 	EQU 	3
PPOL 	EQU 	7
PPSLOCK 	EQU 	7692
PPSLOCKED 	EQU 	0
PR0 	EQU 	413
PR1 	EQU 	783
PR2 	EQU 	909
PR3 	EQU 	789
PR4 	EQU 	915
PR6 	EQU 	921
PRE0 	EQU 	0
PRE1 	EQU 	1
PRE10 	EQU 	2
PRE11 	EQU 	3
PRE12 	EQU 	4
PRE13 	EQU 	5
PRE14 	EQU 	6
PRE15 	EQU 	7
PRE2 	EQU 	2
PRE3 	EQU 	3
PRE4 	EQU 	4
PRE5 	EQU 	5
PRE6 	EQU 	6
PRE7 	EQU 	7
PRE8 	EQU 	0
PRE9 	EQU 	1
PREF0 	EQU 	0
PREF1 	EQU 	1
PREV0 	EQU 	0
PREV1 	EQU 	1
PREV10 	EQU 	2
PREV11 	EQU 	3
PREV12 	EQU 	4
PREV13 	EQU 	5
PREV14 	EQU 	6
PREV15 	EQU 	7
PREV2 	EQU 	2
PREV3 	EQU 	3
PREV4 	EQU 	4
PREV5 	EQU 	5
PREV6 	EQU 	6
PREV7 	EQU 	7
PREV8 	EQU 	0
PREV9 	EQU 	1
PS0 	EQU 	1
PS1 	EQU 	2
PS2 	EQU 	3
PS3 	EQU 	4
PS4 	EQU 	5
PSCNT0 	EQU 	0
PSCNT1 	EQU 	1
PSCNT10 	EQU 	2
PSCNT11 	EQU 	3
PSCNT12 	EQU 	4
PSCNT13 	EQU 	5
PSCNT14 	EQU 	6
PSCNT15 	EQU 	7
PSCNT16 	EQU 	0
PSCNT17 	EQU 	1
PSCNT2 	EQU 	2
PSCNT3 	EQU 	3
PSCNT4 	EQU 	4
PSCNT5 	EQU 	5
PSCNT6 	EQU 	6
PSCNT7 	EQU 	7
PSCNT8 	EQU 	0
PSCNT9 	EQU 	1
PSIS 	EQU 	7
PSS0 	EQU 	2
PSS1 	EQU 	3
PSYNC 	EQU 	7
PWCLKEN 	EQU 	0
PWCPOL 	EQU 	4
PWDF0 	EQU 	0
PWDF1 	EQU 	1
PWDF2 	EQU 	2
PWDF3 	EQU 	3
PWDF4 	EQU 	4
PWDF5 	EQU 	5
PWDF6 	EQU 	6
PWDF7 	EQU 	7
PWM1CLK 	EQU 	1165
PWM1CON 	EQU 	1173
PWM1CON_EN 	EQU 	7
PWM1CON_LD 	EQU 	2
PWM1CPRE 	EQU 	1169
PWM1ERS 	EQU 	1164
PWM1ERSPPS 	EQU 	7718
PWM1GIE 	EQU 	1172
PWM1GIE_S1P1 	EQU 	0
PWM1GIE_S1P2 	EQU 	1
PWM1GIR 	EQU 	1171
PWM1IE 	EQU 	1
PWM1IF 	EQU 	1
PWM1LDS 	EQU 	1166
PWM1MD 	EQU 	7
PWM1PIE 	EQU 	0
PWM1PIF 	EQU 	0
PWM1PIPOS 	EQU 	1170
PWM1PR 	EQU 	1167
PWM1PRH 	EQU 	1168
PWM1PRL 	EQU 	1167
PWM1S1CFG 	EQU 	1174
PWM1S1CFG_MODE0 	EQU 	0
PWM1S1CFG_MODE1 	EQU 	1
PWM1S1CFG_MODE2 	EQU 	2
PWM1S1P1 	EQU 	1175
PWM1S1P1H 	EQU 	1176
PWM1S1P1L 	EQU 	1175
PWM1S1P2 	EQU 	1177
PWM1S1P2H 	EQU 	1178
PWM1S1P2L 	EQU 	1177
PWM2CLK 	EQU 	1293
PWM2CLK_CLK0 	EQU 	0
PWM2CLK_CLK1 	EQU 	1
PWM2CLK_CLK2 	EQU 	2
PWM2CLK_CLK3 	EQU 	3
PWM2CON 	EQU 	1301
PWM2CON_EN 	EQU 	7
PWM2CON_ERSNOW 	EQU 	0
PWM2CON_ERSPOL 	EQU 	1
PWM2CON_LD 	EQU 	2
PWM2CPRE 	EQU 	1297
PWM2ERS 	EQU 	1292
PWM2ERSPPS 	EQU 	7719
PWM2ERS_ERS0 	EQU 	0
PWM2ERS_ERS1 	EQU 	1
PWM2ERS_ERS2 	EQU 	2
PWM2ERS_ERS3 	EQU 	3
PWM2GIE 	EQU 	1300
PWM2GIE_S1P1 	EQU 	0
PWM2GIE_S1P1IE 	EQU 	0
PWM2GIE_S1P2 	EQU 	1
PWM2GIE_S1P2IE 	EQU 	1
PWM2GIR 	EQU 	1299
PWM2GIR_S1P1 	EQU 	0
PWM2GIR_S1P1IF 	EQU 	0
PWM2GIR_S1P2 	EQU 	1
PWM2GIR_S1P2IF 	EQU 	1
PWM2IE 	EQU 	3
PWM2IF 	EQU 	3
PWM2LDS 	EQU 	1294
PWM2LDS_LDS0 	EQU 	0
PWM2LDS_LDS1 	EQU 	1
PWM2LDS_LDS2 	EQU 	2
PWM2MD 	EQU 	0
PWM2PIE 	EQU 	2
PWM2PIF 	EQU 	2
PWM2PIPOS 	EQU 	1298
PWM2PR 	EQU 	1295
PWM2PRH 	EQU 	1296
PWM2PRL 	EQU 	1295
PWM2S1CFG 	EQU 	1302
PWM2S1CFG_MODE0 	EQU 	0
PWM2S1CFG_MODE1 	EQU 	1
PWM2S1CFG_MODE2 	EQU 	2
PWM2S1CFG_POL1 	EQU 	6
PWM2S1CFG_POL2 	EQU 	7
PWM2S1CFG_PPEN 	EQU 	3
PWM2S1P1 	EQU 	1303
PWM2S1P1H 	EQU 	1304
PWM2S1P1L 	EQU 	1303
PWM2S1P2 	EQU 	1305
PWM2S1P2H 	EQU 	1306
PWM2S1P2L 	EQU 	1305
PWMEN 	EQU 	1183
PWMIN0PPS 	EQU 	7716
PWMIN1PPS 	EQU 	7717
PWMLOAD 	EQU 	1182
PWS0 	EQU 	5
PWS1 	EQU 	6
PWS2 	EQU 	7
R 	EQU 	2
RA0 	EQU 	0
RA0PPS 	EQU 	7564
RA1 	EQU 	1
RA1PPS 	EQU 	7565
RA2 	EQU 	2
RA2PPS 	EQU 	7566
RA3 	EQU 	3
RA3PPS 	EQU 	7567
RA4 	EQU 	4
RA4PPS 	EQU 	7568
RA5 	EQU 	5
RA5PPS 	EQU 	7569
RA6 	EQU 	6
RA6PPS 	EQU 	7570
RA7 	EQU 	7
RA7PPS 	EQU 	7571
RB0 	EQU 	0
RB0PPS 	EQU 	7572
RB1 	EQU 	1
RB1I2C 	EQU 	7907
RB1I2C_SLEW 	EQU 	6
RB1PPS 	EQU 	7573
RB2 	EQU 	2
RB2I2C 	EQU 	7908
RB2I2C_SLEW 	EQU 	6
RB2PPS 	EQU 	7574
RB3 	EQU 	3
RB3PPS 	EQU 	7575
RB4 	EQU 	4
RB4PPS 	EQU 	7576
RB5 	EQU 	5
RB5PPS 	EQU 	7577
RB6 	EQU 	6
RB6PPS 	EQU 	7578
RB7 	EQU 	7
RB7PPS 	EQU 	7579
RC0 	EQU 	0
RC0PPS 	EQU 	7580
RC1 	EQU 	1
RC1IE 	EQU 	7
RC1IF 	EQU 	7
RC1PPS 	EQU 	7581
RC1REG 	EQU 	1804
RC1STA 	EQU 	1808
RC2 	EQU 	2
RC2IE 	EQU 	1
RC2IF 	EQU 	1
RC2PPS 	EQU 	7582
RC2REG 	EQU 	1814
RC2STA 	EQU 	1818
RC2STA_ADDEN 	EQU 	3
RC2STA_CREN 	EQU 	4
RC2STA_FERR 	EQU 	2
RC2STA_OERR 	EQU 	1
RC2STA_RX9 	EQU 	6
RC2STA_RX9D 	EQU 	0
RC2STA_SPEN 	EQU 	7
RC2STA_SREN 	EQU 	5
RC3 	EQU 	3
RC3I2C 	EQU 	7915
RC3I2C_SLEW 	EQU 	6
RC3PPS 	EQU 	7583
RC4 	EQU 	4
RC4I2C 	EQU 	7916
RC4I2C_SLEW 	EQU 	6
RC4PPS 	EQU 	7584
RC5 	EQU 	5
RC5PPS 	EQU 	7585
RC6 	EQU 	6
RC6PPS 	EQU 	7586
RC7 	EQU 	7
RC7PPS 	EQU 	7587
RCEN 	EQU 	3
RCEN1 	EQU 	3
RCEN2 	EQU 	3
RCIDL 	EQU 	6
RD 	EQU 	0
RD16 	EQU 	1
RD161 	EQU 	1
RD163 	EQU 	1
RDY 	EQU 	7
RE3 	EQU 	3
READ_WRITE 	EQU 	2
READ_WRITE1 	EQU 	2
READ_WRITE2 	EQU 	2
REFRNG 	EQU 	6
REN 	EQU 	6
RES0 	EQU 	0
RES1 	EQU 	1
RES10 	EQU 	2
RES11 	EQU 	3
RES12 	EQU 	4
RES13 	EQU 	5
RES14 	EQU 	6
RES15 	EQU 	7
RES2 	EQU 	2
RES3 	EQU 	3
RES4 	EQU 	4
RES5 	EQU 	5
RES6 	EQU 	6
RES7 	EQU 	7
RES8 	EQU 	0
RES9 	EQU 	1
RESON 	EQU 	3
ROI 	EQU 	5
RPT0 	EQU 	0
RPT1 	EQU 	1
RPT2 	EQU 	2
RPT3 	EQU 	3
RPT4 	EQU 	4
RPT5 	EQU 	5
RPT6 	EQU 	6
RPT7 	EQU 	7
RSEL0 	EQU 	0
RSEL1 	EQU 	1
RSEL2 	EQU 	2
RSEL3 	EQU 	3
RSEL4 	EQU 	4
RSEN 	EQU 	1
RSEN1 	EQU 	1
RSEN2 	EQU 	1
RW 	EQU 	2
RW0 	EQU 	0
RW1 	EQU 	1
RW2 	EQU 	2
RW3 	EQU 	3
RW4 	EQU 	4
RW5 	EQU 	5
RW6 	EQU 	6
RW7 	EQU 	7
RX1DTPPS 	EQU 	7746
RX1PPS 	EQU 	7746
RX2DTPPS 	EQU 	7748
RX2PPS 	EQU 	7748
RX9 	EQU 	6
RX9D 	EQU 	0
R_NW 	EQU 	2
R_NW1 	EQU 	2
R_NW2 	EQU 	2
R_W 	EQU 	2
R_W1 	EQU 	2
R_W2 	EQU 	2
S 	EQU 	3
S1P1 	EQU 	0
S1P1IE 	EQU 	0
S1P1IF 	EQU 	0
S1P2 	EQU 	1
S1P2IE 	EQU 	1
S1P2IF 	EQU 	1
S2 	EQU 	3
SBCDE 	EQU 	2
SBOREN 	EQU 	7
SCANCON0 	EQU 	7320
SCANCON0_EN 	EQU 	7
SCANHADR 	EQU 	7317
SCANHADRH 	EQU 	7318
SCANHADRL 	EQU 	7317
SCANIE 	EQU 	2
SCANIF 	EQU 	2
SCANLADR 	EQU 	7314
SCANLADRH 	EQU 	7315
SCANLADRL 	EQU 	7314
SCANMD 	EQU 	2
SCANTRIG 	EQU 	7321
SCIE 	EQU 	5
SCKP 	EQU 	4
SDAHT 	EQU 	3
SEN 	EQU 	0
SEN1 	EQU 	0
SEN2 	EQU 	0
SENDB 	EQU 	3
SETUP0 	EQU 	2
SETUP1 	EQU 	3
SFOR 	EQU 	1
SGO 	EQU 	6
SHIFT0 	EQU 	0
SHIFT1 	EQU 	1
SHIFT10 	EQU 	2
SHIFT11 	EQU 	3
SHIFT12 	EQU 	4
SHIFT13 	EQU 	5
SHIFT14 	EQU 	6
SHIFT15 	EQU 	7
SHIFT16 	EQU 	0
SHIFT17 	EQU 	1
SHIFT18 	EQU 	2
SHIFT19 	EQU 	3
SHIFT2 	EQU 	2
SHIFT20 	EQU 	4
SHIFT21 	EQU 	5
SHIFT22 	EQU 	6
SHIFT23 	EQU 	7
SHIFT24 	EQU 	0
SHIFT25 	EQU 	1
SHIFT26 	EQU 	2
SHIFT27 	EQU 	3
SHIFT28 	EQU 	4
SHIFT29 	EQU 	5
SHIFT3 	EQU 	3
SHIFT30 	EQU 	6
SHIFT31 	EQU 	7
SHIFT4 	EQU 	4
SHIFT5 	EQU 	5
SHIFT6 	EQU 	6
SHIFT7 	EQU 	7
SHIFT8 	EQU 	0
SHIFT9 	EQU 	1
SHIFTM 	EQU 	1
SHUTDOWN 	EQU 	7
SLCT0 	EQU 	0
SLCT1 	EQU 	1
SLCT2 	EQU 	2
SLCT3 	EQU 	3
SLEW 	EQU 	6
SLRA0 	EQU 	0
SLRA1 	EQU 	1
SLRA2 	EQU 	2
SLRA3 	EQU 	3
SLRA4 	EQU 	4
SLRA5 	EQU 	5
SLRA6 	EQU 	6
SLRA7 	EQU 	7
SLRB0 	EQU 	0
SLRB1 	EQU 	1
SLRB2 	EQU 	2
SLRB3 	EQU 	3
SLRB4 	EQU 	4
SLRB5 	EQU 	5
SLRB6 	EQU 	6
SLRB7 	EQU 	7
SLRC0 	EQU 	0
SLRC1 	EQU 	1
SLRC2 	EQU 	2
SLRC3 	EQU 	3
SLRC4 	EQU 	4
SLRC5 	EQU 	5
SLRC6 	EQU 	6
SLRC7 	EQU 	7
SLRCONA 	EQU 	7823
SLRCONB 	EQU 	7833
SLRCONC 	EQU 	7843
SMP 	EQU 	7
SMP1 	EQU 	7
SMP2 	EQU 	7
SOI 	EQU 	3
SOR 	EQU 	3
SOSC 	EQU 	0
SOSCEN 	EQU 	3
SOSCPWR0 	EQU 	5
SOSCPWR1 	EQU 	6
SP0 	EQU 	2
SP1BRG 	EQU 	1806
SP1BRGH 	EQU 	1807
SP1BRGL 	EQU 	1806
SP2BRG 	EQU 	1816
SP2BRGH 	EQU 	1817
SP2BRGL 	EQU 	1816
SPEN 	EQU 	7
SREN 	EQU 	5
SSP1ADD 	EQU 	1933
SSP1BUF 	EQU 	1932
SSP1CLKPPS 	EQU 	7751
SSP1CLKPPS0 	EQU 	0
SSP1CLKPPS1 	EQU 	1
SSP1CLKPPS2 	EQU 	2
SSP1CLKPPS3 	EQU 	3
SSP1CLKPPS4 	EQU 	4
SSP1CLKPPS5 	EQU 	5
SSP1CON1 	EQU 	1936
SSP1CON2 	EQU 	1937
SSP1CON3 	EQU 	1938
SSP1DATPPS 	EQU 	7752
SSP1DATPPS0 	EQU 	0
SSP1DATPPS1 	EQU 	1
SSP1DATPPS2 	EQU 	2
SSP1DATPPS3 	EQU 	3
SSP1DATPPS4 	EQU 	4
SSP1DATPPS5 	EQU 	5
SSP1IE 	EQU 	2
SSP1IF 	EQU 	2
SSP1MSK 	EQU 	1934
SSP1MSK_MSK0 	EQU 	0
SSP1MSK_MSK1 	EQU 	1
SSP1MSK_MSK2 	EQU 	2
SSP1MSK_MSK3 	EQU 	3
SSP1MSK_MSK4 	EQU 	4
SSP1MSK_MSK5 	EQU 	5
SSP1MSK_MSK6 	EQU 	6
SSP1MSK_MSK7 	EQU 	7
SSP1SSPPS 	EQU 	7753
SSP1SSPPS0 	EQU 	0
SSP1SSPPS1 	EQU 	1
SSP1SSPPS2 	EQU 	2
SSP1SSPPS3 	EQU 	3
SSP1SSPPS4 	EQU 	4
SSP1SSPPS5 	EQU 	5
SSP1STAT 	EQU 	1935
SSP1STAT_RW1 	EQU 	2
SSP2ADD 	EQU 	1943
SSP2ADD_MSK0 	EQU 	0
SSP2ADD_MSK1 	EQU 	1
SSP2ADD_MSK2 	EQU 	2
SSP2ADD_MSK3 	EQU 	3
SSP2ADD_MSK4 	EQU 	4
SSP2ADD_MSK5 	EQU 	5
SSP2ADD_MSK6 	EQU 	6
SSP2ADD_MSK7 	EQU 	7
SSP2BUF 	EQU 	1942
SSP2CLKPPS 	EQU 	7754
SSP2CON1 	EQU 	1946
SSP2CON1_CKP 	EQU 	4
SSP2CON1_SSPEN 	EQU 	5
SSP2CON1_SSPM0 	EQU 	0
SSP2CON1_SSPM1 	EQU 	1
SSP2CON1_SSPM2 	EQU 	2
SSP2CON1_SSPM3 	EQU 	3
SSP2CON1_SSPOV 	EQU 	6
SSP2CON1_WCOL 	EQU 	7
SSP2CON2 	EQU 	1947
SSP2CON2_ACKDT 	EQU 	5
SSP2CON2_ACKEN 	EQU 	4
SSP2CON2_ACKSTAT 	EQU 	6
SSP2CON2_ADMSK1 	EQU 	1
SSP2CON2_ADMSK2 	EQU 	2
SSP2CON2_ADMSK3 	EQU 	3
SSP2CON2_ADMSK4 	EQU 	4
SSP2CON2_ADMSK5 	EQU 	5
SSP2CON2_GCEN 	EQU 	7
SSP2CON2_PEN 	EQU 	2
SSP2CON2_RCEN 	EQU 	3
SSP2CON2_RSEN 	EQU 	1
SSP2CON2_SEN 	EQU 	0
SSP2CON3 	EQU 	1948
SSP2CON3_ACKTIM 	EQU 	7
SSP2CON3_AHEN 	EQU 	1
SSP2CON3_BOEN 	EQU 	4
SSP2CON3_DHEN 	EQU 	0
SSP2CON3_PCIE 	EQU 	6
SSP2CON3_SBCDE 	EQU 	2
SSP2CON3_SCIE 	EQU 	5
SSP2CON3_SDAHT 	EQU 	3
SSP2DATPPS 	EQU 	7755
SSP2IE 	EQU 	4
SSP2IF 	EQU 	4
SSP2MSK 	EQU 	1944
SSP2MSK_MSK0 	EQU 	0
SSP2MSK_MSK1 	EQU 	1
SSP2MSK_MSK2 	EQU 	2
SSP2MSK_MSK3 	EQU 	3
SSP2MSK_MSK4 	EQU 	4
SSP2MSK_MSK5 	EQU 	5
SSP2MSK_MSK6 	EQU 	6
SSP2MSK_MSK7 	EQU 	7
SSP2SSPPS 	EQU 	7756
SSP2STAT 	EQU 	1945
SSP2STAT_BF 	EQU 	0
SSP2STAT_CKE 	EQU 	6
SSP2STAT_D 	EQU 	5
SSP2STAT_DA 	EQU 	5
SSP2STAT_DATA_ADDRESS 	EQU 	5
SSP2STAT_D_A 	EQU 	5
SSP2STAT_D_NA 	EQU 	5
SSP2STAT_I2C_DAT 	EQU 	5
SSP2STAT_I2C_READ 	EQU 	2
SSP2STAT_I2C_START 	EQU 	3
SSP2STAT_I2C_STOP 	EQU 	4
SSP2STAT_I2C_STOP2 	EQU 	4
SSP2STAT_NA 	EQU 	5
SSP2STAT_NA2 	EQU 	5
SSP2STAT_NADDRESS 	EQU 	5
SSP2STAT_NW 	EQU 	2
SSP2STAT_NW2 	EQU 	2
SSP2STAT_NWRITE 	EQU 	2
SSP2STAT_P 	EQU 	4
SSP2STAT_P2 	EQU 	4
SSP2STAT_R 	EQU 	2
SSP2STAT_READ_WRITE 	EQU 	2
SSP2STAT_RW 	EQU 	2
SSP2STAT_R_NW 	EQU 	2
SSP2STAT_R_W 	EQU 	2
SSP2STAT_S 	EQU 	3
SSP2STAT_S2 	EQU 	3
SSP2STAT_SMP 	EQU 	7
SSP2STAT_START 	EQU 	3
SSP2STAT_STOP 	EQU 	4
SSP2STAT_UA 	EQU 	1
SSPEN 	EQU 	5
SSPEN1 	EQU 	5
SSPEN2 	EQU 	5
SSPM0 	EQU 	0
SSPM01 	EQU 	0
SSPM02 	EQU 	0
SSPM1 	EQU 	1
SSPM11 	EQU 	1
SSPM12 	EQU 	1
SSPM2 	EQU 	2
SSPM21 	EQU 	2
SSPM22 	EQU 	2
SSPM3 	EQU 	3
SSPM31 	EQU 	3
SSPM32 	EQU 	3
SSPOV 	EQU 	6
SSPOV1 	EQU 	6
SSPOV2 	EQU 	6
START 	EQU 	3
START1 	EQU 	3
START2 	EQU 	3
STAT0 	EQU 	0
STAT1 	EQU 	1
STAT2 	EQU 	2
STATE 	EQU 	2
STATUS 	EQU 	3
STATUS_SHAD 	EQU 	8164
STATUS_SHAD0 	EQU 	0
STATUS_SHAD1 	EQU 	1
STATUS_SHAD2 	EQU 	2
STKOVF 	EQU 	7
STKPTR 	EQU 	8173
STKPTR0 	EQU 	0
STKPTR1 	EQU 	1
STKPTR2 	EQU 	2
STKPTR3 	EQU 	3
STKPTR4 	EQU 	4
STKUNF 	EQU 	6
STOP 	EQU 	4
STOP1 	EQU 	4
STOP2 	EQU 	4
STPT0 	EQU 	0
STPT1 	EQU 	1
STPT10 	EQU 	2
STPT11 	EQU 	3
STPT12 	EQU 	4
STPT13 	EQU 	5
STPT15 	EQU 	6
STPT16 	EQU 	7
STPT2 	EQU 	2
STPT3 	EQU 	3
STPT4 	EQU 	4
STPT5 	EQU 	5
STPT6 	EQU 	6
STPT7 	EQU 	7
STPT8 	EQU 	0
STPT9 	EQU 	1
STRA 	EQU 	0
STRB 	EQU 	1
STRC 	EQU 	2
STRD 	EQU 	3
SWDTEN 	EQU 	0
SYNC_CM1CON0 	EQU 	0
SYNC_CMLP1CON0 	EQU 	0
SYNC_TX1STA 	EQU 	4
SYNC_TX2STA 	EQU 	4
SYSCMD 	EQU 	3
T016BIT 	EQU 	4
T0ASYNC 	EQU 	4
T0CKIPPS 	EQU 	7694
T0CKIPPS0 	EQU 	0
T0CKIPPS1 	EQU 	1
T0CKIPPS2 	EQU 	2
T0CKIPPS3 	EQU 	3
T0CKIPPS4 	EQU 	4
T0CKIPPS5 	EQU 	5
T0CKIPPS6 	EQU 	6
T0CKPS0 	EQU 	0
T0CKPS1 	EQU 	1
T0CKPS2 	EQU 	2
T0CKPS3 	EQU 	3
T0CON0 	EQU 	414
T0CON0_EN 	EQU 	7
T0CON1 	EQU 	415
T0CS0 	EQU 	5
T0CS1 	EQU 	6
T0CS2 	EQU 	7
T0EN 	EQU 	7
T0MD16 	EQU 	4
T0OUT 	EQU 	5
T0OUTPS0 	EQU 	0
T0OUTPS1 	EQU 	1
T0OUTPS2 	EQU 	2
T0OUTPS3 	EQU 	3
T0PR0 	EQU 	0
T0PR1 	EQU 	1
T0PR2 	EQU 	2
T0PR3 	EQU 	3
T0PR4 	EQU 	4
T0PR5 	EQU 	5
T0PR6 	EQU 	6
T0PR7 	EQU 	7
T1CKIPPS 	EQU 	7695
T1CKIPPS0 	EQU 	0
T1CKIPPS1 	EQU 	1
T1CKIPPS2 	EQU 	2
T1CKIPPS3 	EQU 	3
T1CKIPPS4 	EQU 	4
T1CKIPPS5 	EQU 	5
T1CKIPPS6 	EQU 	6
T1CKPS0 	EQU 	4
T1CKPS1 	EQU 	5
T1CLK 	EQU 	785
T1CON 	EQU 	782
T1CS0 	EQU 	0
T1CS1 	EQU 	1
T1CS2 	EQU 	2
T1CS3 	EQU 	3
T1CS4 	EQU 	4
T1GATE 	EQU 	784
T1GCON 	EQU 	783
T1GCON_GPOL 	EQU 	6
T1GE 	EQU 	7
T1GGO 	EQU 	3
T1GGO_NDONE 	EQU 	3
T1GPOL 	EQU 	6
T1GPPS 	EQU 	7696
T1GPPS0 	EQU 	0
T1GPPS1 	EQU 	1
T1GPPS2 	EQU 	2
T1GPPS3 	EQU 	3
T1GPPS4 	EQU 	4
T1GPPS5 	EQU 	5
T1GPPS6 	EQU 	6
T1GSPM 	EQU 	4
T1GSS0 	EQU 	0
T1GSS1 	EQU 	1
T1GSS2 	EQU 	2
T1GSS3 	EQU 	3
T1GSS4 	EQU 	4
T1GTM 	EQU 	5
T1GVAL 	EQU 	2
T1RD16 	EQU 	1
T2CKPS0 	EQU 	4
T2CKPS1 	EQU 	5
T2CKPS2 	EQU 	6
T2CLK 	EQU 	912
T2CLKCON 	EQU 	912
T2CLKCON_CS3 	EQU 	3
T2CON 	EQU 	910
T2CON_OUTPS0 	EQU 	0
T2CON_OUTPS1 	EQU 	1
T2CON_OUTPS2 	EQU 	2
T2CON_OUTPS3 	EQU 	3
T2CPOL 	EQU 	6
T2CS0 	EQU 	0
T2CS1 	EQU 	1
T2CS2 	EQU 	2
T2CS3 	EQU 	3
T2CSYNC 	EQU 	5
T2HLT 	EQU 	911
T2HLT_CPOL 	EQU 	6
T2HLT_MODE0 	EQU 	0
T2HLT_MODE1 	EQU 	1
T2HLT_MODE2 	EQU 	2
T2HLT_MODE3 	EQU 	3
T2INPPS 	EQU 	7705
T2INPPS0 	EQU 	0
T2INPPS1 	EQU 	1
T2INPPS2 	EQU 	2
T2INPPS3 	EQU 	3
T2INPPS4 	EQU 	4
T2INPPS5 	EQU 	5
T2INPPS6 	EQU 	6
T2MODE0 	EQU 	0
T2MODE1 	EQU 	1
T2MODE2 	EQU 	2
T2MODE3 	EQU 	3
T2MODE4 	EQU 	4
T2ON 	EQU 	7
T2OUTPS0 	EQU 	0
T2OUTPS1 	EQU 	1
T2OUTPS2 	EQU 	2
T2OUTPS3 	EQU 	3
T2PR 	EQU 	909
T2PSYNC 	EQU 	7
T2RSEL0 	EQU 	0
T2RSEL1 	EQU 	1
T2RSEL2 	EQU 	2
T2RSEL3 	EQU 	3
T2RSEL4 	EQU 	4
T2RST 	EQU 	913
T2TMR 	EQU 	908
T3CKIPPS 	EQU 	7697
T3CKPS0 	EQU 	4
T3CKPS1 	EQU 	5
T3CLK 	EQU 	791
T3CLK_CS3 	EQU 	3
T3CLK_CS4 	EQU 	4
T3CON 	EQU 	788
T3CON_NSYNC 	EQU 	2
T3CON_RD16 	EQU 	1
T3CS0 	EQU 	0
T3CS1 	EQU 	1
T3CS2 	EQU 	2
T3CS3 	EQU 	3
T3CS4 	EQU 	4
T3GATE 	EQU 	790
T3GATE_GSS0 	EQU 	0
T3GATE_GSS1 	EQU 	1
T3GATE_GSS2 	EQU 	2
T3GATE_GSS3 	EQU 	3
T3GATE_GSS4 	EQU 	4
T3GCON 	EQU 	789
T3GCON_GE 	EQU 	7
T3GCON_GGO_NDONE 	EQU 	3
T3GCON_GPOL 	EQU 	6
T3GCON_GSPM 	EQU 	4
T3GCON_GTM 	EQU 	5
T3GCON_GVAL 	EQU 	2
T3GE 	EQU 	7
T3GGO 	EQU 	3
T3GGO_NDONE 	EQU 	3
T3GPOL 	EQU 	6
T3GPPS 	EQU 	7698
T3GSPM 	EQU 	4
T3GSS0 	EQU 	0
T3GSS1 	EQU 	1
T3GSS2 	EQU 	2
T3GSS3 	EQU 	3
T3GSS4 	EQU 	4
T3GTM 	EQU 	5
T3GVAL 	EQU 	2
T3RD16 	EQU 	1
T4CKPS0 	EQU 	4
T4CKPS1 	EQU 	5
T4CKPS2 	EQU 	6
T4CLK 	EQU 	918
T4CLKCON 	EQU 	918
T4CLKCON_CS3 	EQU 	3
T4CON 	EQU 	916
T4CON_OUTPS0 	EQU 	0
T4CON_OUTPS1 	EQU 	1
T4CON_OUTPS2 	EQU 	2
T4CON_OUTPS3 	EQU 	3
T4CPOL 	EQU 	6
T4CS0 	EQU 	0
T4CS1 	EQU 	1
T4CS2 	EQU 	2
T4CS3 	EQU 	3
T4CSYNC 	EQU 	5
T4HLT 	EQU 	917
T4HLT_CKPOL 	EQU 	6
T4HLT_CKSYNC 	EQU 	5
T4HLT_CPOL 	EQU 	6
T4HLT_CSYNC 	EQU 	5
T4HLT_MODE0 	EQU 	0
T4HLT_MODE1 	EQU 	1
T4HLT_MODE2 	EQU 	2
T4HLT_MODE3 	EQU 	3
T4HLT_MODE4 	EQU 	4
T4HLT_PSYNC 	EQU 	7
T4INPPS 	EQU 	7706
T4MODE0 	EQU 	0
T4MODE1 	EQU 	1
T4MODE2 	EQU 	2
T4MODE3 	EQU 	3
T4MODE4 	EQU 	4
T4ON 	EQU 	7
T4OUTPS0 	EQU 	0
T4OUTPS1 	EQU 	1
T4OUTPS2 	EQU 	2
T4OUTPS3 	EQU 	3
T4PR 	EQU 	915
T4PSYNC 	EQU 	7
T4RSEL0 	EQU 	0
T4RSEL1 	EQU 	1
T4RSEL2 	EQU 	2
T4RSEL3 	EQU 	3
T4RSEL4 	EQU 	4
T4RST 	EQU 	919
T4RST_RSEL0 	EQU 	0
T4RST_RSEL1 	EQU 	1
T4RST_RSEL2 	EQU 	2
T4RST_RSEL3 	EQU 	3
T4RST_RSEL4 	EQU 	4
T4TMR 	EQU 	914
T6CKPS0 	EQU 	4
T6CKPS1 	EQU 	5
T6CKPS2 	EQU 	6
T6CLK 	EQU 	924
T6CLKCON 	EQU 	924
T6CLKCON_CS3 	EQU 	3
T6CON 	EQU 	922
T6CON_OUTPS0 	EQU 	0
T6CON_OUTPS1 	EQU 	1
T6CON_OUTPS2 	EQU 	2
T6CON_OUTPS3 	EQU 	3
T6CPOL 	EQU 	6
T6CS0 	EQU 	0
T6CS1 	EQU 	1
T6CS2 	EQU 	2
T6CS3 	EQU 	3
T6CSYNC 	EQU 	5
T6HLT 	EQU 	923
T6HLT_CKPOL 	EQU 	6
T6HLT_CKSYNC 	EQU 	5
T6HLT_CPOL 	EQU 	6
T6HLT_CSYNC 	EQU 	5
T6HLT_MODE0 	EQU 	0
T6HLT_MODE1 	EQU 	1
T6HLT_MODE2 	EQU 	2
T6HLT_MODE3 	EQU 	3
T6HLT_MODE4 	EQU 	4
T6HLT_PSYNC 	EQU 	7
T6INPPS 	EQU 	7707
T6MODE0 	EQU 	0
T6MODE1 	EQU 	1
T6MODE2 	EQU 	2
T6MODE3 	EQU 	3
T6MODE4 	EQU 	4
T6ON 	EQU 	7
T6OUTPS0 	EQU 	0
T6OUTPS1 	EQU 	1
T6OUTPS2 	EQU 	2
T6OUTPS3 	EQU 	3
T6PR 	EQU 	921
T6PSYNC 	EQU 	7
T6RSEL0 	EQU 	0
T6RSEL1 	EQU 	1
T6RSEL2 	EQU 	2
T6RSEL3 	EQU 	3
T6RSEL4 	EQU 	4
T6RST 	EQU 	925
T6RST_RSEL0 	EQU 	0
T6RST_RSEL1 	EQU 	1
T6RST_RSEL2 	EQU 	2
T6RST_RSEL3 	EQU 	3
T6RST_RSEL4 	EQU 	4
T6TMR 	EQU 	920
TEMP 	EQU 	7
TMD0 	EQU 	0
TMD1 	EQU 	1
TMD2 	EQU 	2
TMR0 	EQU 	412
TMR0H 	EQU 	413
TMR0H0 	EQU 	0
TMR0H1 	EQU 	1
TMR0H2 	EQU 	2
TMR0H3 	EQU 	3
TMR0H4 	EQU 	4
TMR0H5 	EQU 	5
TMR0H6 	EQU 	6
TMR0H7 	EQU 	7
TMR0IE 	EQU 	5
TMR0IF 	EQU 	5
TMR0L 	EQU 	412
TMR0L0 	EQU 	0
TMR0L1 	EQU 	1
TMR0L2 	EQU 	2
TMR0L3 	EQU 	3
TMR0L4 	EQU 	4
TMR0L5 	EQU 	5
TMR0L6 	EQU 	6
TMR0L7 	EQU 	7
TMR0MD 	EQU 	7
TMR1 	EQU 	780
TMR10_TMR1 	EQU 	0
TMR110 	EQU 	2
TMR111 	EQU 	3
TMR112 	EQU 	4
TMR113 	EQU 	5
TMR114 	EQU 	6
TMR115 	EQU 	7
TMR11_TMR1 	EQU 	1
TMR12_TMR1 	EQU 	2
TMR13_TMR1 	EQU 	3
TMR14_TMR1 	EQU 	4
TMR15_TMR1 	EQU 	5
TMR16_TMR1 	EQU 	6
TMR17_TMR1 	EQU 	7
TMR18_TMR1H 	EQU 	0
TMR19_TMR1H 	EQU 	1
TMR1CLK 	EQU 	785
TMR1GATE 	EQU 	784
TMR1GIE 	EQU 	7
TMR1GIF 	EQU 	7
TMR1H 	EQU 	781
TMR1H0 	EQU 	0
TMR1H1 	EQU 	1
TMR1H2 	EQU 	2
TMR1H3 	EQU 	3
TMR1H4 	EQU 	4
TMR1H5 	EQU 	5
TMR1H6 	EQU 	6
TMR1H7 	EQU 	7
TMR1IE 	EQU 	6
TMR1IF 	EQU 	6
TMR1L 	EQU 	780
TMR1L0 	EQU 	0
TMR1L1 	EQU 	1
TMR1L2 	EQU 	2
TMR1L3 	EQU 	3
TMR1L4 	EQU 	4
TMR1L5 	EQU 	5
TMR1L6 	EQU 	6
TMR1L7 	EQU 	7
TMR1MD 	EQU 	0
TMR1ON 	EQU 	0
TMR2 	EQU 	908
TMR2IE 	EQU 	2
TMR2IF 	EQU 	2
TMR2MD 	EQU 	2
TMR2ON 	EQU 	7
TMR3 	EQU 	786
TMR30 	EQU 	0
TMR31 	EQU 	1
TMR310 	EQU 	2
TMR311 	EQU 	3
TMR312 	EQU 	4
TMR313 	EQU 	5
TMR314 	EQU 	6
TMR315 	EQU 	7
TMR32 	EQU 	2
TMR33 	EQU 	3
TMR34 	EQU 	4
TMR35 	EQU 	5
TMR36 	EQU 	6
TMR37 	EQU 	7
TMR38 	EQU 	0
TMR39 	EQU 	1
TMR3CLK 	EQU 	791
TMR3GATE 	EQU 	790
TMR3GIE 	EQU 	1
TMR3GIF 	EQU 	1
TMR3H 	EQU 	787
TMR3H0 	EQU 	0
TMR3H1 	EQU 	1
TMR3H2 	EQU 	2
TMR3H3 	EQU 	3
TMR3H4 	EQU 	4
TMR3H5 	EQU 	5
TMR3H6 	EQU 	6
TMR3H7 	EQU 	7
TMR3IE 	EQU 	0
TMR3IF 	EQU 	0
TMR3L 	EQU 	786
TMR3L0 	EQU 	0
TMR3L1 	EQU 	1
TMR3L2 	EQU 	2
TMR3L3 	EQU 	3
TMR3L4 	EQU 	4
TMR3L5 	EQU 	5
TMR3L6 	EQU 	6
TMR3L7 	EQU 	7
TMR3MD 	EQU 	1
TMR3ON 	EQU 	0
TMR4 	EQU 	914
TMR4IE 	EQU 	3
TMR4IF 	EQU 	3
TMR4MD 	EQU 	3
TMR4ON 	EQU 	7
TMR6 	EQU 	920
TMR6IE 	EQU 	4
TMR6IF 	EQU 	4
TMR6MD 	EQU 	4
TMR6ON 	EQU 	7
TOSH 	EQU 	8175
TOSH0 	EQU 	0
TOSH1 	EQU 	1
TOSH2 	EQU 	2
TOSH3 	EQU 	3
TOSH4 	EQU 	4
TOSH5 	EQU 	5
TOSH6 	EQU 	6
TOSH7 	EQU 	7
TOSL 	EQU 	8174
TOSL0 	EQU 	0
TOSL1 	EQU 	1
TOSL2 	EQU 	2
TOSL3 	EQU 	3
TOSL4 	EQU 	4
TOSL5 	EQU 	5
TOSL6 	EQU 	6
TOSL7 	EQU 	7
TRISA 	EQU 	18
TRISA0 	EQU 	0
TRISA1 	EQU 	1
TRISA2 	EQU 	2
TRISA3 	EQU 	3
TRISA4 	EQU 	4
TRISA5 	EQU 	5
TRISA6 	EQU 	6
TRISA7 	EQU 	7
TRISB 	EQU 	19
TRISB0 	EQU 	0
TRISB1 	EQU 	1
TRISB2 	EQU 	2
TRISB3 	EQU 	3
TRISB4 	EQU 	4
TRISB5 	EQU 	5
TRISB6 	EQU 	6
TRISB7 	EQU 	7
TRISC 	EQU 	20
TRISC0 	EQU 	0
TRISC1 	EQU 	1
TRISC2 	EQU 	2
TRISC3 	EQU 	3
TRISC4 	EQU 	4
TRISC5 	EQU 	5
TRISC6 	EQU 	6
TRISC7 	EQU 	7
TRISE 	EQU 	22
TRISE3 	EQU 	3
TRMT 	EQU 	1
TSEN 	EQU 	5
TSRNG 	EQU 	4
TUN0 	EQU 	0
TUN1 	EQU 	1
TUN2 	EQU 	2
TUN3 	EQU 	3
TUN4 	EQU 	4
TUN5 	EQU 	5
TX1CKPPS 	EQU 	7745
TX1IE 	EQU 	6
TX1IF 	EQU 	6
TX1REG 	EQU 	1805
TX1STA 	EQU 	1809
TX2CKPPS 	EQU 	7747
TX2IE 	EQU 	0
TX2IF 	EQU 	0
TX2REG 	EQU 	1815
TX2STA 	EQU 	1819
TX2STA_BRGH 	EQU 	2
TX2STA_CSRC 	EQU 	7
TX2STA_SENDB 	EQU 	3
TX2STA_TRMT 	EQU 	1
TX2STA_TX9 	EQU 	6
TX2STA_TX9D 	EQU 	0
TX2STA_TXEN 	EQU 	5
TX9 	EQU 	6
TX9D 	EQU 	0
TXEN 	EQU 	5
UA 	EQU 	1
UA1 	EQU 	1
UA2 	EQU 	1
UART1MD 	EQU 	1
UART2MD 	EQU 	2
UG 	EQU 	3
UG0 	EQU 	3
UMTOAH 	EQU 	7950
UMTOAL 	EQU 	7949
UMTOAP 	EQU 	7948
UTH0 	EQU 	0
UTH1 	EQU 	1
UTH10 	EQU 	2
UTH11 	EQU 	3
UTH12 	EQU 	4
UTH13 	EQU 	5
UTH14 	EQU 	6
UTH15 	EQU 	7
UTH2 	EQU 	2
UTH3 	EQU 	3
UTH4 	EQU 	4
UTH5 	EQU 	5
UTH6 	EQU 	6
UTH7 	EQU 	7
UTH8 	EQU 	0
UTH9 	EQU 	1
UTHR 	EQU 	6
VLPCON 	EQU 	526
VLPDACEN 	EQU 	6
VLPDACV 	EQU 	527
VLPDACV0 	EQU 	0
VLPDACV1 	EQU 	1
VLPDACV2 	EQU 	2
VLPDACV3 	EQU 	3
VLPDACV4 	EQU 	4
VLPDACV5 	EQU 	5
VLPDOP 	EQU 	0
VLPDSEL 	EQU 	1
VLPEN 	EQU 	7
VLPRDY 	EQU 	5
VREFLP 	EQU 	7
VREFLPDAC 	EQU 	6
VREFLPMD 	EQU 	1
W 	EQU 	0
WCOL 	EQU 	7
WCOL1 	EQU 	7
WCOL2 	EQU 	7
WDTCON0 	EQU 	396
WDTCON0_SEN 	EQU 	0
WDTCON1 	EQU 	397
WDTCS0 	EQU 	4
WDTCS1 	EQU 	5
WDTCS2 	EQU 	6
WDTPS 	EQU 	398
WDTPS0 	EQU 	1
WDTPS1 	EQU 	2
WDTPS2 	EQU 	3
WDTPS3 	EQU 	4
WDTPS4 	EQU 	5
WDTPSCNT16 	EQU 	0
WDTPSCNT17 	EQU 	1
WDTPSH 	EQU 	399
WDTPSL 	EQU 	398
WDTSEN 	EQU 	0
WDTSTATE 	EQU 	2
WDTTMR 	EQU 	400
WDTTMR0 	EQU 	3
WDTTMR1 	EQU 	4
WDTTMR2 	EQU 	5
WDTTMR3 	EQU 	6
WDTTMR4 	EQU 	7
WDTWINDOW0 	EQU 	0
WDTWINDOW1 	EQU 	1
WDTWINDOW2 	EQU 	2
WINDOW0 	EQU 	0
WINDOW1 	EQU 	1
WINDOW2 	EQU 	2
WPUA 	EQU 	7821
WPUA0 	EQU 	0
WPUA1 	EQU 	1
WPUA2 	EQU 	2
WPUA3 	EQU 	3
WPUA4 	EQU 	4
WPUA5 	EQU 	5
WPUA6 	EQU 	6
WPUA7 	EQU 	7
WPUB 	EQU 	7831
WPUB0 	EQU 	0
WPUB1 	EQU 	1
WPUB2 	EQU 	2
WPUB3 	EQU 	3
WPUB4 	EQU 	4
WPUB5 	EQU 	5
WPUB6 	EQU 	6
WPUB7 	EQU 	7
WPUC 	EQU 	7841
WPUC0 	EQU 	0
WPUC1 	EQU 	1
WPUC2 	EQU 	2
WPUC3 	EQU 	3
WPUC4 	EQU 	4
WPUC5 	EQU 	5
WPUC6 	EQU 	6
WPUC7 	EQU 	7
WPUE 	EQU 	7861
WPUE3 	EQU 	3
WR 	EQU 	1
WREG 	EQU 	9
WREG_SHAD 	EQU 	8165
WREN 	EQU 	2
WRERR 	EQU 	3
WUE 	EQU 	1
XOR0 	EQU 	0
XOR1 	EQU 	1
XOR10 	EQU 	2
XOR11 	EQU 	3
XOR12 	EQU 	4
XOR13 	EQU 	5
XOR14 	EQU 	6
XOR15 	EQU 	7
XOR16 	EQU 	0
XOR17 	EQU 	1
XOR18 	EQU 	2
XOR19 	EQU 	3
XOR2 	EQU 	2
XOR20 	EQU 	4
XOR21 	EQU 	5
XOR22 	EQU 	6
XOR23 	EQU 	7
XOR24 	EQU 	0
XOR25 	EQU 	1
XOR26 	EQU 	2
XOR27 	EQU 	3
XOR28 	EQU 	4
XOR29 	EQU 	5
XOR3 	EQU 	3
XOR30 	EQU 	6
XOR31 	EQU 	7
XOR4 	EQU 	4
XOR5 	EQU 	5
XOR6 	EQU 	6
XOR7 	EQU 	7
XOR8 	EQU 	0
XOR9 	EQU 	1
Z 	EQU 	2
ZCD 	EQU 	7
ZCDCON 	EQU 	543
ZCDCON_SEN 	EQU 	7
ZCDIE 	EQU 	2
ZCDIF 	EQU 	2
ZCDINTN 	EQU 	0
ZCDINTP 	EQU 	1
ZCDMD 	EQU 	7
ZCDOUT 	EQU 	5
ZCDPOL 	EQU 	4
ZCDSEN 	EQU 	7
ZERO 	EQU 	2

Code:
Loc	Obj Code	Original Assembly

	K	 11 0001 1KKK KKKK	0
000000	3180	PAGESEL BASPROGRAMSTART
	K	 10 1KKK KKKK KKKK	5
000001	2805	GOTO BASPROGRAMSTART

000004	0009	RETFIE



		BASPROGRAMSTART
	K	 10 0KKK KKKK KKKK	10
000005	200A	CALL INITSYS

	F	 01 00BB BFFF FFFF	19
	B	 01 00BB B001 0011	0
000006	1013	BCF TRISB,0
	F	 01 01BB BFFF FFFF	25
	B	 01 01BB B001 1001	0
000007	1419	BSF LATB,0
		BASPROGRAMEND
000008	0063	SLEEP
	K	 10 1KKK KKKK KKKK	8
000009	2808	GOTO BASPROGRAMEND


		INITSYS
	K	 11 0000 KKKK KKKK	96
00000A	3060	MOVLW 96
	K	00 0001 01KK KKKK	5
000000	0145	BANKSEL OSCCON1
	F	 00 0000 1FFF FFFF	653
00000C	008D	MOVWF OSCCON1
	F	 00 0001 1FFF FFFF	655
00000D	018F	CLRF OSCCON3
	F	 00 0001 1FFF FFFF	657
00000E	0191	CLRF OSCEN
	F	 00 0001 1FFF FFFF	658
00000F	0192	CLRF OSCTUNE
	K	 11 0000 KKKK KKKK	6
000010	3006	MOVLW 6
	F	 00 0000 1FFF FFFF	659
000011	0093	MOVWF OSCFRQ
	K	00 0001 01KK KKKK	58
000000	017A	BANKSEL ADCON0
	F	 01 00BB BFFF FFFF	7462
	B	 01 00BB B010 0110	2
000013	1126	BCF ADCON0,ADFM0
	F	 01 00BB BFFF FFFF	7462
	B	 01 00BB B010 0110	7
000014	13A6	BCF ADCON0,ADON
	K	00 0001 01KK KKKK	61
000000	017D	BANKSEL ANSELA
	F	 00 0001 1FFF FFFF	7820
000016	018C	CLRF ANSELA
	F	 00 0001 1FFF FFFF	7830
000017	0196	CLRF ANSELB
	F	 00 0001 1FFF FFFF	7840
000018	01A0	CLRF ANSELC
	K	00 0001 01KK KKKK	16
000000	0150	BANKSEL CM1CON0
	F	 01 00BB BFFF FFFF	2060
	B	 01 00BB B000 1100	7
00001A	138C	BCF CM1CON0,C1EN
	K	00 0001 01KK KKKK	0
000000	0140	BANKSEL PORTA
	F	 00 0001 1FFF FFFF	12
00001C	018C	CLRF PORTA
	F	 00 0001 1FFF FFFF	13
00001D	018D	CLRF PORTB
	F	 00 0001 1FFF FFFF	14
00001E	018E	CLRF PORTC
	F	 00 0001 1FFF FFFF	16
00001F	0190	CLRF PORTE
000020	0008	RETURN









